<!doctype html public "-//w3c//dtd html 4.0 transitional//en">
<html><head>
<title>Static Call Graph - [..\OBJ\MPU6050.axf]</title></head>
<body><HR>
<H1>Static Call Graph for image ..\OBJ\MPU6050.axf</H1><HR>
<BR><P>#&#060CALLGRAPH&#062# ARM Linker, 5060061: Last Updated: Thu Nov 11 18:48:06 2021
<BR><P>
<H3>Maximum Stack Usage =        840 bytes + Unknown(Cycles, Untraceable Function Pointers)</H3><H3>
Call chain for Maximum Stack Depth:</H3>
main &rArr; mpu_dmp_init &rArr; run_self_test &rArr; mpu_run_6500_self_test &rArr; get_st_6500_biases &rArr; __aeabi_ldivmod &rArr; __aeabi_uldivmod
<P>
<H3>
Mutually Recursive functions
</H3> <LI><a href="#[1d]">ADC_IRQHandler</a>&nbsp;&nbsp;&nbsp;&rArr;&nbsp;&nbsp;&nbsp;<a href="#[1d]">ADC_IRQHandler</a><BR>
</UL>
<P>
<H3>
Function Pointers
</H3><UL>
 <LI><a href="#[1d]">ADC_IRQHandler</a> from startup_stm32f40_41xxx.o(.text) referenced from startup_stm32f40_41xxx.o(RESET)
 <LI><a href="#[5]">BusFault_Handler</a> from stm32f4xx_it.o(.text) referenced from startup_stm32f40_41xxx.o(RESET)
 <LI><a href="#[1f]">CAN1_RX0_IRQHandler</a> from startup_stm32f40_41xxx.o(.text) referenced from startup_stm32f40_41xxx.o(RESET)
 <LI><a href="#[20]">CAN1_RX1_IRQHandler</a> from startup_stm32f40_41xxx.o(.text) referenced from startup_stm32f40_41xxx.o(RESET)
 <LI><a href="#[21]">CAN1_SCE_IRQHandler</a> from startup_stm32f40_41xxx.o(.text) referenced from startup_stm32f40_41xxx.o(RESET)
 <LI><a href="#[1e]">CAN1_TX_IRQHandler</a> from startup_stm32f40_41xxx.o(.text) referenced from startup_stm32f40_41xxx.o(RESET)
 <LI><a href="#[4b]">CAN2_RX0_IRQHandler</a> from startup_stm32f40_41xxx.o(.text) referenced from startup_stm32f40_41xxx.o(RESET)
 <LI><a href="#[4c]">CAN2_RX1_IRQHandler</a> from startup_stm32f40_41xxx.o(.text) referenced from startup_stm32f40_41xxx.o(RESET)
 <LI><a href="#[4d]">CAN2_SCE_IRQHandler</a> from startup_stm32f40_41xxx.o(.text) referenced from startup_stm32f40_41xxx.o(RESET)
 <LI><a href="#[4a]">CAN2_TX_IRQHandler</a> from startup_stm32f40_41xxx.o(.text) referenced from startup_stm32f40_41xxx.o(RESET)
 <LI><a href="#[5a]">CRYP_IRQHandler</a> from startup_stm32f40_41xxx.o(.text) referenced from startup_stm32f40_41xxx.o(RESET)
 <LI><a href="#[59]">DCMI_IRQHandler</a> from startup_stm32f40_41xxx.o(.text) referenced from startup_stm32f40_41xxx.o(RESET)
 <LI><a href="#[16]">DMA1_Stream0_IRQHandler</a> from startup_stm32f40_41xxx.o(.text) referenced from startup_stm32f40_41xxx.o(RESET)
 <LI><a href="#[17]">DMA1_Stream1_IRQHandler</a> from startup_stm32f40_41xxx.o(.text) referenced from startup_stm32f40_41xxx.o(RESET)
 <LI><a href="#[18]">DMA1_Stream2_IRQHandler</a> from startup_stm32f40_41xxx.o(.text) referenced from startup_stm32f40_41xxx.o(RESET)
 <LI><a href="#[19]">DMA1_Stream3_IRQHandler</a> from usart3dma.o(.text) referenced from startup_stm32f40_41xxx.o(RESET)
 <LI><a href="#[1a]">DMA1_Stream4_IRQHandler</a> from usart4dma.o(.text) referenced from startup_stm32f40_41xxx.o(RESET)
 <LI><a href="#[1b]">DMA1_Stream5_IRQHandler</a> from startup_stm32f40_41xxx.o(.text) referenced from startup_stm32f40_41xxx.o(RESET)
 <LI><a href="#[1c]">DMA1_Stream6_IRQHandler</a> from usart2dma.o(.text) referenced from startup_stm32f40_41xxx.o(RESET)
 <LI><a href="#[3a]">DMA1_Stream7_IRQHandler</a> from startup_stm32f40_41xxx.o(.text) referenced from startup_stm32f40_41xxx.o(RESET)
 <LI><a href="#[43]">DMA2_Stream0_IRQHandler</a> from startup_stm32f40_41xxx.o(.text) referenced from startup_stm32f40_41xxx.o(RESET)
 <LI><a href="#[44]">DMA2_Stream1_IRQHandler</a> from startup_stm32f40_41xxx.o(.text) referenced from startup_stm32f40_41xxx.o(RESET)
 <LI><a href="#[45]">DMA2_Stream2_IRQHandler</a> from startup_stm32f40_41xxx.o(.text) referenced from startup_stm32f40_41xxx.o(RESET)
 <LI><a href="#[46]">DMA2_Stream3_IRQHandler</a> from startup_stm32f40_41xxx.o(.text) referenced from startup_stm32f40_41xxx.o(RESET)
 <LI><a href="#[47]">DMA2_Stream4_IRQHandler</a> from startup_stm32f40_41xxx.o(.text) referenced from startup_stm32f40_41xxx.o(RESET)
 <LI><a href="#[4f]">DMA2_Stream5_IRQHandler</a> from startup_stm32f40_41xxx.o(.text) referenced from startup_stm32f40_41xxx.o(RESET)
 <LI><a href="#[50]">DMA2_Stream6_IRQHandler</a> from startup_stm32f40_41xxx.o(.text) referenced from startup_stm32f40_41xxx.o(RESET)
 <LI><a href="#[51]">DMA2_Stream7_IRQHandler</a> from usartdma.o(.text) referenced from startup_stm32f40_41xxx.o(RESET)
 <LI><a href="#[8]">DebugMon_Handler</a> from stm32f4xx_it.o(.text) referenced from startup_stm32f40_41xxx.o(RESET)
 <LI><a href="#[48]">ETH_IRQHandler</a> from startup_stm32f40_41xxx.o(.text) referenced from startup_stm32f40_41xxx.o(RESET)
 <LI><a href="#[49]">ETH_WKUP_IRQHandler</a> from startup_stm32f40_41xxx.o(.text) referenced from startup_stm32f40_41xxx.o(RESET)
 <LI><a href="#[11]">EXTI0_IRQHandler</a> from exti.o(.text) referenced from startup_stm32f40_41xxx.o(RESET)
 <LI><a href="#[33]">EXTI15_10_IRQHandler</a> from exti.o(.text) referenced from startup_stm32f40_41xxx.o(RESET)
 <LI><a href="#[12]">EXTI1_IRQHandler</a> from exti.o(.text) referenced from startup_stm32f40_41xxx.o(RESET)
 <LI><a href="#[13]">EXTI2_IRQHandler</a> from exti.o(.text) referenced from startup_stm32f40_41xxx.o(RESET)
 <LI><a href="#[14]">EXTI3_IRQHandler</a> from exti.o(.text) referenced from startup_stm32f40_41xxx.o(RESET)
 <LI><a href="#[15]">EXTI4_IRQHandler</a> from startup_stm32f40_41xxx.o(.text) referenced from startup_stm32f40_41xxx.o(RESET)
 <LI><a href="#[22]">EXTI9_5_IRQHandler</a> from exti.o(.text) referenced from startup_stm32f40_41xxx.o(RESET)
 <LI><a href="#[f]">FLASH_IRQHandler</a> from startup_stm32f40_41xxx.o(.text) referenced from startup_stm32f40_41xxx.o(RESET)
 <LI><a href="#[5c]">FPU_IRQHandler</a> from startup_stm32f40_41xxx.o(.text) referenced from startup_stm32f40_41xxx.o(RESET)
 <LI><a href="#[3b]">FSMC_IRQHandler</a> from startup_stm32f40_41xxx.o(.text) referenced from startup_stm32f40_41xxx.o(RESET)
 <LI><a href="#[5b]">HASH_RNG_IRQHandler</a> from startup_stm32f40_41xxx.o(.text) referenced from startup_stm32f40_41xxx.o(RESET)
 <LI><a href="#[3]">HardFault_Handler</a> from stm32f4xx_it.o(.text) referenced from startup_stm32f40_41xxx.o(RESET)
 <LI><a href="#[2b]">I2C1_ER_IRQHandler</a> from startup_stm32f40_41xxx.o(.text) referenced from startup_stm32f40_41xxx.o(RESET)
 <LI><a href="#[2a]">I2C1_EV_IRQHandler</a> from startup_stm32f40_41xxx.o(.text) referenced from startup_stm32f40_41xxx.o(RESET)
 <LI><a href="#[2d]">I2C2_ER_IRQHandler</a> from startup_stm32f40_41xxx.o(.text) referenced from startup_stm32f40_41xxx.o(RESET)
 <LI><a href="#[2c]">I2C2_EV_IRQHandler</a> from startup_stm32f40_41xxx.o(.text) referenced from startup_stm32f40_41xxx.o(RESET)
 <LI><a href="#[54]">I2C3_ER_IRQHandler</a> from startup_stm32f40_41xxx.o(.text) referenced from startup_stm32f40_41xxx.o(RESET)
 <LI><a href="#[53]">I2C3_EV_IRQHandler</a> from startup_stm32f40_41xxx.o(.text) referenced from startup_stm32f40_41xxx.o(RESET)
 <LI><a href="#[4]">MemManage_Handler</a> from stm32f4xx_it.o(.text) referenced from startup_stm32f40_41xxx.o(RESET)
 <LI><a href="#[2]">NMI_Handler</a> from stm32f4xx_it.o(.text) referenced from startup_stm32f40_41xxx.o(RESET)
 <LI><a href="#[4e]">OTG_FS_IRQHandler</a> from startup_stm32f40_41xxx.o(.text) referenced from startup_stm32f40_41xxx.o(RESET)
 <LI><a href="#[35]">OTG_FS_WKUP_IRQHandler</a> from startup_stm32f40_41xxx.o(.text) referenced from startup_stm32f40_41xxx.o(RESET)
 <LI><a href="#[56]">OTG_HS_EP1_IN_IRQHandler</a> from startup_stm32f40_41xxx.o(.text) referenced from startup_stm32f40_41xxx.o(RESET)
 <LI><a href="#[55]">OTG_HS_EP1_OUT_IRQHandler</a> from startup_stm32f40_41xxx.o(.text) referenced from startup_stm32f40_41xxx.o(RESET)
 <LI><a href="#[58]">OTG_HS_IRQHandler</a> from startup_stm32f40_41xxx.o(.text) referenced from startup_stm32f40_41xxx.o(RESET)
 <LI><a href="#[57]">OTG_HS_WKUP_IRQHandler</a> from startup_stm32f40_41xxx.o(.text) referenced from startup_stm32f40_41xxx.o(RESET)
 <LI><a href="#[c]">PVD_IRQHandler</a> from startup_stm32f40_41xxx.o(.text) referenced from startup_stm32f40_41xxx.o(RESET)
 <LI><a href="#[9]">PendSV_Handler</a> from stm32f4xx_it.o(.text) referenced from startup_stm32f40_41xxx.o(RESET)
 <LI><a href="#[10]">RCC_IRQHandler</a> from startup_stm32f40_41xxx.o(.text) referenced from startup_stm32f40_41xxx.o(RESET)
 <LI><a href="#[34]">RTC_Alarm_IRQHandler</a> from startup_stm32f40_41xxx.o(.text) referenced from startup_stm32f40_41xxx.o(RESET)
 <LI><a href="#[e]">RTC_WKUP_IRQHandler</a> from startup_stm32f40_41xxx.o(.text) referenced from startup_stm32f40_41xxx.o(RESET)
 <LI><a href="#[1]">Reset_Handler</a> from startup_stm32f40_41xxx.o(.text) referenced from startup_stm32f40_41xxx.o(RESET)
 <LI><a href="#[3c]">SDIO_IRQHandler</a> from startup_stm32f40_41xxx.o(.text) referenced from startup_stm32f40_41xxx.o(RESET)
 <LI><a href="#[2e]">SPI1_IRQHandler</a> from startup_stm32f40_41xxx.o(.text) referenced from startup_stm32f40_41xxx.o(RESET)
 <LI><a href="#[2f]">SPI2_IRQHandler</a> from startup_stm32f40_41xxx.o(.text) referenced from startup_stm32f40_41xxx.o(RESET)
 <LI><a href="#[3e]">SPI3_IRQHandler</a> from startup_stm32f40_41xxx.o(.text) referenced from startup_stm32f40_41xxx.o(RESET)
 <LI><a href="#[7]">SVC_Handler</a> from stm32f4xx_it.o(.text) referenced from startup_stm32f40_41xxx.o(RESET)
 <LI><a href="#[a]">SysTick_Handler</a> from stm32f4xx_it.o(.text) referenced from startup_stm32f40_41xxx.o(RESET)
 <LI><a href="#[5e]">SystemInit</a> from system_stm32f4xx.o(.text) referenced from startup_stm32f40_41xxx.o(.text)
 <LI><a href="#[d]">TAMP_STAMP_IRQHandler</a> from startup_stm32f40_41xxx.o(.text) referenced from startup_stm32f40_41xxx.o(RESET)
 <LI><a href="#[23]">TIM1_BRK_TIM9_IRQHandler</a> from startup_stm32f40_41xxx.o(.text) referenced from startup_stm32f40_41xxx.o(RESET)
 <LI><a href="#[26]">TIM1_CC_IRQHandler</a> from startup_stm32f40_41xxx.o(.text) referenced from startup_stm32f40_41xxx.o(RESET)
 <LI><a href="#[25]">TIM1_TRG_COM_TIM11_IRQHandler</a> from startup_stm32f40_41xxx.o(.text) referenced from startup_stm32f40_41xxx.o(RESET)
 <LI><a href="#[24]">TIM1_UP_TIM10_IRQHandler</a> from startup_stm32f40_41xxx.o(.text) referenced from startup_stm32f40_41xxx.o(RESET)
 <LI><a href="#[27]">TIM2_IRQHandler</a> from startup_stm32f40_41xxx.o(.text) referenced from startup_stm32f40_41xxx.o(RESET)
 <LI><a href="#[28]">TIM3_IRQHandler</a> from startup_stm32f40_41xxx.o(.text) referenced from startup_stm32f40_41xxx.o(RESET)
 <LI><a href="#[29]">TIM4_IRQHandler</a> from startup_stm32f40_41xxx.o(.text) referenced from startup_stm32f40_41xxx.o(RESET)
 <LI><a href="#[3d]">TIM5_IRQHandler</a> from sonic.o(.text) referenced from startup_stm32f40_41xxx.o(RESET)
 <LI><a href="#[41]">TIM6_DAC_IRQHandler</a> from bujin.o(.text) referenced from startup_stm32f40_41xxx.o(RESET)
 <LI><a href="#[42]">TIM7_IRQHandler</a> from control.o(.text) referenced from startup_stm32f40_41xxx.o(RESET)
 <LI><a href="#[36]">TIM8_BRK_TIM12_IRQHandler</a> from startup_stm32f40_41xxx.o(.text) referenced from startup_stm32f40_41xxx.o(RESET)
 <LI><a href="#[39]">TIM8_CC_IRQHandler</a> from startup_stm32f40_41xxx.o(.text) referenced from startup_stm32f40_41xxx.o(RESET)
 <LI><a href="#[38]">TIM8_TRG_COM_TIM14_IRQHandler</a> from startup_stm32f40_41xxx.o(.text) referenced from startup_stm32f40_41xxx.o(RESET)
 <LI><a href="#[37]">TIM8_UP_TIM13_IRQHandler</a> from startup_stm32f40_41xxx.o(.text) referenced from startup_stm32f40_41xxx.o(RESET)
 <LI><a href="#[3f]">UART4_IRQHandler</a> from usart4dma.o(.text) referenced from startup_stm32f40_41xxx.o(RESET)
 <LI><a href="#[40]">UART5_IRQHandler</a> from startup_stm32f40_41xxx.o(.text) referenced from startup_stm32f40_41xxx.o(RESET)
 <LI><a href="#[30]">USART1_IRQHandler</a> from usartdma.o(.text) referenced from startup_stm32f40_41xxx.o(RESET)
 <LI><a href="#[31]">USART2_IRQHandler</a> from usart2dma.o(.text) referenced from startup_stm32f40_41xxx.o(RESET)
 <LI><a href="#[32]">USART3_IRQHandler</a> from usart3dma.o(.text) referenced from startup_stm32f40_41xxx.o(RESET)
 <LI><a href="#[52]">USART6_IRQHandler</a> from startup_stm32f40_41xxx.o(.text) referenced from startup_stm32f40_41xxx.o(RESET)
 <LI><a href="#[6]">UsageFault_Handler</a> from stm32f4xx_it.o(.text) referenced from startup_stm32f40_41xxx.o(RESET)
 <LI><a href="#[b]">WWDG_IRQHandler</a> from startup_stm32f40_41xxx.o(.text) referenced from startup_stm32f40_41xxx.o(RESET)
 <LI><a href="#[5f]">__main</a> from entry.o(.ARM.Collect$$$$00000000) referenced from startup_stm32f40_41xxx.o(.text)
 <LI><a href="#[69]">_sputc</a> from printfa.o(i._sputc) referenced from printfa.o(i.__0vsprintf)
 <LI><a href="#[68]">fputc</a> from usart.o(.text) referenced from printfa.o(i.__0printf)
 <LI><a href="#[2fb]">inv_auto_calibrate</a> from accel_auto_cal.o(.text) referenced 3 times from accel_auto_cal.o(.text)
 <LI><a href="#[63]">inv_db_load_func</a> from data_builder.o(.text) referenced from data_builder.o(.text)
 <LI><a href="#[62]">inv_db_save_func</a> from data_builder.o(.text) referenced from data_builder.o(.text)
 <LI><a href="#[60]">inv_generate_eMPL_outputs</a> from empl_outputs.o(.text) referenced from empl_outputs.o(.text)
 <LI><a href="#[2aa]">inv_generate_fast_nomot</a> from fast_no_motion.o(.text) referenced 2 times from fast_no_motion.o(.text)
 <LI><a href="#[22d]">inv_generate_hal_outputs</a> from hal_outputs.o(.text) referenced 2 times from hal_outputs.o(.text)
 <LI><a href="#[67]">inv_generate_quaternion</a> from quaternion_supervisor.o(.text) referenced from quaternion_supervisor.o(.text)
 <LI><a href="#[25f]">inv_generate_results</a> from results_holder.o(.text) referenced from results_holder.o(.text)
 <LI><a href="#[293]">inv_generate_vector_compass_cal</a> from compass_vec_cal.o(.text) referenced 3 times from compass_vec_cal.o(.text)
 <LI><a href="#[64]">inv_gtc_data_cb</a> from gyro_tc.o(.text) referenced from gyro_tc.o(.text)
 <LI><a href="#[66]">inv_gtc_load</a> from gyro_tc.o(.text) referenced from gyro_tc.o(.text)
 <LI><a href="#[65]">inv_gtc_store</a> from gyro_tc.o(.text) referenced from gyro_tc.o(.text)
 <LI><a href="#[2db]">inv_magnetic_disturbance_process</a> from mag_disturb.o(.text) referenced 4 times from mag_disturb.o(.text)
 <LI><a href="#[2c0]">inv_process_9x_sensor_fusion_cb</a> from fusion_9axis.o(.text) referenced 2 times from fusion_9axis.o(.text)
 <LI><a href="#[2c2]">inv_start_9x_sensor_fusion</a> from fusion_9axis.o(.text) referenced 2 times from fusion_9axis.o(.text)
 <LI><a href="#[61]">inv_start_eMPL_outputs</a> from empl_outputs.o(.text) referenced from empl_outputs.o(.text)
 <LI><a href="#[2b3]">inv_start_fast_nomot</a> from fast_no_motion.o(.text) referenced 2 times from fast_no_motion.o(.text)
 <LI><a href="#[2cc]">inv_start_gyro_tc</a> from gyro_tc.o(.text) referenced 2 times from gyro_tc.o(.text)
 <LI><a href="#[231]">inv_start_hal_outputs</a> from hal_outputs.o(.text) referenced 2 times from hal_outputs.o(.text)
 <LI><a href="#[2fe]">inv_start_in_use_auto_calibration</a> from accel_auto_cal.o(.text) referenced 2 times from accel_auto_cal.o(.text)
 <LI><a href="#[2dd]">inv_start_magnetic_disturbance</a> from mag_disturb.o(.text) referenced from mag_disturb.o(.text)
 <LI><a href="#[2ed]">inv_start_quaternion</a> from quaternion_supervisor.o(.text) referenced 2 times from quaternion_supervisor.o(.text)
 <LI><a href="#[260]">inv_start_results_holder</a> from results_holder.o(.text) referenced from results_holder.o(.text)
 <LI><a href="#[295]">inv_start_vector_compass_cal</a> from compass_vec_cal.o(.text) referenced 2 times from compass_vec_cal.o(.text)
 <LI><a href="#[5d]">main</a> from main.o(.text) referenced from entry9a.o(.ARM.Collect$$$$0000000B)
</UL>
<P>
<H3>
Global Symbols
</H3>
<P><STRONG><a name="[5f]"></a>__main</STRONG> (Thumb, 0 bytes, Stack size unknown bytes, entry.o(.ARM.Collect$$$$00000000))
<BR>[Address Reference Count : 1]<UL><LI> startup_stm32f40_41xxx.o(.text)
</UL>
<P><STRONG><a name="[32d]"></a>_main_stk</STRONG> (Thumb, 0 bytes, Stack size unknown bytes, entry2.o(.ARM.Collect$$$$00000001))

<P><STRONG><a name="[6a]"></a>_main_scatterload</STRONG> (Thumb, 0 bytes, Stack size unknown bytes, entry5.o(.ARM.Collect$$$$00000004))
<BR><BR>[Calls]<UL><LI><a href="#[6b]">&gt;&gt;</a>&nbsp;&nbsp;&nbsp;__scatterload
</UL>

<P><STRONG><a name="[30d]"></a>__main_after_scatterload</STRONG> (Thumb, 0 bytes, Stack size unknown bytes, entry5.o(.ARM.Collect$$$$00000004))
<BR><BR>[Called By]<UL><LI><a href="#[6b]">&gt;&gt;</a>&nbsp;&nbsp;&nbsp;__scatterload
</UL>

<P><STRONG><a name="[32e]"></a>_main_clock</STRONG> (Thumb, 0 bytes, Stack size unknown bytes, entry7b.o(.ARM.Collect$$$$00000008))

<P><STRONG><a name="[32f]"></a>_main_cpp_init</STRONG> (Thumb, 0 bytes, Stack size unknown bytes, entry8b.o(.ARM.Collect$$$$0000000A))

<P><STRONG><a name="[330]"></a>_main_init</STRONG> (Thumb, 0 bytes, Stack size unknown bytes, entry9a.o(.ARM.Collect$$$$0000000B))

<P><STRONG><a name="[331]"></a>__rt_final_cpp</STRONG> (Thumb, 0 bytes, Stack size unknown bytes, entry10a.o(.ARM.Collect$$$$0000000D))

<P><STRONG><a name="[332]"></a>__rt_final_exit</STRONG> (Thumb, 0 bytes, Stack size unknown bytes, entry11a.o(.ARM.Collect$$$$0000000F))

<P><STRONG><a name="[5d]"></a>main</STRONG> (Thumb, 2880 bytes, Stack size 0 bytes, main.o(.text))
<BR><BR>[Stack]<UL><LI>Max Depth = 840<LI>Call Chain = main &rArr; mpu_dmp_init &rArr; run_self_test &rArr; mpu_run_6500_self_test &rArr; get_st_6500_biases &rArr; __aeabi_ldivmod &rArr; __aeabi_uldivmod
</UL>
<BR>[Calls]<UL><LI><a href="#[8d]">&gt;&gt;</a>&nbsp;&nbsp;&nbsp;turn_F_R
<LI><a href="#[84]">&gt;&gt;</a>&nbsp;&nbsp;&nbsp;turn_F_L
<LI><a href="#[90]">&gt;&gt;</a>&nbsp;&nbsp;&nbsp;turn_B_R
<LI><a href="#[8a]">&gt;&gt;</a>&nbsp;&nbsp;&nbsp;turn_B_L
<LI><a href="#[9b]">&gt;&gt;</a>&nbsp;&nbsp;&nbsp;turn_3_R
<LI><a href="#[9e]">&gt;&gt;</a>&nbsp;&nbsp;&nbsp;turn_3_L
<LI><a href="#[97]">&gt;&gt;</a>&nbsp;&nbsp;&nbsp;turn_3_8
<LI><a href="#[96]">&gt;&gt;</a>&nbsp;&nbsp;&nbsp;turn_3_7
<LI><a href="#[98]">&gt;&gt;</a>&nbsp;&nbsp;&nbsp;turn_3_6
<LI><a href="#[a0]">&gt;&gt;</a>&nbsp;&nbsp;&nbsp;turn_3_5
<LI><a href="#[9d]">&gt;&gt;</a>&nbsp;&nbsp;&nbsp;turn_3_4
<LI><a href="#[9c]">&gt;&gt;</a>&nbsp;&nbsp;&nbsp;turn_3_3
<LI><a href="#[93]">&gt;&gt;</a>&nbsp;&nbsp;&nbsp;turn_3_10
<LI><a href="#[89]">&gt;&gt;</a>&nbsp;&nbsp;&nbsp;start
<LI><a href="#[85]">&gt;&gt;</a>&nbsp;&nbsp;&nbsp;rgb_red
<LI><a href="#[87]">&gt;&gt;</a>&nbsp;&nbsp;&nbsp;rgb_out
<LI><a href="#[8c]">&gt;&gt;</a>&nbsp;&nbsp;&nbsp;rgb_green
<LI><a href="#[75]">&gt;&gt;</a>&nbsp;&nbsp;&nbsp;mpu_dmp_init
<LI><a href="#[91]">&gt;&gt;</a>&nbsp;&nbsp;&nbsp;go_stright_5
<LI><a href="#[99]">&gt;&gt;</a>&nbsp;&nbsp;&nbsp;go_stright_3
<LI><a href="#[83]">&gt;&gt;</a>&nbsp;&nbsp;&nbsp;go_stright
<LI><a href="#[a6]">&gt;&gt;</a>&nbsp;&nbsp;&nbsp;go_right_5
<LI><a href="#[8e]">&gt;&gt;</a>&nbsp;&nbsp;&nbsp;go_right
<LI><a href="#[a5]">&gt;&gt;</a>&nbsp;&nbsp;&nbsp;go_left_5
<LI><a href="#[92]">&gt;&gt;</a>&nbsp;&nbsp;&nbsp;go_left_3
<LI><a href="#[86]">&gt;&gt;</a>&nbsp;&nbsp;&nbsp;go_left
<LI><a href="#[8b]">&gt;&gt;</a>&nbsp;&nbsp;&nbsp;go_back
<LI><a href="#[88]">&gt;&gt;</a>&nbsp;&nbsp;&nbsp;go_B_right
<LI><a href="#[8f]">&gt;&gt;</a>&nbsp;&nbsp;&nbsp;go_B_left
<LI><a href="#[9a]">&gt;&gt;</a>&nbsp;&nbsp;&nbsp;go_3_6
<LI><a href="#[9f]">&gt;&gt;</a>&nbsp;&nbsp;&nbsp;go_3_5
<LI><a href="#[95]">&gt;&gt;</a>&nbsp;&nbsp;&nbsp;go_3_4
<LI><a href="#[94]">&gt;&gt;</a>&nbsp;&nbsp;&nbsp;go_3_3
<LI><a href="#[a3]">&gt;&gt;</a>&nbsp;&nbsp;&nbsp;delay_ms
<LI><a href="#[6d]">&gt;&gt;</a>&nbsp;&nbsp;&nbsp;delay_init
<LI><a href="#[71]">&gt;&gt;</a>&nbsp;&nbsp;&nbsp;XUNJI_Front_GPIO_Init
<LI><a href="#[7e]">&gt;&gt;</a>&nbsp;&nbsp;&nbsp;USART4_Init
<LI><a href="#[72]">&gt;&gt;</a>&nbsp;&nbsp;&nbsp;USART3_Init
<LI><a href="#[7f]">&gt;&gt;</a>&nbsp;&nbsp;&nbsp;USART2_Init
<LI><a href="#[82]">&gt;&gt;</a>&nbsp;&nbsp;&nbsp;Task_set
<LI><a href="#[a2]">&gt;&gt;</a>&nbsp;&nbsp;&nbsp;TIM_Cmd
<LI><a href="#[7d]">&gt;&gt;</a>&nbsp;&nbsp;&nbsp;TIM8_Encoder_Init
<LI><a href="#[81]">&gt;&gt;</a>&nbsp;&nbsp;&nbsp;TIM7_Cnt_Init
<LI><a href="#[7c]">&gt;&gt;</a>&nbsp;&nbsp;&nbsp;TIM4_Encoder_Init
<LI><a href="#[7b]">&gt;&gt;</a>&nbsp;&nbsp;&nbsp;TIM3_Encoder_Init
<LI><a href="#[7a]">&gt;&gt;</a>&nbsp;&nbsp;&nbsp;TIM2_Encoder_Init
<LI><a href="#[79]">&gt;&gt;</a>&nbsp;&nbsp;&nbsp;TIM1_Pwm_Init
<LI><a href="#[80]">&gt;&gt;</a>&nbsp;&nbsp;&nbsp;PID_Init
<LI><a href="#[70]">&gt;&gt;</a>&nbsp;&nbsp;&nbsp;OLED_Init
<LI><a href="#[73]">&gt;&gt;</a>&nbsp;&nbsp;&nbsp;OLED_Clear
<LI><a href="#[6c]">&gt;&gt;</a>&nbsp;&nbsp;&nbsp;NVIC_PriorityGroupConfig
<LI><a href="#[a4]">&gt;&gt;</a>&nbsp;&nbsp;&nbsp;NRF24L01_TX_Mode
<LI><a href="#[77]">&gt;&gt;</a>&nbsp;&nbsp;&nbsp;NRF24L01_RX_Mode
<LI><a href="#[76]">&gt;&gt;</a>&nbsp;&nbsp;&nbsp;NRF24L01_Init
<LI><a href="#[a1]">&gt;&gt;</a>&nbsp;&nbsp;&nbsp;MotorALL_Ctrl
<LI><a href="#[74]">&gt;&gt;</a>&nbsp;&nbsp;&nbsp;MPU9250_Init
<LI><a href="#[78]">&gt;&gt;</a>&nbsp;&nbsp;&nbsp;MOTO_GPIO_Init
<LI><a href="#[6f]">&gt;&gt;</a>&nbsp;&nbsp;&nbsp;LED_Init
<LI><a href="#[6e]">&gt;&gt;</a>&nbsp;&nbsp;&nbsp;KEY_Init
</UL>
<BR>[Address Reference Count : 1]<UL><LI> entry9a.o(.ARM.Collect$$$$0000000B)
</UL>
<P><STRONG><a name="[2]"></a>NMI_Handler</STRONG> (Thumb, 2 bytes, Stack size 0 bytes, stm32f4xx_it.o(.text))
<BR>[Address Reference Count : 1]<UL><LI> startup_stm32f40_41xxx.o(RESET)
</UL>
<P><STRONG><a name="[3]"></a>HardFault_Handler</STRONG> (Thumb, 4 bytes, Stack size 0 bytes, stm32f4xx_it.o(.text))
<BR>[Address Reference Count : 1]<UL><LI> startup_stm32f40_41xxx.o(RESET)
</UL>
<P><STRONG><a name="[4]"></a>MemManage_Handler</STRONG> (Thumb, 4 bytes, Stack size 0 bytes, stm32f4xx_it.o(.text))
<BR>[Address Reference Count : 1]<UL><LI> startup_stm32f40_41xxx.o(RESET)
</UL>
<P><STRONG><a name="[5]"></a>BusFault_Handler</STRONG> (Thumb, 4 bytes, Stack size 0 bytes, stm32f4xx_it.o(.text))
<BR>[Address Reference Count : 1]<UL><LI> startup_stm32f40_41xxx.o(RESET)
</UL>
<P><STRONG><a name="[6]"></a>UsageFault_Handler</STRONG> (Thumb, 4 bytes, Stack size 0 bytes, stm32f4xx_it.o(.text))
<BR>[Address Reference Count : 1]<UL><LI> startup_stm32f40_41xxx.o(RESET)
</UL>
<P><STRONG><a name="[7]"></a>SVC_Handler</STRONG> (Thumb, 2 bytes, Stack size 0 bytes, stm32f4xx_it.o(.text))
<BR>[Address Reference Count : 1]<UL><LI> startup_stm32f40_41xxx.o(RESET)
</UL>
<P><STRONG><a name="[8]"></a>DebugMon_Handler</STRONG> (Thumb, 2 bytes, Stack size 0 bytes, stm32f4xx_it.o(.text))
<BR>[Address Reference Count : 1]<UL><LI> startup_stm32f40_41xxx.o(RESET)
</UL>
<P><STRONG><a name="[9]"></a>PendSV_Handler</STRONG> (Thumb, 2 bytes, Stack size 0 bytes, stm32f4xx_it.o(.text))
<BR>[Address Reference Count : 1]<UL><LI> startup_stm32f40_41xxx.o(RESET)
</UL>
<P><STRONG><a name="[a]"></a>SysTick_Handler</STRONG> (Thumb, 2 bytes, Stack size 0 bytes, stm32f4xx_it.o(.text))
<BR>[Address Reference Count : 1]<UL><LI> startup_stm32f40_41xxx.o(RESET)
</UL>
<P><STRONG><a name="[5e]"></a>SystemInit</STRONG> (Thumb, 88 bytes, Stack size 8 bytes, system_stm32f4xx.o(.text))
<BR><BR>[Stack]<UL><LI>Max Depth = 20<LI>Call Chain = SystemInit &rArr; SetSysClock
</UL>
<BR>[Calls]<UL><LI><a href="#[a7]">&gt;&gt;</a>&nbsp;&nbsp;&nbsp;SetSysClock
</UL>
<BR>[Address Reference Count : 1]<UL><LI> startup_stm32f40_41xxx.o(.text)
</UL>
<P><STRONG><a name="[333]"></a>SystemCoreClockUpdate</STRONG> (Thumb, 174 bytes, Stack size 16 bytes, system_stm32f4xx.o(.text), UNUSED)

<P><STRONG><a name="[6f]"></a>LED_Init</STRONG> (Thumb, 168 bytes, Stack size 16 bytes, led.o(.text))
<BR><BR>[Stack]<UL><LI>Max Depth = 36<LI>Call Chain = LED_Init &rArr; GPIO_Init
</UL>
<BR>[Calls]<UL><LI><a href="#[a8]">&gt;&gt;</a>&nbsp;&nbsp;&nbsp;RCC_AHB1PeriphClockCmd
<LI><a href="#[aa]">&gt;&gt;</a>&nbsp;&nbsp;&nbsp;GPIO_SetBits
<LI><a href="#[a9]">&gt;&gt;</a>&nbsp;&nbsp;&nbsp;GPIO_Init
</UL>
<BR>[Called By]<UL><LI><a href="#[5d]">&gt;&gt;</a>&nbsp;&nbsp;&nbsp;main
</UL>

<P><STRONG><a name="[85]"></a>rgb_red</STRONG> (Thumb, 20 bytes, Stack size 0 bytes, led.o(.text))
<BR><BR>[Called By]<UL><LI><a href="#[5d]">&gt;&gt;</a>&nbsp;&nbsp;&nbsp;main
</UL>

<P><STRONG><a name="[8c]"></a>rgb_green</STRONG> (Thumb, 20 bytes, Stack size 0 bytes, led.o(.text))
<BR><BR>[Called By]<UL><LI><a href="#[5d]">&gt;&gt;</a>&nbsp;&nbsp;&nbsp;main
</UL>

<P><STRONG><a name="[87]"></a>rgb_out</STRONG> (Thumb, 18 bytes, Stack size 0 bytes, led.o(.text))
<BR><BR>[Called By]<UL><LI><a href="#[5d]">&gt;&gt;</a>&nbsp;&nbsp;&nbsp;main
</UL>

<P><STRONG><a name="[ab]"></a>KEY_Scan</STRONG> (Thumb, 310 bytes, Stack size 16 bytes, key.o(.text))
<BR><BR>[Stack]<UL><LI>Max Depth = 32<LI>Call Chain = KEY_Scan &rArr; delay_ms
</UL>
<BR>[Calls]<UL><LI><a href="#[ac]">&gt;&gt;</a>&nbsp;&nbsp;&nbsp;GPIO_ReadInputDataBit
<LI><a href="#[a3]">&gt;&gt;</a>&nbsp;&nbsp;&nbsp;delay_ms
</UL>
<BR>[Called By]<UL><LI><a href="#[ad]">&gt;&gt;</a>&nbsp;&nbsp;&nbsp;mode_set
<LI><a href="#[82]">&gt;&gt;</a>&nbsp;&nbsp;&nbsp;Task_set
<LI><a href="#[76]">&gt;&gt;</a>&nbsp;&nbsp;&nbsp;NRF24L01_Init
<LI><a href="#[165]">&gt;&gt;</a>&nbsp;&nbsp;&nbsp;NRF24L01_Test
</UL>

<P><STRONG><a name="[ad]"></a>mode_set</STRONG> (Thumb, 1256 bytes, Stack size 8 bytes, key.o(.text), UNUSED)
<BR><BR>[Calls]<UL><LI><a href="#[af]">&gt;&gt;</a>&nbsp;&nbsp;&nbsp;OLED_ShowNum
<LI><a href="#[ae]">&gt;&gt;</a>&nbsp;&nbsp;&nbsp;OLED_ShowCHinese
<LI><a href="#[b0]">&gt;&gt;</a>&nbsp;&nbsp;&nbsp;OLED_Refresh_Gram
<LI><a href="#[ab]">&gt;&gt;</a>&nbsp;&nbsp;&nbsp;KEY_Scan
<LI><a href="#[73]">&gt;&gt;</a>&nbsp;&nbsp;&nbsp;OLED_Clear
</UL>

<P><STRONG><a name="[6e]"></a>KEY_Init</STRONG> (Thumb, 80 bytes, Stack size 16 bytes, key.o(.text))
<BR><BR>[Stack]<UL><LI>Max Depth = 36<LI>Call Chain = KEY_Init &rArr; GPIO_Init
</UL>
<BR>[Calls]<UL><LI><a href="#[a8]">&gt;&gt;</a>&nbsp;&nbsp;&nbsp;RCC_AHB1PeriphClockCmd
<LI><a href="#[a9]">&gt;&gt;</a>&nbsp;&nbsp;&nbsp;GPIO_Init
</UL>
<BR>[Called By]<UL><LI><a href="#[5d]">&gt;&gt;</a>&nbsp;&nbsp;&nbsp;main
</UL>

<P><STRONG><a name="[b1]"></a>MPU_Write_Byte</STRONG> (Thumb, 76 bytes, Stack size 16 bytes, mpu9250.o(.text))
<BR><BR>[Stack]<UL><LI>Max Depth = 32<LI>Call Chain = MPU_Write_Byte &rArr; IIC_Wait_Ack &rArr; IIC_Stop
</UL>
<BR>[Calls]<UL><LI><a href="#[b4]">&gt;&gt;</a>&nbsp;&nbsp;&nbsp;IIC_Wait_Ack
<LI><a href="#[b5]">&gt;&gt;</a>&nbsp;&nbsp;&nbsp;IIC_Stop
<LI><a href="#[b2]">&gt;&gt;</a>&nbsp;&nbsp;&nbsp;IIC_Start
<LI><a href="#[b3]">&gt;&gt;</a>&nbsp;&nbsp;&nbsp;IIC_Send_Byte
</UL>
<BR>[Called By]<UL><LI><a href="#[c5]">&gt;&gt;</a>&nbsp;&nbsp;&nbsp;MPU_Get_Magnetometer
<LI><a href="#[bb]">&gt;&gt;</a>&nbsp;&nbsp;&nbsp;MPU_Set_Gyro_Fsr
<LI><a href="#[ba]">&gt;&gt;</a>&nbsp;&nbsp;&nbsp;MPU_Set_Accel_Fsr
<LI><a href="#[b9]">&gt;&gt;</a>&nbsp;&nbsp;&nbsp;MPU_Set_Rate
<LI><a href="#[b8]">&gt;&gt;</a>&nbsp;&nbsp;&nbsp;MPU_Set_LPF
<LI><a href="#[74]">&gt;&gt;</a>&nbsp;&nbsp;&nbsp;MPU9250_Init
</UL>

<P><STRONG><a name="[b6]"></a>MPU_Read_Byte</STRONG> (Thumb, 72 bytes, Stack size 16 bytes, mpu9250.o(.text))
<BR><BR>[Stack]<UL><LI>Max Depth = 40<LI>Call Chain = MPU_Read_Byte &rArr; IIC_Read_Byte &rArr; IIC_NAck
</UL>
<BR>[Calls]<UL><LI><a href="#[b4]">&gt;&gt;</a>&nbsp;&nbsp;&nbsp;IIC_Wait_Ack
<LI><a href="#[b5]">&gt;&gt;</a>&nbsp;&nbsp;&nbsp;IIC_Stop
<LI><a href="#[b2]">&gt;&gt;</a>&nbsp;&nbsp;&nbsp;IIC_Start
<LI><a href="#[b3]">&gt;&gt;</a>&nbsp;&nbsp;&nbsp;IIC_Send_Byte
<LI><a href="#[b7]">&gt;&gt;</a>&nbsp;&nbsp;&nbsp;IIC_Read_Byte
</UL>
<BR>[Called By]<UL><LI><a href="#[74]">&gt;&gt;</a>&nbsp;&nbsp;&nbsp;MPU9250_Init
</UL>

<P><STRONG><a name="[b8]"></a>MPU_Set_LPF</STRONG> (Thumb, 60 bytes, Stack size 16 bytes, mpu9250.o(.text))
<BR><BR>[Stack]<UL><LI>Max Depth = 48<LI>Call Chain = MPU_Set_LPF &rArr; MPU_Write_Byte &rArr; IIC_Wait_Ack &rArr; IIC_Stop
</UL>
<BR>[Calls]<UL><LI><a href="#[b1]">&gt;&gt;</a>&nbsp;&nbsp;&nbsp;MPU_Write_Byte
</UL>
<BR>[Called By]<UL><LI><a href="#[b9]">&gt;&gt;</a>&nbsp;&nbsp;&nbsp;MPU_Set_Rate
</UL>

<P><STRONG><a name="[b9]"></a>MPU_Set_Rate</STRONG> (Thumb, 60 bytes, Stack size 16 bytes, mpu9250.o(.text))
<BR><BR>[Stack]<UL><LI>Max Depth = 64<LI>Call Chain = MPU_Set_Rate &rArr; MPU_Set_LPF &rArr; MPU_Write_Byte &rArr; IIC_Wait_Ack &rArr; IIC_Stop
</UL>
<BR>[Calls]<UL><LI><a href="#[b8]">&gt;&gt;</a>&nbsp;&nbsp;&nbsp;MPU_Set_LPF
<LI><a href="#[b1]">&gt;&gt;</a>&nbsp;&nbsp;&nbsp;MPU_Write_Byte
</UL>
<BR>[Called By]<UL><LI><a href="#[74]">&gt;&gt;</a>&nbsp;&nbsp;&nbsp;MPU9250_Init
</UL>

<P><STRONG><a name="[ba]"></a>MPU_Set_Accel_Fsr</STRONG> (Thumb, 18 bytes, Stack size 8 bytes, mpu9250.o(.text))
<BR><BR>[Stack]<UL><LI>Max Depth = 40<LI>Call Chain = MPU_Set_Accel_Fsr &rArr; MPU_Write_Byte &rArr; IIC_Wait_Ack &rArr; IIC_Stop
</UL>
<BR>[Calls]<UL><LI><a href="#[b1]">&gt;&gt;</a>&nbsp;&nbsp;&nbsp;MPU_Write_Byte
</UL>
<BR>[Called By]<UL><LI><a href="#[74]">&gt;&gt;</a>&nbsp;&nbsp;&nbsp;MPU9250_Init
</UL>

<P><STRONG><a name="[bb]"></a>MPU_Set_Gyro_Fsr</STRONG> (Thumb, 18 bytes, Stack size 8 bytes, mpu9250.o(.text))
<BR><BR>[Stack]<UL><LI>Max Depth = 40<LI>Call Chain = MPU_Set_Gyro_Fsr &rArr; MPU_Write_Byte &rArr; IIC_Wait_Ack &rArr; IIC_Stop
</UL>
<BR>[Calls]<UL><LI><a href="#[b1]">&gt;&gt;</a>&nbsp;&nbsp;&nbsp;MPU_Write_Byte
</UL>
<BR>[Called By]<UL><LI><a href="#[74]">&gt;&gt;</a>&nbsp;&nbsp;&nbsp;MPU9250_Init
</UL>

<P><STRONG><a name="[74]"></a>MPU9250_Init</STRONG> (Thumb, 176 bytes, Stack size 8 bytes, mpu9250.o(.text))
<BR><BR>[Stack]<UL><LI>Max Depth = 72<LI>Call Chain = MPU9250_Init &rArr; MPU_Set_Rate &rArr; MPU_Set_LPF &rArr; MPU_Write_Byte &rArr; IIC_Wait_Ack &rArr; IIC_Stop
</UL>
<BR>[Calls]<UL><LI><a href="#[bc]">&gt;&gt;</a>&nbsp;&nbsp;&nbsp;IIC_Init
<LI><a href="#[bb]">&gt;&gt;</a>&nbsp;&nbsp;&nbsp;MPU_Set_Gyro_Fsr
<LI><a href="#[ba]">&gt;&gt;</a>&nbsp;&nbsp;&nbsp;MPU_Set_Accel_Fsr
<LI><a href="#[b9]">&gt;&gt;</a>&nbsp;&nbsp;&nbsp;MPU_Set_Rate
<LI><a href="#[b6]">&gt;&gt;</a>&nbsp;&nbsp;&nbsp;MPU_Read_Byte
<LI><a href="#[b1]">&gt;&gt;</a>&nbsp;&nbsp;&nbsp;MPU_Write_Byte
<LI><a href="#[a3]">&gt;&gt;</a>&nbsp;&nbsp;&nbsp;delay_ms
</UL>
<BR>[Called By]<UL><LI><a href="#[5d]">&gt;&gt;</a>&nbsp;&nbsp;&nbsp;main
</UL>

<P><STRONG><a name="[bd]"></a>MPU_Read_Len</STRONG> (Thumb, 116 bytes, Stack size 24 bytes, mpu9250.o(.text))
<BR><BR>[Stack]<UL><LI>Max Depth = 48<LI>Call Chain = MPU_Read_Len &rArr; IIC_Read_Byte &rArr; IIC_NAck
</UL>
<BR>[Calls]<UL><LI><a href="#[b4]">&gt;&gt;</a>&nbsp;&nbsp;&nbsp;IIC_Wait_Ack
<LI><a href="#[b5]">&gt;&gt;</a>&nbsp;&nbsp;&nbsp;IIC_Stop
<LI><a href="#[b2]">&gt;&gt;</a>&nbsp;&nbsp;&nbsp;IIC_Start
<LI><a href="#[b3]">&gt;&gt;</a>&nbsp;&nbsp;&nbsp;IIC_Send_Byte
<LI><a href="#[b7]">&gt;&gt;</a>&nbsp;&nbsp;&nbsp;IIC_Read_Byte
</UL>
<BR>[Called By]<UL><LI><a href="#[c5]">&gt;&gt;</a>&nbsp;&nbsp;&nbsp;MPU_Get_Magnetometer
<LI><a href="#[c4]">&gt;&gt;</a>&nbsp;&nbsp;&nbsp;MPU_Get_Accelerometer
<LI><a href="#[c3]">&gt;&gt;</a>&nbsp;&nbsp;&nbsp;MPU_Get_Gyroscope
<LI><a href="#[be]">&gt;&gt;</a>&nbsp;&nbsp;&nbsp;MPU_Get_Temperature
<LI><a href="#[1ba]">&gt;&gt;</a>&nbsp;&nbsp;&nbsp;mpu_get_compass_reg
<LI><a href="#[1b7]">&gt;&gt;</a>&nbsp;&nbsp;&nbsp;mpu_read_mem
<LI><a href="#[1a6]">&gt;&gt;</a>&nbsp;&nbsp;&nbsp;mpu_read_fifo_stream
<LI><a href="#[1a5]">&gt;&gt;</a>&nbsp;&nbsp;&nbsp;mpu_read_fifo
<LI><a href="#[1a4]">&gt;&gt;</a>&nbsp;&nbsp;&nbsp;mpu_get_int_status
<LI><a href="#[1a0]">&gt;&gt;</a>&nbsp;&nbsp;&nbsp;mpu_read_6500_gyro_bias
<LI><a href="#[19f]">&gt;&gt;</a>&nbsp;&nbsp;&nbsp;mpu_read_6050_accel_bias
<LI><a href="#[19e]">&gt;&gt;</a>&nbsp;&nbsp;&nbsp;mpu_read_6500_accel_bias
<LI><a href="#[19d]">&gt;&gt;</a>&nbsp;&nbsp;&nbsp;mpu_get_temperature
<LI><a href="#[19c]">&gt;&gt;</a>&nbsp;&nbsp;&nbsp;mpu_get_accel_reg
<LI><a href="#[19a]">&gt;&gt;</a>&nbsp;&nbsp;&nbsp;mpu_get_gyro_reg
<LI><a href="#[190]">&gt;&gt;</a>&nbsp;&nbsp;&nbsp;mpu_set_bypass
<LI><a href="#[18e]">&gt;&gt;</a>&nbsp;&nbsp;&nbsp;mpu_set_sensors
<LI><a href="#[18c]">&gt;&gt;</a>&nbsp;&nbsp;&nbsp;mpu_read_reg
<LI><a href="#[18a]">&gt;&gt;</a>&nbsp;&nbsp;&nbsp;mpu_reg_dump
<LI><a href="#[1ad]">&gt;&gt;</a>&nbsp;&nbsp;&nbsp;get_st_6500_biases
<LI><a href="#[1ab]">&gt;&gt;</a>&nbsp;&nbsp;&nbsp;gyro_6500_self_test
<LI><a href="#[1a9]">&gt;&gt;</a>&nbsp;&nbsp;&nbsp;accel_6500_self_test
<LI><a href="#[1a8]">&gt;&gt;</a>&nbsp;&nbsp;&nbsp;get_st_biases
<LI><a href="#[1a7]">&gt;&gt;</a>&nbsp;&nbsp;&nbsp;compass_self_test
<LI><a href="#[191]">&gt;&gt;</a>&nbsp;&nbsp;&nbsp;setup_compass
</UL>

<P><STRONG><a name="[be]"></a>MPU_Get_Temperature</STRONG> (Thumb, 110 bytes, Stack size 48 bytes, mpu9250.o(.text), UNUSED)
<BR><BR>[Calls]<UL><LI><a href="#[bf]">&gt;&gt;</a>&nbsp;&nbsp;&nbsp;__aeabi_i2d
<LI><a href="#[c0]">&gt;&gt;</a>&nbsp;&nbsp;&nbsp;__aeabi_ddiv
<LI><a href="#[c1]">&gt;&gt;</a>&nbsp;&nbsp;&nbsp;__aeabi_dadd
<LI><a href="#[c2]">&gt;&gt;</a>&nbsp;&nbsp;&nbsp;__aeabi_d2f
<LI><a href="#[bd]">&gt;&gt;</a>&nbsp;&nbsp;&nbsp;MPU_Read_Len
</UL>

<P><STRONG><a name="[c3]"></a>MPU_Get_Gyroscope</STRONG> (Thumb, 80 bytes, Stack size 32 bytes, mpu9250.o(.text), UNUSED)
<BR><BR>[Calls]<UL><LI><a href="#[bd]">&gt;&gt;</a>&nbsp;&nbsp;&nbsp;MPU_Read_Len
</UL>

<P><STRONG><a name="[c4]"></a>MPU_Get_Accelerometer</STRONG> (Thumb, 80 bytes, Stack size 32 bytes, mpu9250.o(.text), UNUSED)
<BR><BR>[Calls]<UL><LI><a href="#[bd]">&gt;&gt;</a>&nbsp;&nbsp;&nbsp;MPU_Read_Len
</UL>

<P><STRONG><a name="[c5]"></a>MPU_Get_Magnetometer</STRONG> (Thumb, 90 bytes, Stack size 32 bytes, mpu9250.o(.text), UNUSED)
<BR><BR>[Calls]<UL><LI><a href="#[bd]">&gt;&gt;</a>&nbsp;&nbsp;&nbsp;MPU_Read_Len
<LI><a href="#[b1]">&gt;&gt;</a>&nbsp;&nbsp;&nbsp;MPU_Write_Byte
</UL>

<P><STRONG><a name="[c6]"></a>MPU_Write_Len</STRONG> (Thumb, 96 bytes, Stack size 24 bytes, mpu9250.o(.text))
<BR><BR>[Stack]<UL><LI>Max Depth = 40<LI>Call Chain = MPU_Write_Len &rArr; IIC_Wait_Ack &rArr; IIC_Stop
</UL>
<BR>[Calls]<UL><LI><a href="#[b4]">&gt;&gt;</a>&nbsp;&nbsp;&nbsp;IIC_Wait_Ack
<LI><a href="#[b5]">&gt;&gt;</a>&nbsp;&nbsp;&nbsp;IIC_Stop
<LI><a href="#[b2]">&gt;&gt;</a>&nbsp;&nbsp;&nbsp;IIC_Start
<LI><a href="#[b3]">&gt;&gt;</a>&nbsp;&nbsp;&nbsp;IIC_Send_Byte
</UL>
<BR>[Called By]<UL><LI><a href="#[1bb]">&gt;&gt;</a>&nbsp;&nbsp;&nbsp;mpu_lp_motion_interrupt
<LI><a href="#[1b8]">&gt;&gt;</a>&nbsp;&nbsp;&nbsp;mpu_load_firmware
<LI><a href="#[1b7]">&gt;&gt;</a>&nbsp;&nbsp;&nbsp;mpu_read_mem
<LI><a href="#[1b6]">&gt;&gt;</a>&nbsp;&nbsp;&nbsp;mpu_write_mem
<LI><a href="#[1ae]">&gt;&gt;</a>&nbsp;&nbsp;&nbsp;mpu_set_dmp_state
<LI><a href="#[1a3]">&gt;&gt;</a>&nbsp;&nbsp;&nbsp;mpu_set_accel_bias_6500_reg
<LI><a href="#[1a2]">&gt;&gt;</a>&nbsp;&nbsp;&nbsp;mpu_set_accel_bias_6050_reg
<LI><a href="#[1a1]">&gt;&gt;</a>&nbsp;&nbsp;&nbsp;mpu_set_gyro_bias_reg
<LI><a href="#[199]">&gt;&gt;</a>&nbsp;&nbsp;&nbsp;mpu_init
<LI><a href="#[198]">&gt;&gt;</a>&nbsp;&nbsp;&nbsp;mpu_set_gyro_fsr
<LI><a href="#[197]">&gt;&gt;</a>&nbsp;&nbsp;&nbsp;mpu_set_accel_fsr
<LI><a href="#[196]">&gt;&gt;</a>&nbsp;&nbsp;&nbsp;mpu_set_sample_rate
<LI><a href="#[195]">&gt;&gt;</a>&nbsp;&nbsp;&nbsp;mpu_lp_accel_mode
<LI><a href="#[194]">&gt;&gt;</a>&nbsp;&nbsp;&nbsp;mpu_set_lpf
<LI><a href="#[192]">&gt;&gt;</a>&nbsp;&nbsp;&nbsp;mpu_reset_fifo
<LI><a href="#[190]">&gt;&gt;</a>&nbsp;&nbsp;&nbsp;mpu_set_bypass
<LI><a href="#[18f]">&gt;&gt;</a>&nbsp;&nbsp;&nbsp;mpu_set_compass_sample_rate
<LI><a href="#[18e]">&gt;&gt;</a>&nbsp;&nbsp;&nbsp;mpu_set_sensors
<LI><a href="#[18d]">&gt;&gt;</a>&nbsp;&nbsp;&nbsp;mpu_set_int_latched
<LI><a href="#[1ad]">&gt;&gt;</a>&nbsp;&nbsp;&nbsp;get_st_6500_biases
<LI><a href="#[1a8]">&gt;&gt;</a>&nbsp;&nbsp;&nbsp;get_st_biases
<LI><a href="#[1a7]">&gt;&gt;</a>&nbsp;&nbsp;&nbsp;compass_self_test
<LI><a href="#[191]">&gt;&gt;</a>&nbsp;&nbsp;&nbsp;setup_compass
<LI><a href="#[189]">&gt;&gt;</a>&nbsp;&nbsp;&nbsp;set_int_enable
</UL>

<P><STRONG><a name="[bc]"></a>IIC_Init</STRONG> (Thumb, 58 bytes, Stack size 16 bytes, mpuiic.o(.text))
<BR><BR>[Stack]<UL><LI>Max Depth = 36<LI>Call Chain = IIC_Init &rArr; GPIO_Init
</UL>
<BR>[Calls]<UL><LI><a href="#[a8]">&gt;&gt;</a>&nbsp;&nbsp;&nbsp;RCC_AHB1PeriphClockCmd
<LI><a href="#[aa]">&gt;&gt;</a>&nbsp;&nbsp;&nbsp;GPIO_SetBits
<LI><a href="#[a9]">&gt;&gt;</a>&nbsp;&nbsp;&nbsp;GPIO_Init
</UL>
<BR>[Called By]<UL><LI><a href="#[75]">&gt;&gt;</a>&nbsp;&nbsp;&nbsp;mpu_dmp_init
<LI><a href="#[74]">&gt;&gt;</a>&nbsp;&nbsp;&nbsp;MPU9250_Init
</UL>

<P><STRONG><a name="[b2]"></a>IIC_Start</STRONG> (Thumb, 64 bytes, Stack size 8 bytes, mpuiic.o(.text))
<BR><BR>[Stack]<UL><LI>Max Depth = 8<LI>Call Chain = IIC_Start
</UL>
<BR>[Calls]<UL><LI><a href="#[c7]">&gt;&gt;</a>&nbsp;&nbsp;&nbsp;delay_us
</UL>
<BR>[Called By]<UL><LI><a href="#[c6]">&gt;&gt;</a>&nbsp;&nbsp;&nbsp;MPU_Write_Len
<LI><a href="#[bd]">&gt;&gt;</a>&nbsp;&nbsp;&nbsp;MPU_Read_Len
<LI><a href="#[b6]">&gt;&gt;</a>&nbsp;&nbsp;&nbsp;MPU_Read_Byte
<LI><a href="#[b1]">&gt;&gt;</a>&nbsp;&nbsp;&nbsp;MPU_Write_Byte
</UL>

<P><STRONG><a name="[b5]"></a>IIC_Stop</STRONG> (Thumb, 66 bytes, Stack size 8 bytes, mpuiic.o(.text))
<BR><BR>[Stack]<UL><LI>Max Depth = 8<LI>Call Chain = IIC_Stop
</UL>
<BR>[Calls]<UL><LI><a href="#[c7]">&gt;&gt;</a>&nbsp;&nbsp;&nbsp;delay_us
</UL>
<BR>[Called By]<UL><LI><a href="#[b4]">&gt;&gt;</a>&nbsp;&nbsp;&nbsp;IIC_Wait_Ack
<LI><a href="#[c6]">&gt;&gt;</a>&nbsp;&nbsp;&nbsp;MPU_Write_Len
<LI><a href="#[bd]">&gt;&gt;</a>&nbsp;&nbsp;&nbsp;MPU_Read_Len
<LI><a href="#[b6]">&gt;&gt;</a>&nbsp;&nbsp;&nbsp;MPU_Read_Byte
<LI><a href="#[b1]">&gt;&gt;</a>&nbsp;&nbsp;&nbsp;MPU_Write_Byte
</UL>

<P><STRONG><a name="[b4]"></a>IIC_Wait_Ack</STRONG> (Thumb, 82 bytes, Stack size 8 bytes, mpuiic.o(.text))
<BR><BR>[Stack]<UL><LI>Max Depth = 16<LI>Call Chain = IIC_Wait_Ack &rArr; IIC_Stop
</UL>
<BR>[Calls]<UL><LI><a href="#[c7]">&gt;&gt;</a>&nbsp;&nbsp;&nbsp;delay_us
<LI><a href="#[b5]">&gt;&gt;</a>&nbsp;&nbsp;&nbsp;IIC_Stop
</UL>
<BR>[Called By]<UL><LI><a href="#[c6]">&gt;&gt;</a>&nbsp;&nbsp;&nbsp;MPU_Write_Len
<LI><a href="#[bd]">&gt;&gt;</a>&nbsp;&nbsp;&nbsp;MPU_Read_Len
<LI><a href="#[b6]">&gt;&gt;</a>&nbsp;&nbsp;&nbsp;MPU_Read_Byte
<LI><a href="#[b1]">&gt;&gt;</a>&nbsp;&nbsp;&nbsp;MPU_Write_Byte
</UL>

<P><STRONG><a name="[c8]"></a>IIC_Ack</STRONG> (Thumb, 70 bytes, Stack size 8 bytes, mpuiic.o(.text))
<BR><BR>[Stack]<UL><LI>Max Depth = 8<LI>Call Chain = IIC_Ack
</UL>
<BR>[Calls]<UL><LI><a href="#[c7]">&gt;&gt;</a>&nbsp;&nbsp;&nbsp;delay_us
</UL>
<BR>[Called By]<UL><LI><a href="#[b7]">&gt;&gt;</a>&nbsp;&nbsp;&nbsp;IIC_Read_Byte
</UL>

<P><STRONG><a name="[c9]"></a>IIC_NAck</STRONG> (Thumb, 70 bytes, Stack size 8 bytes, mpuiic.o(.text))
<BR><BR>[Stack]<UL><LI>Max Depth = 8<LI>Call Chain = IIC_NAck
</UL>
<BR>[Calls]<UL><LI><a href="#[c7]">&gt;&gt;</a>&nbsp;&nbsp;&nbsp;delay_us
</UL>
<BR>[Called By]<UL><LI><a href="#[b7]">&gt;&gt;</a>&nbsp;&nbsp;&nbsp;IIC_Read_Byte
</UL>

<P><STRONG><a name="[b3]"></a>IIC_Send_Byte</STRONG> (Thumb, 92 bytes, Stack size 16 bytes, mpuiic.o(.text))
<BR><BR>[Stack]<UL><LI>Max Depth = 16<LI>Call Chain = IIC_Send_Byte
</UL>
<BR>[Calls]<UL><LI><a href="#[c7]">&gt;&gt;</a>&nbsp;&nbsp;&nbsp;delay_us
</UL>
<BR>[Called By]<UL><LI><a href="#[c6]">&gt;&gt;</a>&nbsp;&nbsp;&nbsp;MPU_Write_Len
<LI><a href="#[bd]">&gt;&gt;</a>&nbsp;&nbsp;&nbsp;MPU_Read_Len
<LI><a href="#[b6]">&gt;&gt;</a>&nbsp;&nbsp;&nbsp;MPU_Read_Byte
<LI><a href="#[b1]">&gt;&gt;</a>&nbsp;&nbsp;&nbsp;MPU_Write_Byte
</UL>

<P><STRONG><a name="[b7]"></a>IIC_Read_Byte</STRONG> (Thumb, 96 bytes, Stack size 16 bytes, mpuiic.o(.text))
<BR><BR>[Stack]<UL><LI>Max Depth = 24<LI>Call Chain = IIC_Read_Byte &rArr; IIC_NAck
</UL>
<BR>[Calls]<UL><LI><a href="#[c7]">&gt;&gt;</a>&nbsp;&nbsp;&nbsp;delay_us
<LI><a href="#[c9]">&gt;&gt;</a>&nbsp;&nbsp;&nbsp;IIC_NAck
<LI><a href="#[c8]">&gt;&gt;</a>&nbsp;&nbsp;&nbsp;IIC_Ack
</UL>
<BR>[Called By]<UL><LI><a href="#[bd]">&gt;&gt;</a>&nbsp;&nbsp;&nbsp;MPU_Read_Len
<LI><a href="#[b6]">&gt;&gt;</a>&nbsp;&nbsp;&nbsp;MPU_Read_Byte
</UL>

<P><STRONG><a name="[ca]"></a>OLED_WR_Byte</STRONG> (Thumb, 86 bytes, Stack size 8 bytes, oled.o(.text))
<BR><BR>[Stack]<UL><LI>Max Depth = 8<LI>Call Chain = OLED_WR_Byte
</UL>
<BR>[Called By]<UL><LI><a href="#[cc]">&gt;&gt;</a>&nbsp;&nbsp;&nbsp;OLED_Display_Off
<LI><a href="#[cb]">&gt;&gt;</a>&nbsp;&nbsp;&nbsp;OLED_Display_On
<LI><a href="#[b0]">&gt;&gt;</a>&nbsp;&nbsp;&nbsp;OLED_Refresh_Gram
<LI><a href="#[70]">&gt;&gt;</a>&nbsp;&nbsp;&nbsp;OLED_Init
</UL>

<P><STRONG><a name="[b0]"></a>OLED_Refresh_Gram</STRONG> (Thumb, 70 bytes, Stack size 12 bytes, oled.o(.text))
<BR><BR>[Stack]<UL><LI>Max Depth = 20<LI>Call Chain = OLED_Refresh_Gram &rArr; OLED_WR_Byte
</UL>
<BR>[Calls]<UL><LI><a href="#[ca]">&gt;&gt;</a>&nbsp;&nbsp;&nbsp;OLED_WR_Byte
</UL>
<BR>[Called By]<UL><LI><a href="#[42]">&gt;&gt;</a>&nbsp;&nbsp;&nbsp;TIM7_IRQHandler
<LI><a href="#[cd]">&gt;&gt;</a>&nbsp;&nbsp;&nbsp;OLED_Fill
<LI><a href="#[ad]">&gt;&gt;</a>&nbsp;&nbsp;&nbsp;mode_set
<LI><a href="#[82]">&gt;&gt;</a>&nbsp;&nbsp;&nbsp;Task_set
<LI><a href="#[73]">&gt;&gt;</a>&nbsp;&nbsp;&nbsp;OLED_Clear
<LI><a href="#[76]">&gt;&gt;</a>&nbsp;&nbsp;&nbsp;NRF24L01_Init
<LI><a href="#[165]">&gt;&gt;</a>&nbsp;&nbsp;&nbsp;NRF24L01_Test
<LI><a href="#[164]">&gt;&gt;</a>&nbsp;&nbsp;&nbsp;NRF_ReceiveData
<LI><a href="#[161]">&gt;&gt;</a>&nbsp;&nbsp;&nbsp;NRF24L01_Com_RX
<LI><a href="#[3f]">&gt;&gt;</a>&nbsp;&nbsp;&nbsp;UART4_IRQHandler
<LI><a href="#[32]">&gt;&gt;</a>&nbsp;&nbsp;&nbsp;USART3_IRQHandler
<LI><a href="#[31]">&gt;&gt;</a>&nbsp;&nbsp;&nbsp;USART2_IRQHandler
<LI><a href="#[30]">&gt;&gt;</a>&nbsp;&nbsp;&nbsp;USART1_IRQHandler
</UL>

<P><STRONG><a name="[cb]"></a>OLED_Display_On</STRONG> (Thumb, 28 bytes, Stack size 4 bytes, oled.o(.text), UNUSED)
<BR><BR>[Calls]<UL><LI><a href="#[ca]">&gt;&gt;</a>&nbsp;&nbsp;&nbsp;OLED_WR_Byte
</UL>

<P><STRONG><a name="[cc]"></a>OLED_Display_Off</STRONG> (Thumb, 28 bytes, Stack size 4 bytes, oled.o(.text), UNUSED)
<BR><BR>[Calls]<UL><LI><a href="#[ca]">&gt;&gt;</a>&nbsp;&nbsp;&nbsp;OLED_WR_Byte
</UL>

<P><STRONG><a name="[73]"></a>OLED_Clear</STRONG> (Thumb, 42 bytes, Stack size 12 bytes, oled.o(.text))
<BR><BR>[Stack]<UL><LI>Max Depth = 32<LI>Call Chain = OLED_Clear &rArr; OLED_Refresh_Gram &rArr; OLED_WR_Byte
</UL>
<BR>[Calls]<UL><LI><a href="#[b0]">&gt;&gt;</a>&nbsp;&nbsp;&nbsp;OLED_Refresh_Gram
</UL>
<BR>[Called By]<UL><LI><a href="#[d1]">&gt;&gt;</a>&nbsp;&nbsp;&nbsp;OLED_ShowString
<LI><a href="#[ad]">&gt;&gt;</a>&nbsp;&nbsp;&nbsp;mode_set
<LI><a href="#[70]">&gt;&gt;</a>&nbsp;&nbsp;&nbsp;OLED_Init
<LI><a href="#[76]">&gt;&gt;</a>&nbsp;&nbsp;&nbsp;NRF24L01_Init
<LI><a href="#[5d]">&gt;&gt;</a>&nbsp;&nbsp;&nbsp;main
<LI><a href="#[165]">&gt;&gt;</a>&nbsp;&nbsp;&nbsp;NRF24L01_Test
</UL>

<P><STRONG><a name="[ce]"></a>OLED_DrawPoint</STRONG> (Thumb, 100 bytes, Stack size 20 bytes, oled.o(.text))
<BR><BR>[Stack]<UL><LI>Max Depth = 20<LI>Call Chain = OLED_DrawPoint
</UL>
<BR>[Called By]<UL><LI><a href="#[cf]">&gt;&gt;</a>&nbsp;&nbsp;&nbsp;OLED_ShowChar
<LI><a href="#[cd]">&gt;&gt;</a>&nbsp;&nbsp;&nbsp;OLED_Fill
<LI><a href="#[ae]">&gt;&gt;</a>&nbsp;&nbsp;&nbsp;OLED_ShowCHinese
</UL>

<P><STRONG><a name="[cd]"></a>OLED_Fill</STRONG> (Thumb, 58 bytes, Stack size 32 bytes, oled.o(.text), UNUSED)
<BR><BR>[Calls]<UL><LI><a href="#[ce]">&gt;&gt;</a>&nbsp;&nbsp;&nbsp;OLED_DrawPoint
<LI><a href="#[b0]">&gt;&gt;</a>&nbsp;&nbsp;&nbsp;OLED_Refresh_Gram
</UL>

<P><STRONG><a name="[cf]"></a>OLED_ShowChar</STRONG> (Thumb, 254 bytes, Stack size 40 bytes, oled.o(.text))
<BR><BR>[Stack]<UL><LI>Max Depth = 60<LI>Call Chain = OLED_ShowChar &rArr; OLED_DrawPoint
</UL>
<BR>[Calls]<UL><LI><a href="#[ce]">&gt;&gt;</a>&nbsp;&nbsp;&nbsp;OLED_DrawPoint
</UL>
<BR>[Called By]<UL><LI><a href="#[d1]">&gt;&gt;</a>&nbsp;&nbsp;&nbsp;OLED_ShowString
<LI><a href="#[af]">&gt;&gt;</a>&nbsp;&nbsp;&nbsp;OLED_ShowNum
</UL>

<P><STRONG><a name="[d0]"></a>mypow</STRONG> (Thumb, 22 bytes, Stack size 8 bytes, oled.o(.text))
<BR><BR>[Stack]<UL><LI>Max Depth = 8<LI>Call Chain = mypow
</UL>
<BR>[Called By]<UL><LI><a href="#[af]">&gt;&gt;</a>&nbsp;&nbsp;&nbsp;OLED_ShowNum
</UL>

<P><STRONG><a name="[af]"></a>OLED_ShowNum</STRONG> (Thumb, 148 bytes, Stack size 56 bytes, oled.o(.text))
<BR><BR>[Stack]<UL><LI>Max Depth = 116<LI>Call Chain = OLED_ShowNum &rArr; OLED_ShowChar &rArr; OLED_DrawPoint
</UL>
<BR>[Calls]<UL><LI><a href="#[d0]">&gt;&gt;</a>&nbsp;&nbsp;&nbsp;mypow
<LI><a href="#[cf]">&gt;&gt;</a>&nbsp;&nbsp;&nbsp;OLED_ShowChar
</UL>
<BR>[Called By]<UL><LI><a href="#[d3]">&gt;&gt;</a>&nbsp;&nbsp;&nbsp;OLED_Show3FNum
<LI><a href="#[d2]">&gt;&gt;</a>&nbsp;&nbsp;&nbsp;OLED_ShowIntNum
<LI><a href="#[ad]">&gt;&gt;</a>&nbsp;&nbsp;&nbsp;mode_set
<LI><a href="#[165]">&gt;&gt;</a>&nbsp;&nbsp;&nbsp;NRF24L01_Test
<LI><a href="#[164]">&gt;&gt;</a>&nbsp;&nbsp;&nbsp;NRF_ReceiveData
<LI><a href="#[161]">&gt;&gt;</a>&nbsp;&nbsp;&nbsp;NRF24L01_Com_RX
<LI><a href="#[3f]">&gt;&gt;</a>&nbsp;&nbsp;&nbsp;UART4_IRQHandler
<LI><a href="#[32]">&gt;&gt;</a>&nbsp;&nbsp;&nbsp;USART3_IRQHandler
<LI><a href="#[31]">&gt;&gt;</a>&nbsp;&nbsp;&nbsp;USART2_IRQHandler
<LI><a href="#[30]">&gt;&gt;</a>&nbsp;&nbsp;&nbsp;USART1_IRQHandler
<LI><a href="#[11d]">&gt;&gt;</a>&nbsp;&nbsp;&nbsp;Ultra_Test2
<LI><a href="#[11c]">&gt;&gt;</a>&nbsp;&nbsp;&nbsp;Ultra_Test1
</UL>

<P><STRONG><a name="[d1]"></a>OLED_ShowString</STRONG> (Thumb, 94 bytes, Stack size 24 bytes, oled.o(.text))
<BR><BR>[Stack]<UL><LI>Max Depth = 84<LI>Call Chain = OLED_ShowString &rArr; OLED_ShowChar &rArr; OLED_DrawPoint
</UL>
<BR>[Calls]<UL><LI><a href="#[cf]">&gt;&gt;</a>&nbsp;&nbsp;&nbsp;OLED_ShowChar
<LI><a href="#[73]">&gt;&gt;</a>&nbsp;&nbsp;&nbsp;OLED_Clear
</UL>
<BR>[Called By]<UL><LI><a href="#[42]">&gt;&gt;</a>&nbsp;&nbsp;&nbsp;TIM7_IRQHandler
<LI><a href="#[d3]">&gt;&gt;</a>&nbsp;&nbsp;&nbsp;OLED_Show3FNum
<LI><a href="#[d2]">&gt;&gt;</a>&nbsp;&nbsp;&nbsp;OLED_ShowIntNum
<LI><a href="#[76]">&gt;&gt;</a>&nbsp;&nbsp;&nbsp;NRF24L01_Init
<LI><a href="#[165]">&gt;&gt;</a>&nbsp;&nbsp;&nbsp;NRF24L01_Test
<LI><a href="#[161]">&gt;&gt;</a>&nbsp;&nbsp;&nbsp;NRF24L01_Com_RX
</UL>

<P><STRONG><a name="[d2]"></a>OLED_ShowIntNum</STRONG> (Thumb, 114 bytes, Stack size 28 bytes, oled.o(.text), UNUSED)
<BR><BR>[Calls]<UL><LI><a href="#[d1]">&gt;&gt;</a>&nbsp;&nbsp;&nbsp;OLED_ShowString
<LI><a href="#[af]">&gt;&gt;</a>&nbsp;&nbsp;&nbsp;OLED_ShowNum
</UL>

<P><STRONG><a name="[d3]"></a>OLED_Show3FNum</STRONG> (Thumb, 640 bytes, Stack size 68 bytes, oled.o(.text))
<BR><BR>[Stack]<UL><LI>Max Depth = 184<LI>Call Chain = OLED_Show3FNum &rArr; OLED_ShowNum &rArr; OLED_ShowChar &rArr; OLED_DrawPoint
</UL>
<BR>[Calls]<UL><LI><a href="#[d1]">&gt;&gt;</a>&nbsp;&nbsp;&nbsp;OLED_ShowString
<LI><a href="#[af]">&gt;&gt;</a>&nbsp;&nbsp;&nbsp;OLED_ShowNum
</UL>
<BR>[Called By]<UL><LI><a href="#[42]">&gt;&gt;</a>&nbsp;&nbsp;&nbsp;TIM7_IRQHandler
<LI><a href="#[82]">&gt;&gt;</a>&nbsp;&nbsp;&nbsp;Task_set
</UL>

<P><STRONG><a name="[ae]"></a>OLED_ShowCHinese</STRONG> (Thumb, 124 bytes, Stack size 40 bytes, oled.o(.text), UNUSED)
<BR><BR>[Calls]<UL><LI><a href="#[ce]">&gt;&gt;</a>&nbsp;&nbsp;&nbsp;OLED_DrawPoint
</UL>
<BR>[Called By]<UL><LI><a href="#[ad]">&gt;&gt;</a>&nbsp;&nbsp;&nbsp;mode_set
</UL>

<P><STRONG><a name="[70]"></a>OLED_Init</STRONG> (Thumb, 278 bytes, Stack size 16 bytes, oled.o(.text))
<BR><BR>[Stack]<UL><LI>Max Depth = 48<LI>Call Chain = OLED_Init &rArr; OLED_Clear &rArr; OLED_Refresh_Gram &rArr; OLED_WR_Byte
</UL>
<BR>[Calls]<UL><LI><a href="#[ca]">&gt;&gt;</a>&nbsp;&nbsp;&nbsp;OLED_WR_Byte
<LI><a href="#[a8]">&gt;&gt;</a>&nbsp;&nbsp;&nbsp;RCC_AHB1PeriphClockCmd
<LI><a href="#[a9]">&gt;&gt;</a>&nbsp;&nbsp;&nbsp;GPIO_Init
<LI><a href="#[73]">&gt;&gt;</a>&nbsp;&nbsp;&nbsp;OLED_Clear
</UL>
<BR>[Called By]<UL><LI><a href="#[5d]">&gt;&gt;</a>&nbsp;&nbsp;&nbsp;main
</UL>

<P><STRONG><a name="[82]"></a>Task_set</STRONG> (Thumb, 284 bytes, Stack size 8 bytes, oled.o(.text))
<BR><BR>[Stack]<UL><LI>Max Depth = 192<LI>Call Chain = Task_set &rArr; OLED_Show3FNum &rArr; OLED_ShowNum &rArr; OLED_ShowChar &rArr; OLED_DrawPoint
</UL>
<BR>[Calls]<UL><LI><a href="#[d3]">&gt;&gt;</a>&nbsp;&nbsp;&nbsp;OLED_Show3FNum
<LI><a href="#[b0]">&gt;&gt;</a>&nbsp;&nbsp;&nbsp;OLED_Refresh_Gram
<LI><a href="#[ab]">&gt;&gt;</a>&nbsp;&nbsp;&nbsp;KEY_Scan
<LI><a href="#[a3]">&gt;&gt;</a>&nbsp;&nbsp;&nbsp;delay_ms
</UL>
<BR>[Called By]<UL><LI><a href="#[5d]">&gt;&gt;</a>&nbsp;&nbsp;&nbsp;main
</UL>

<P><STRONG><a name="[fb]"></a>Limit_Pwm_float</STRONG> (Thumb, 30 bytes, Stack size 0 bytes, control.o(.text))
<BR><BR>[Called By]<UL><LI><a href="#[d8]">&gt;&gt;</a>&nbsp;&nbsp;&nbsp;PID_Control7
<LI><a href="#[d7]">&gt;&gt;</a>&nbsp;&nbsp;&nbsp;PID_Control4
<LI><a href="#[fc]">&gt;&gt;</a>&nbsp;&nbsp;&nbsp;PID_Control5
</UL>

<P><STRONG><a name="[d4]"></a>read_Front_sensor</STRONG> (Thumb, 418 bytes, Stack size 8 bytes, control.o(.text))
<BR><BR>[Stack]<UL><LI>Max Depth = 16<LI>Call Chain = read_Front_sensor &rArr; Read_Front_xunji_Date
</UL>
<BR>[Calls]<UL><LI><a href="#[d5]">&gt;&gt;</a>&nbsp;&nbsp;&nbsp;Read_Front_xunji_Date
<LI><a href="#[ac]">&gt;&gt;</a>&nbsp;&nbsp;&nbsp;GPIO_ReadInputDataBit
</UL>
<BR>[Called By]<UL><LI><a href="#[42]">&gt;&gt;</a>&nbsp;&nbsp;&nbsp;TIM7_IRQHandler
</UL>

<P><STRONG><a name="[42]"></a>TIM7_IRQHandler</STRONG> (Thumb, 4264 bytes, Stack size 8 bytes, control.o(.text))
<BR><BR>[Stack]<UL><LI>Max Depth = 320<LI>Call Chain = TIM7_IRQHandler &rArr; mpu_mpl_get_data &rArr; dmp_read_fifo &rArr; mpu_read_fifo_stream &rArr; MPU_Read_Len &rArr; IIC_Read_Byte &rArr; IIC_NAck
</UL>
<BR>[Calls]<UL><LI><a href="#[d9]">&gt;&gt;</a>&nbsp;&nbsp;&nbsp;mpu_mpl_get_data
<LI><a href="#[d6]">&gt;&gt;</a>&nbsp;&nbsp;&nbsp;TIM_GetITStatus
<LI><a href="#[dd]">&gt;&gt;</a>&nbsp;&nbsp;&nbsp;TIM_ClearITPendingBit
<LI><a href="#[d8]">&gt;&gt;</a>&nbsp;&nbsp;&nbsp;PID_Control7
<LI><a href="#[d7]">&gt;&gt;</a>&nbsp;&nbsp;&nbsp;PID_Control4
<LI><a href="#[db]">&gt;&gt;</a>&nbsp;&nbsp;&nbsp;NRF24L01_TxPacket
<LI><a href="#[dc]">&gt;&gt;</a>&nbsp;&nbsp;&nbsp;NRF24L01_RxPacket
<LI><a href="#[da]">&gt;&gt;</a>&nbsp;&nbsp;&nbsp;Encoder_Fabs
<LI><a href="#[d4]">&gt;&gt;</a>&nbsp;&nbsp;&nbsp;read_Front_sensor
<LI><a href="#[d3]">&gt;&gt;</a>&nbsp;&nbsp;&nbsp;OLED_Show3FNum
<LI><a href="#[d1]">&gt;&gt;</a>&nbsp;&nbsp;&nbsp;OLED_ShowString
<LI><a href="#[b0]">&gt;&gt;</a>&nbsp;&nbsp;&nbsp;OLED_Refresh_Gram
<LI><a href="#[ac]">&gt;&gt;</a>&nbsp;&nbsp;&nbsp;GPIO_ReadInputDataBit
<LI><a href="#[a1]">&gt;&gt;</a>&nbsp;&nbsp;&nbsp;MotorALL_Ctrl
</UL>
<BR>[Address Reference Count : 1]<UL><LI> startup_stm32f40_41xxx.o(RESET)
</UL>
<P><STRONG><a name="[df]"></a>Read_EncoderL1</STRONG> (Thumb, 16 bytes, Stack size 0 bytes, encoder.o(.text))
<BR><BR>[Called By]<UL><LI><a href="#[de]">&gt;&gt;</a>&nbsp;&nbsp;&nbsp;Read_Encoder
</UL>

<P><STRONG><a name="[e0]"></a>Read_EncoderL2</STRONG> (Thumb, 14 bytes, Stack size 0 bytes, encoder.o(.text))
<BR><BR>[Called By]<UL><LI><a href="#[de]">&gt;&gt;</a>&nbsp;&nbsp;&nbsp;Read_Encoder
</UL>

<P><STRONG><a name="[e1]"></a>Read_EncoderR1</STRONG> (Thumb, 14 bytes, Stack size 0 bytes, encoder.o(.text))
<BR><BR>[Called By]<UL><LI><a href="#[de]">&gt;&gt;</a>&nbsp;&nbsp;&nbsp;Read_Encoder
</UL>

<P><STRONG><a name="[e2]"></a>Read_EncoderR2</STRONG> (Thumb, 14 bytes, Stack size 0 bytes, encoder.o(.text))
<BR><BR>[Called By]<UL><LI><a href="#[de]">&gt;&gt;</a>&nbsp;&nbsp;&nbsp;Read_Encoder
</UL>

<P><STRONG><a name="[de]"></a>Read_Encoder</STRONG> (Thumb, 36 bytes, Stack size 4 bytes, encoder.o(.text))
<BR><BR>[Stack]<UL><LI>Max Depth = 4<LI>Call Chain = Read_Encoder
</UL>
<BR>[Calls]<UL><LI><a href="#[e2]">&gt;&gt;</a>&nbsp;&nbsp;&nbsp;Read_EncoderR2
<LI><a href="#[e1]">&gt;&gt;</a>&nbsp;&nbsp;&nbsp;Read_EncoderR1
<LI><a href="#[e0]">&gt;&gt;</a>&nbsp;&nbsp;&nbsp;Read_EncoderL2
<LI><a href="#[df]">&gt;&gt;</a>&nbsp;&nbsp;&nbsp;Read_EncoderL1
</UL>
<BR>[Called By]<UL><LI><a href="#[da]">&gt;&gt;</a>&nbsp;&nbsp;&nbsp;Encoder_Fabs
</UL>

<P><STRONG><a name="[e3]"></a>Timer6_Init</STRONG> (Thumb, 102 bytes, Stack size 24 bytes, encoder.o(.text), UNUSED)
<BR><BR>[Calls]<UL><LI><a href="#[e5]">&gt;&gt;</a>&nbsp;&nbsp;&nbsp;TIM_TimeBaseInit
<LI><a href="#[e7]">&gt;&gt;</a>&nbsp;&nbsp;&nbsp;TIM_ITConfig
<LI><a href="#[e6]">&gt;&gt;</a>&nbsp;&nbsp;&nbsp;TIM_ClearFlag
<LI><a href="#[e4]">&gt;&gt;</a>&nbsp;&nbsp;&nbsp;RCC_APB1PeriphClockCmd
<LI><a href="#[e8]">&gt;&gt;</a>&nbsp;&nbsp;&nbsp;NVIC_Init
<LI><a href="#[a2]">&gt;&gt;</a>&nbsp;&nbsp;&nbsp;TIM_Cmd
</UL>

<P><STRONG><a name="[7a]"></a>TIM2_Encoder_Init</STRONG> (Thumb, 184 bytes, Stack size 48 bytes, encoder.o(.text))
<BR><BR>[Stack]<UL><LI>Max Depth = 84<LI>Call Chain = TIM2_Encoder_Init &rArr; TIM_ICInit &rArr; TI1_Config
</UL>
<BR>[Calls]<UL><LI><a href="#[e5]">&gt;&gt;</a>&nbsp;&nbsp;&nbsp;TIM_TimeBaseInit
<LI><a href="#[ed]">&gt;&gt;</a>&nbsp;&nbsp;&nbsp;TIM_SetCounter
<LI><a href="#[e7]">&gt;&gt;</a>&nbsp;&nbsp;&nbsp;TIM_ITConfig
<LI><a href="#[eb]">&gt;&gt;</a>&nbsp;&nbsp;&nbsp;TIM_ICStructInit
<LI><a href="#[ec]">&gt;&gt;</a>&nbsp;&nbsp;&nbsp;TIM_ICInit
<LI><a href="#[ea]">&gt;&gt;</a>&nbsp;&nbsp;&nbsp;TIM_EncoderInterfaceConfig
<LI><a href="#[e6]">&gt;&gt;</a>&nbsp;&nbsp;&nbsp;TIM_ClearFlag
<LI><a href="#[e4]">&gt;&gt;</a>&nbsp;&nbsp;&nbsp;RCC_APB1PeriphClockCmd
<LI><a href="#[e9]">&gt;&gt;</a>&nbsp;&nbsp;&nbsp;GPIO_PinAFConfig
<LI><a href="#[a8]">&gt;&gt;</a>&nbsp;&nbsp;&nbsp;RCC_AHB1PeriphClockCmd
<LI><a href="#[a9]">&gt;&gt;</a>&nbsp;&nbsp;&nbsp;GPIO_Init
<LI><a href="#[a2]">&gt;&gt;</a>&nbsp;&nbsp;&nbsp;TIM_Cmd
</UL>
<BR>[Called By]<UL><LI><a href="#[5d]">&gt;&gt;</a>&nbsp;&nbsp;&nbsp;main
</UL>

<P><STRONG><a name="[7b]"></a>TIM3_Encoder_Init</STRONG> (Thumb, 190 bytes, Stack size 48 bytes, encoder.o(.text))
<BR><BR>[Stack]<UL><LI>Max Depth = 84<LI>Call Chain = TIM3_Encoder_Init &rArr; TIM_ICInit &rArr; TI1_Config
</UL>
<BR>[Calls]<UL><LI><a href="#[e5]">&gt;&gt;</a>&nbsp;&nbsp;&nbsp;TIM_TimeBaseInit
<LI><a href="#[ed]">&gt;&gt;</a>&nbsp;&nbsp;&nbsp;TIM_SetCounter
<LI><a href="#[e7]">&gt;&gt;</a>&nbsp;&nbsp;&nbsp;TIM_ITConfig
<LI><a href="#[eb]">&gt;&gt;</a>&nbsp;&nbsp;&nbsp;TIM_ICStructInit
<LI><a href="#[ec]">&gt;&gt;</a>&nbsp;&nbsp;&nbsp;TIM_ICInit
<LI><a href="#[ea]">&gt;&gt;</a>&nbsp;&nbsp;&nbsp;TIM_EncoderInterfaceConfig
<LI><a href="#[e6]">&gt;&gt;</a>&nbsp;&nbsp;&nbsp;TIM_ClearFlag
<LI><a href="#[e4]">&gt;&gt;</a>&nbsp;&nbsp;&nbsp;RCC_APB1PeriphClockCmd
<LI><a href="#[e9]">&gt;&gt;</a>&nbsp;&nbsp;&nbsp;GPIO_PinAFConfig
<LI><a href="#[a8]">&gt;&gt;</a>&nbsp;&nbsp;&nbsp;RCC_AHB1PeriphClockCmd
<LI><a href="#[a9]">&gt;&gt;</a>&nbsp;&nbsp;&nbsp;GPIO_Init
<LI><a href="#[a2]">&gt;&gt;</a>&nbsp;&nbsp;&nbsp;TIM_Cmd
</UL>
<BR>[Called By]<UL><LI><a href="#[5d]">&gt;&gt;</a>&nbsp;&nbsp;&nbsp;main
</UL>

<P><STRONG><a name="[7c]"></a>TIM4_Encoder_Init</STRONG> (Thumb, 192 bytes, Stack size 48 bytes, encoder.o(.text))
<BR><BR>[Stack]<UL><LI>Max Depth = 84<LI>Call Chain = TIM4_Encoder_Init &rArr; TIM_ICInit &rArr; TI1_Config
</UL>
<BR>[Calls]<UL><LI><a href="#[e5]">&gt;&gt;</a>&nbsp;&nbsp;&nbsp;TIM_TimeBaseInit
<LI><a href="#[ed]">&gt;&gt;</a>&nbsp;&nbsp;&nbsp;TIM_SetCounter
<LI><a href="#[e7]">&gt;&gt;</a>&nbsp;&nbsp;&nbsp;TIM_ITConfig
<LI><a href="#[eb]">&gt;&gt;</a>&nbsp;&nbsp;&nbsp;TIM_ICStructInit
<LI><a href="#[ec]">&gt;&gt;</a>&nbsp;&nbsp;&nbsp;TIM_ICInit
<LI><a href="#[ea]">&gt;&gt;</a>&nbsp;&nbsp;&nbsp;TIM_EncoderInterfaceConfig
<LI><a href="#[e6]">&gt;&gt;</a>&nbsp;&nbsp;&nbsp;TIM_ClearFlag
<LI><a href="#[e4]">&gt;&gt;</a>&nbsp;&nbsp;&nbsp;RCC_APB1PeriphClockCmd
<LI><a href="#[e9]">&gt;&gt;</a>&nbsp;&nbsp;&nbsp;GPIO_PinAFConfig
<LI><a href="#[a8]">&gt;&gt;</a>&nbsp;&nbsp;&nbsp;RCC_AHB1PeriphClockCmd
<LI><a href="#[a9]">&gt;&gt;</a>&nbsp;&nbsp;&nbsp;GPIO_Init
<LI><a href="#[a2]">&gt;&gt;</a>&nbsp;&nbsp;&nbsp;TIM_Cmd
</UL>
<BR>[Called By]<UL><LI><a href="#[5d]">&gt;&gt;</a>&nbsp;&nbsp;&nbsp;main
</UL>

<P><STRONG><a name="[7d]"></a>TIM8_Encoder_Init</STRONG> (Thumb, 190 bytes, Stack size 48 bytes, encoder.o(.text))
<BR><BR>[Stack]<UL><LI>Max Depth = 84<LI>Call Chain = TIM8_Encoder_Init &rArr; TIM_ICInit &rArr; TI1_Config
</UL>
<BR>[Calls]<UL><LI><a href="#[e5]">&gt;&gt;</a>&nbsp;&nbsp;&nbsp;TIM_TimeBaseInit
<LI><a href="#[ed]">&gt;&gt;</a>&nbsp;&nbsp;&nbsp;TIM_SetCounter
<LI><a href="#[e7]">&gt;&gt;</a>&nbsp;&nbsp;&nbsp;TIM_ITConfig
<LI><a href="#[eb]">&gt;&gt;</a>&nbsp;&nbsp;&nbsp;TIM_ICStructInit
<LI><a href="#[ec]">&gt;&gt;</a>&nbsp;&nbsp;&nbsp;TIM_ICInit
<LI><a href="#[ea]">&gt;&gt;</a>&nbsp;&nbsp;&nbsp;TIM_EncoderInterfaceConfig
<LI><a href="#[e6]">&gt;&gt;</a>&nbsp;&nbsp;&nbsp;TIM_ClearFlag
<LI><a href="#[ee]">&gt;&gt;</a>&nbsp;&nbsp;&nbsp;RCC_APB2PeriphClockCmd
<LI><a href="#[e9]">&gt;&gt;</a>&nbsp;&nbsp;&nbsp;GPIO_PinAFConfig
<LI><a href="#[a8]">&gt;&gt;</a>&nbsp;&nbsp;&nbsp;RCC_AHB1PeriphClockCmd
<LI><a href="#[a9]">&gt;&gt;</a>&nbsp;&nbsp;&nbsp;GPIO_Init
<LI><a href="#[a2]">&gt;&gt;</a>&nbsp;&nbsp;&nbsp;TIM_Cmd
</UL>
<BR>[Called By]<UL><LI><a href="#[5d]">&gt;&gt;</a>&nbsp;&nbsp;&nbsp;main
</UL>

<P><STRONG><a name="[da]"></a>Encoder_Fabs</STRONG> (Thumb, 274 bytes, Stack size 4 bytes, encoder.o(.text))
<BR><BR>[Stack]<UL><LI>Max Depth = 8<LI>Call Chain = Encoder_Fabs &rArr; Read_Encoder
</UL>
<BR>[Calls]<UL><LI><a href="#[de]">&gt;&gt;</a>&nbsp;&nbsp;&nbsp;Read_Encoder
</UL>
<BR>[Called By]<UL><LI><a href="#[42]">&gt;&gt;</a>&nbsp;&nbsp;&nbsp;TIM7_IRQHandler
</UL>

<P><STRONG><a name="[71]"></a>XUNJI_Front_GPIO_Init</STRONG> (Thumb, 132 bytes, Stack size 16 bytes, xunji.o(.text))
<BR><BR>[Stack]<UL><LI>Max Depth = 36<LI>Call Chain = XUNJI_Front_GPIO_Init &rArr; GPIO_Init
</UL>
<BR>[Calls]<UL><LI><a href="#[a8]">&gt;&gt;</a>&nbsp;&nbsp;&nbsp;RCC_AHB1PeriphClockCmd
<LI><a href="#[a9]">&gt;&gt;</a>&nbsp;&nbsp;&nbsp;GPIO_Init
</UL>
<BR>[Called By]<UL><LI><a href="#[5d]">&gt;&gt;</a>&nbsp;&nbsp;&nbsp;main
<LI><a href="#[129]">&gt;&gt;</a>&nbsp;&nbsp;&nbsp;EXTIX6_Init
<LI><a href="#[128]">&gt;&gt;</a>&nbsp;&nbsp;&nbsp;EXTIX5_Init
<LI><a href="#[127]">&gt;&gt;</a>&nbsp;&nbsp;&nbsp;EXTIX4_Init
<LI><a href="#[126]">&gt;&gt;</a>&nbsp;&nbsp;&nbsp;EXTIX3_Init
<LI><a href="#[125]">&gt;&gt;</a>&nbsp;&nbsp;&nbsp;EXTIX1_Init
<LI><a href="#[121]">&gt;&gt;</a>&nbsp;&nbsp;&nbsp;EXTIX2_Init
</UL>

<P><STRONG><a name="[d5]"></a>Read_Front_xunji_Date</STRONG> (Thumb, 50 bytes, Stack size 8 bytes, xunji.o(.text))
<BR><BR>[Stack]<UL><LI>Max Depth = 8<LI>Call Chain = Read_Front_xunji_Date
</UL>
<BR>[Calls]<UL><LI><a href="#[ac]">&gt;&gt;</a>&nbsp;&nbsp;&nbsp;GPIO_ReadInputDataBit
</UL>
<BR>[Called By]<UL><LI><a href="#[d4]">&gt;&gt;</a>&nbsp;&nbsp;&nbsp;read_Front_sensor
</UL>

<P><STRONG><a name="[78]"></a>MOTO_GPIO_Init</STRONG> (Thumb, 188 bytes, Stack size 16 bytes, motor.o(.text))
<BR><BR>[Stack]<UL><LI>Max Depth = 36<LI>Call Chain = MOTO_GPIO_Init &rArr; GPIO_Init
</UL>
<BR>[Calls]<UL><LI><a href="#[a8]">&gt;&gt;</a>&nbsp;&nbsp;&nbsp;RCC_AHB1PeriphClockCmd
<LI><a href="#[a9]">&gt;&gt;</a>&nbsp;&nbsp;&nbsp;GPIO_Init
</UL>
<BR>[Called By]<UL><LI><a href="#[5d]">&gt;&gt;</a>&nbsp;&nbsp;&nbsp;main
</UL>

<P><STRONG><a name="[ef]"></a>MotorA_Ctrl</STRONG> (Thumb, 94 bytes, Stack size 8 bytes, motor.o(.text))
<BR><BR>[Stack]<UL><LI>Max Depth = 8<LI>Call Chain = MotorA_Ctrl
</UL>
<BR>[Calls]<UL><LI><a href="#[aa]">&gt;&gt;</a>&nbsp;&nbsp;&nbsp;GPIO_SetBits
<LI><a href="#[f1]">&gt;&gt;</a>&nbsp;&nbsp;&nbsp;TIM_SetCompare1
<LI><a href="#[f0]">&gt;&gt;</a>&nbsp;&nbsp;&nbsp;GPIO_ResetBits
</UL>
<BR>[Called By]<UL><LI><a href="#[a1]">&gt;&gt;</a>&nbsp;&nbsp;&nbsp;MotorALL_Ctrl
</UL>

<P><STRONG><a name="[f2]"></a>MotorB_Ctrl</STRONG> (Thumb, 94 bytes, Stack size 8 bytes, motor.o(.text))
<BR><BR>[Stack]<UL><LI>Max Depth = 8<LI>Call Chain = MotorB_Ctrl
</UL>
<BR>[Calls]<UL><LI><a href="#[aa]">&gt;&gt;</a>&nbsp;&nbsp;&nbsp;GPIO_SetBits
<LI><a href="#[f3]">&gt;&gt;</a>&nbsp;&nbsp;&nbsp;TIM_SetCompare2
<LI><a href="#[f0]">&gt;&gt;</a>&nbsp;&nbsp;&nbsp;GPIO_ResetBits
</UL>
<BR>[Called By]<UL><LI><a href="#[a1]">&gt;&gt;</a>&nbsp;&nbsp;&nbsp;MotorALL_Ctrl
</UL>

<P><STRONG><a name="[f4]"></a>MotorC_Ctrl</STRONG> (Thumb, 94 bytes, Stack size 8 bytes, motor.o(.text))
<BR><BR>[Stack]<UL><LI>Max Depth = 8<LI>Call Chain = MotorC_Ctrl
</UL>
<BR>[Calls]<UL><LI><a href="#[aa]">&gt;&gt;</a>&nbsp;&nbsp;&nbsp;GPIO_SetBits
<LI><a href="#[f5]">&gt;&gt;</a>&nbsp;&nbsp;&nbsp;TIM_SetCompare3
<LI><a href="#[f0]">&gt;&gt;</a>&nbsp;&nbsp;&nbsp;GPIO_ResetBits
</UL>
<BR>[Called By]<UL><LI><a href="#[a1]">&gt;&gt;</a>&nbsp;&nbsp;&nbsp;MotorALL_Ctrl
</UL>

<P><STRONG><a name="[f6]"></a>MotorD_Ctrl</STRONG> (Thumb, 94 bytes, Stack size 8 bytes, motor.o(.text))
<BR><BR>[Stack]<UL><LI>Max Depth = 8<LI>Call Chain = MotorD_Ctrl
</UL>
<BR>[Calls]<UL><LI><a href="#[aa]">&gt;&gt;</a>&nbsp;&nbsp;&nbsp;GPIO_SetBits
<LI><a href="#[f7]">&gt;&gt;</a>&nbsp;&nbsp;&nbsp;TIM_SetCompare4
<LI><a href="#[f0]">&gt;&gt;</a>&nbsp;&nbsp;&nbsp;GPIO_ResetBits
</UL>
<BR>[Called By]<UL><LI><a href="#[a1]">&gt;&gt;</a>&nbsp;&nbsp;&nbsp;MotorALL_Ctrl
</UL>

<P><STRONG><a name="[a1]"></a>MotorALL_Ctrl</STRONG> (Thumb, 76 bytes, Stack size 24 bytes, motor.o(.text))
<BR><BR>[Stack]<UL><LI>Max Depth = 32<LI>Call Chain = MotorALL_Ctrl &rArr; MotorD_Ctrl
</UL>
<BR>[Calls]<UL><LI><a href="#[f6]">&gt;&gt;</a>&nbsp;&nbsp;&nbsp;MotorD_Ctrl
<LI><a href="#[f4]">&gt;&gt;</a>&nbsp;&nbsp;&nbsp;MotorC_Ctrl
<LI><a href="#[f2]">&gt;&gt;</a>&nbsp;&nbsp;&nbsp;MotorB_Ctrl
<LI><a href="#[ef]">&gt;&gt;</a>&nbsp;&nbsp;&nbsp;MotorA_Ctrl
</UL>
<BR>[Called By]<UL><LI><a href="#[f8]">&gt;&gt;</a>&nbsp;&nbsp;&nbsp;turn_1
<LI><a href="#[42]">&gt;&gt;</a>&nbsp;&nbsp;&nbsp;TIM7_IRQHandler
<LI><a href="#[8d]">&gt;&gt;</a>&nbsp;&nbsp;&nbsp;turn_F_R
<LI><a href="#[84]">&gt;&gt;</a>&nbsp;&nbsp;&nbsp;turn_F_L
<LI><a href="#[90]">&gt;&gt;</a>&nbsp;&nbsp;&nbsp;turn_B_R
<LI><a href="#[8a]">&gt;&gt;</a>&nbsp;&nbsp;&nbsp;turn_B_L
<LI><a href="#[9b]">&gt;&gt;</a>&nbsp;&nbsp;&nbsp;turn_3_R
<LI><a href="#[9e]">&gt;&gt;</a>&nbsp;&nbsp;&nbsp;turn_3_L
<LI><a href="#[97]">&gt;&gt;</a>&nbsp;&nbsp;&nbsp;turn_3_8
<LI><a href="#[96]">&gt;&gt;</a>&nbsp;&nbsp;&nbsp;turn_3_7
<LI><a href="#[98]">&gt;&gt;</a>&nbsp;&nbsp;&nbsp;turn_3_6
<LI><a href="#[a0]">&gt;&gt;</a>&nbsp;&nbsp;&nbsp;turn_3_5
<LI><a href="#[9d]">&gt;&gt;</a>&nbsp;&nbsp;&nbsp;turn_3_4
<LI><a href="#[9c]">&gt;&gt;</a>&nbsp;&nbsp;&nbsp;turn_3_3
<LI><a href="#[93]">&gt;&gt;</a>&nbsp;&nbsp;&nbsp;turn_3_10
<LI><a href="#[83]">&gt;&gt;</a>&nbsp;&nbsp;&nbsp;go_stright
<LI><a href="#[5d]">&gt;&gt;</a>&nbsp;&nbsp;&nbsp;main
<LI><a href="#[fa]">&gt;&gt;</a>&nbsp;&nbsp;&nbsp;turn_3_9
</UL>

<P><STRONG><a name="[89]"></a>start</STRONG> (Thumb, 8 bytes, Stack size 0 bytes, motor.o(.text))
<BR><BR>[Called By]<UL><LI><a href="#[5d]">&gt;&gt;</a>&nbsp;&nbsp;&nbsp;main
</UL>

<P><STRONG><a name="[f8]"></a>turn_1</STRONG> (Thumb, 58 bytes, Stack size 8 bytes, motor.o(.text), UNUSED)
<BR><BR>[Calls]<UL><LI><a href="#[a1]">&gt;&gt;</a>&nbsp;&nbsp;&nbsp;MotorALL_Ctrl
</UL>

<P><STRONG><a name="[8d]"></a>turn_F_R</STRONG> (Thumb, 230 bytes, Stack size 32 bytes, motor.o(.text))
<BR><BR>[Stack]<UL><LI>Max Depth = 120<LI>Call Chain = turn_F_R &rArr; __aeabi_dmul &rArr; _double_epilogue &rArr; _double_round
</UL>
<BR>[Calls]<UL><LI><a href="#[bf]">&gt;&gt;</a>&nbsp;&nbsp;&nbsp;__aeabi_i2d
<LI><a href="#[c2]">&gt;&gt;</a>&nbsp;&nbsp;&nbsp;__aeabi_d2f
<LI><a href="#[a1]">&gt;&gt;</a>&nbsp;&nbsp;&nbsp;MotorALL_Ctrl
<LI><a href="#[f9]">&gt;&gt;</a>&nbsp;&nbsp;&nbsp;__aeabi_dmul
</UL>
<BR>[Called By]<UL><LI><a href="#[5d]">&gt;&gt;</a>&nbsp;&nbsp;&nbsp;main
</UL>

<P><STRONG><a name="[9b]"></a>turn_3_R</STRONG> (Thumb, 340 bytes, Stack size 32 bytes, motor.o(.text))
<BR><BR>[Stack]<UL><LI>Max Depth = 120<LI>Call Chain = turn_3_R &rArr; __aeabi_dmul &rArr; _double_epilogue &rArr; _double_round
</UL>
<BR>[Calls]<UL><LI><a href="#[bf]">&gt;&gt;</a>&nbsp;&nbsp;&nbsp;__aeabi_i2d
<LI><a href="#[c2]">&gt;&gt;</a>&nbsp;&nbsp;&nbsp;__aeabi_d2f
<LI><a href="#[a1]">&gt;&gt;</a>&nbsp;&nbsp;&nbsp;MotorALL_Ctrl
<LI><a href="#[f9]">&gt;&gt;</a>&nbsp;&nbsp;&nbsp;__aeabi_dmul
</UL>
<BR>[Called By]<UL><LI><a href="#[5d]">&gt;&gt;</a>&nbsp;&nbsp;&nbsp;main
</UL>

<P><STRONG><a name="[9e]"></a>turn_3_L</STRONG> (Thumb, 224 bytes, Stack size 32 bytes, motor.o(.text))
<BR><BR>[Stack]<UL><LI>Max Depth = 120<LI>Call Chain = turn_3_L &rArr; __aeabi_dmul &rArr; _double_epilogue &rArr; _double_round
</UL>
<BR>[Calls]<UL><LI><a href="#[bf]">&gt;&gt;</a>&nbsp;&nbsp;&nbsp;__aeabi_i2d
<LI><a href="#[c2]">&gt;&gt;</a>&nbsp;&nbsp;&nbsp;__aeabi_d2f
<LI><a href="#[a1]">&gt;&gt;</a>&nbsp;&nbsp;&nbsp;MotorALL_Ctrl
<LI><a href="#[f9]">&gt;&gt;</a>&nbsp;&nbsp;&nbsp;__aeabi_dmul
</UL>
<BR>[Called By]<UL><LI><a href="#[5d]">&gt;&gt;</a>&nbsp;&nbsp;&nbsp;main
</UL>

<P><STRONG><a name="[90]"></a>turn_B_R</STRONG> (Thumb, 242 bytes, Stack size 32 bytes, motor.o(.text))
<BR><BR>[Stack]<UL><LI>Max Depth = 120<LI>Call Chain = turn_B_R &rArr; __aeabi_dmul &rArr; _double_epilogue &rArr; _double_round
</UL>
<BR>[Calls]<UL><LI><a href="#[bf]">&gt;&gt;</a>&nbsp;&nbsp;&nbsp;__aeabi_i2d
<LI><a href="#[c2]">&gt;&gt;</a>&nbsp;&nbsp;&nbsp;__aeabi_d2f
<LI><a href="#[a1]">&gt;&gt;</a>&nbsp;&nbsp;&nbsp;MotorALL_Ctrl
<LI><a href="#[f9]">&gt;&gt;</a>&nbsp;&nbsp;&nbsp;__aeabi_dmul
</UL>
<BR>[Called By]<UL><LI><a href="#[5d]">&gt;&gt;</a>&nbsp;&nbsp;&nbsp;main
</UL>

<P><STRONG><a name="[84]"></a>turn_F_L</STRONG> (Thumb, 230 bytes, Stack size 32 bytes, motor.o(.text))
<BR><BR>[Stack]<UL><LI>Max Depth = 120<LI>Call Chain = turn_F_L &rArr; __aeabi_dmul &rArr; _double_epilogue &rArr; _double_round
</UL>
<BR>[Calls]<UL><LI><a href="#[bf]">&gt;&gt;</a>&nbsp;&nbsp;&nbsp;__aeabi_i2d
<LI><a href="#[c2]">&gt;&gt;</a>&nbsp;&nbsp;&nbsp;__aeabi_d2f
<LI><a href="#[a1]">&gt;&gt;</a>&nbsp;&nbsp;&nbsp;MotorALL_Ctrl
<LI><a href="#[f9]">&gt;&gt;</a>&nbsp;&nbsp;&nbsp;__aeabi_dmul
</UL>
<BR>[Called By]<UL><LI><a href="#[5d]">&gt;&gt;</a>&nbsp;&nbsp;&nbsp;main
</UL>

<P><STRONG><a name="[8a]"></a>turn_B_L</STRONG> (Thumb, 276 bytes, Stack size 32 bytes, motor.o(.text))
<BR><BR>[Stack]<UL><LI>Max Depth = 120<LI>Call Chain = turn_B_L &rArr; __aeabi_dmul &rArr; _double_epilogue &rArr; _double_round
</UL>
<BR>[Calls]<UL><LI><a href="#[bf]">&gt;&gt;</a>&nbsp;&nbsp;&nbsp;__aeabi_i2d
<LI><a href="#[c2]">&gt;&gt;</a>&nbsp;&nbsp;&nbsp;__aeabi_d2f
<LI><a href="#[a1]">&gt;&gt;</a>&nbsp;&nbsp;&nbsp;MotorALL_Ctrl
<LI><a href="#[f9]">&gt;&gt;</a>&nbsp;&nbsp;&nbsp;__aeabi_dmul
</UL>
<BR>[Called By]<UL><LI><a href="#[5d]">&gt;&gt;</a>&nbsp;&nbsp;&nbsp;main
</UL>

<P><STRONG><a name="[9c]"></a>turn_3_3</STRONG> (Thumb, 254 bytes, Stack size 32 bytes, motor.o(.text))
<BR><BR>[Stack]<UL><LI>Max Depth = 120<LI>Call Chain = turn_3_3 &rArr; __aeabi_dmul &rArr; _double_epilogue &rArr; _double_round
</UL>
<BR>[Calls]<UL><LI><a href="#[bf]">&gt;&gt;</a>&nbsp;&nbsp;&nbsp;__aeabi_i2d
<LI><a href="#[c2]">&gt;&gt;</a>&nbsp;&nbsp;&nbsp;__aeabi_d2f
<LI><a href="#[a1]">&gt;&gt;</a>&nbsp;&nbsp;&nbsp;MotorALL_Ctrl
<LI><a href="#[f9]">&gt;&gt;</a>&nbsp;&nbsp;&nbsp;__aeabi_dmul
</UL>
<BR>[Called By]<UL><LI><a href="#[5d]">&gt;&gt;</a>&nbsp;&nbsp;&nbsp;main
</UL>

<P><STRONG><a name="[9d]"></a>turn_3_4</STRONG> (Thumb, 228 bytes, Stack size 32 bytes, motor.o(.text))
<BR><BR>[Stack]<UL><LI>Max Depth = 120<LI>Call Chain = turn_3_4 &rArr; __aeabi_dmul &rArr; _double_epilogue &rArr; _double_round
</UL>
<BR>[Calls]<UL><LI><a href="#[bf]">&gt;&gt;</a>&nbsp;&nbsp;&nbsp;__aeabi_i2d
<LI><a href="#[c2]">&gt;&gt;</a>&nbsp;&nbsp;&nbsp;__aeabi_d2f
<LI><a href="#[a1]">&gt;&gt;</a>&nbsp;&nbsp;&nbsp;MotorALL_Ctrl
<LI><a href="#[f9]">&gt;&gt;</a>&nbsp;&nbsp;&nbsp;__aeabi_dmul
</UL>
<BR>[Called By]<UL><LI><a href="#[5d]">&gt;&gt;</a>&nbsp;&nbsp;&nbsp;main
</UL>

<P><STRONG><a name="[a0]"></a>turn_3_5</STRONG> (Thumb, 230 bytes, Stack size 32 bytes, motor.o(.text))
<BR><BR>[Stack]<UL><LI>Max Depth = 120<LI>Call Chain = turn_3_5 &rArr; __aeabi_dmul &rArr; _double_epilogue &rArr; _double_round
</UL>
<BR>[Calls]<UL><LI><a href="#[bf]">&gt;&gt;</a>&nbsp;&nbsp;&nbsp;__aeabi_i2d
<LI><a href="#[c2]">&gt;&gt;</a>&nbsp;&nbsp;&nbsp;__aeabi_d2f
<LI><a href="#[a1]">&gt;&gt;</a>&nbsp;&nbsp;&nbsp;MotorALL_Ctrl
<LI><a href="#[f9]">&gt;&gt;</a>&nbsp;&nbsp;&nbsp;__aeabi_dmul
</UL>
<BR>[Called By]<UL><LI><a href="#[5d]">&gt;&gt;</a>&nbsp;&nbsp;&nbsp;main
</UL>

<P><STRONG><a name="[98]"></a>turn_3_6</STRONG> (Thumb, 224 bytes, Stack size 32 bytes, motor.o(.text))
<BR><BR>[Stack]<UL><LI>Max Depth = 120<LI>Call Chain = turn_3_6 &rArr; __aeabi_dmul &rArr; _double_epilogue &rArr; _double_round
</UL>
<BR>[Calls]<UL><LI><a href="#[bf]">&gt;&gt;</a>&nbsp;&nbsp;&nbsp;__aeabi_i2d
<LI><a href="#[c2]">&gt;&gt;</a>&nbsp;&nbsp;&nbsp;__aeabi_d2f
<LI><a href="#[a1]">&gt;&gt;</a>&nbsp;&nbsp;&nbsp;MotorALL_Ctrl
<LI><a href="#[f9]">&gt;&gt;</a>&nbsp;&nbsp;&nbsp;__aeabi_dmul
</UL>
<BR>[Called By]<UL><LI><a href="#[5d]">&gt;&gt;</a>&nbsp;&nbsp;&nbsp;main
</UL>

<P><STRONG><a name="[96]"></a>turn_3_7</STRONG> (Thumb, 316 bytes, Stack size 32 bytes, motor.o(.text))
<BR><BR>[Stack]<UL><LI>Max Depth = 120<LI>Call Chain = turn_3_7 &rArr; __aeabi_dmul &rArr; _double_epilogue &rArr; _double_round
</UL>
<BR>[Calls]<UL><LI><a href="#[bf]">&gt;&gt;</a>&nbsp;&nbsp;&nbsp;__aeabi_i2d
<LI><a href="#[c2]">&gt;&gt;</a>&nbsp;&nbsp;&nbsp;__aeabi_d2f
<LI><a href="#[a1]">&gt;&gt;</a>&nbsp;&nbsp;&nbsp;MotorALL_Ctrl
<LI><a href="#[f9]">&gt;&gt;</a>&nbsp;&nbsp;&nbsp;__aeabi_dmul
</UL>
<BR>[Called By]<UL><LI><a href="#[5d]">&gt;&gt;</a>&nbsp;&nbsp;&nbsp;main
</UL>

<P><STRONG><a name="[97]"></a>turn_3_8</STRONG> (Thumb, 228 bytes, Stack size 32 bytes, motor.o(.text))
<BR><BR>[Stack]<UL><LI>Max Depth = 120<LI>Call Chain = turn_3_8 &rArr; __aeabi_dmul &rArr; _double_epilogue &rArr; _double_round
</UL>
<BR>[Calls]<UL><LI><a href="#[bf]">&gt;&gt;</a>&nbsp;&nbsp;&nbsp;__aeabi_i2d
<LI><a href="#[c2]">&gt;&gt;</a>&nbsp;&nbsp;&nbsp;__aeabi_d2f
<LI><a href="#[a1]">&gt;&gt;</a>&nbsp;&nbsp;&nbsp;MotorALL_Ctrl
<LI><a href="#[f9]">&gt;&gt;</a>&nbsp;&nbsp;&nbsp;__aeabi_dmul
</UL>
<BR>[Called By]<UL><LI><a href="#[5d]">&gt;&gt;</a>&nbsp;&nbsp;&nbsp;main
</UL>

<P><STRONG><a name="[fa]"></a>turn_3_9</STRONG> (Thumb, 216 bytes, Stack size 32 bytes, motor.o(.text), UNUSED)
<BR><BR>[Calls]<UL><LI><a href="#[bf]">&gt;&gt;</a>&nbsp;&nbsp;&nbsp;__aeabi_i2d
<LI><a href="#[c2]">&gt;&gt;</a>&nbsp;&nbsp;&nbsp;__aeabi_d2f
<LI><a href="#[a1]">&gt;&gt;</a>&nbsp;&nbsp;&nbsp;MotorALL_Ctrl
<LI><a href="#[f9]">&gt;&gt;</a>&nbsp;&nbsp;&nbsp;__aeabi_dmul
</UL>

<P><STRONG><a name="[93]"></a>turn_3_10</STRONG> (Thumb, 232 bytes, Stack size 32 bytes, motor.o(.text))
<BR><BR>[Stack]<UL><LI>Max Depth = 120<LI>Call Chain = turn_3_10 &rArr; __aeabi_dmul &rArr; _double_epilogue &rArr; _double_round
</UL>
<BR>[Calls]<UL><LI><a href="#[bf]">&gt;&gt;</a>&nbsp;&nbsp;&nbsp;__aeabi_i2d
<LI><a href="#[c2]">&gt;&gt;</a>&nbsp;&nbsp;&nbsp;__aeabi_d2f
<LI><a href="#[a1]">&gt;&gt;</a>&nbsp;&nbsp;&nbsp;MotorALL_Ctrl
<LI><a href="#[f9]">&gt;&gt;</a>&nbsp;&nbsp;&nbsp;__aeabi_dmul
</UL>
<BR>[Called By]<UL><LI><a href="#[5d]">&gt;&gt;</a>&nbsp;&nbsp;&nbsp;main
</UL>

<P><STRONG><a name="[91]"></a>go_stright_5</STRONG> (Thumb, 220 bytes, Stack size 8 bytes, motor.o(.text))
<BR><BR>[Stack]<UL><LI>Max Depth = 8<LI>Call Chain = go_stright_5
</UL>
<BR>[Called By]<UL><LI><a href="#[5d]">&gt;&gt;</a>&nbsp;&nbsp;&nbsp;main
</UL>

<P><STRONG><a name="[83]"></a>go_stright</STRONG> (Thumb, 354 bytes, Stack size 16 bytes, motor.o(.text))
<BR><BR>[Stack]<UL><LI>Max Depth = 48<LI>Call Chain = go_stright &rArr; MotorALL_Ctrl &rArr; MotorD_Ctrl
</UL>
<BR>[Calls]<UL><LI><a href="#[ac]">&gt;&gt;</a>&nbsp;&nbsp;&nbsp;GPIO_ReadInputDataBit
<LI><a href="#[a1]">&gt;&gt;</a>&nbsp;&nbsp;&nbsp;MotorALL_Ctrl
</UL>
<BR>[Called By]<UL><LI><a href="#[5d]">&gt;&gt;</a>&nbsp;&nbsp;&nbsp;main
</UL>

<P><STRONG><a name="[99]"></a>go_stright_3</STRONG> (Thumb, 216 bytes, Stack size 8 bytes, motor.o(.text))
<BR><BR>[Stack]<UL><LI>Max Depth = 8<LI>Call Chain = go_stright_3
</UL>
<BR>[Called By]<UL><LI><a href="#[5d]">&gt;&gt;</a>&nbsp;&nbsp;&nbsp;main
</UL>

<P><STRONG><a name="[8b]"></a>go_back</STRONG> (Thumb, 206 bytes, Stack size 8 bytes, motor.o(.text))
<BR><BR>[Stack]<UL><LI>Max Depth = 8<LI>Call Chain = go_back
</UL>
<BR>[Called By]<UL><LI><a href="#[5d]">&gt;&gt;</a>&nbsp;&nbsp;&nbsp;main
</UL>

<P><STRONG><a name="[94]"></a>go_3_3</STRONG> (Thumb, 270 bytes, Stack size 8 bytes, motor.o(.text))
<BR><BR>[Stack]<UL><LI>Max Depth = 8<LI>Call Chain = go_3_3
</UL>
<BR>[Called By]<UL><LI><a href="#[5d]">&gt;&gt;</a>&nbsp;&nbsp;&nbsp;main
</UL>

<P><STRONG><a name="[95]"></a>go_3_4</STRONG> (Thumb, 206 bytes, Stack size 8 bytes, motor.o(.text))
<BR><BR>[Stack]<UL><LI>Max Depth = 8<LI>Call Chain = go_3_4
</UL>
<BR>[Called By]<UL><LI><a href="#[5d]">&gt;&gt;</a>&nbsp;&nbsp;&nbsp;main
</UL>

<P><STRONG><a name="[9f]"></a>go_3_5</STRONG> (Thumb, 206 bytes, Stack size 8 bytes, motor.o(.text))
<BR><BR>[Stack]<UL><LI>Max Depth = 8<LI>Call Chain = go_3_5
</UL>
<BR>[Called By]<UL><LI><a href="#[5d]">&gt;&gt;</a>&nbsp;&nbsp;&nbsp;main
</UL>

<P><STRONG><a name="[9a]"></a>go_3_6</STRONG> (Thumb, 206 bytes, Stack size 8 bytes, motor.o(.text))
<BR><BR>[Stack]<UL><LI>Max Depth = 8<LI>Call Chain = go_3_6
</UL>
<BR>[Called By]<UL><LI><a href="#[5d]">&gt;&gt;</a>&nbsp;&nbsp;&nbsp;main
</UL>

<P><STRONG><a name="[a6]"></a>go_right_5</STRONG> (Thumb, 206 bytes, Stack size 8 bytes, motor.o(.text))
<BR><BR>[Stack]<UL><LI>Max Depth = 8<LI>Call Chain = go_right_5
</UL>
<BR>[Called By]<UL><LI><a href="#[5d]">&gt;&gt;</a>&nbsp;&nbsp;&nbsp;main
</UL>

<P><STRONG><a name="[8e]"></a>go_right</STRONG> (Thumb, 248 bytes, Stack size 8 bytes, motor.o(.text))
<BR><BR>[Stack]<UL><LI>Max Depth = 8<LI>Call Chain = go_right
</UL>
<BR>[Called By]<UL><LI><a href="#[5d]">&gt;&gt;</a>&nbsp;&nbsp;&nbsp;main
</UL>

<P><STRONG><a name="[334]"></a>go_right_3</STRONG> (Thumb, 206 bytes, Stack size 8 bytes, motor.o(.text), UNUSED)

<P><STRONG><a name="[88]"></a>go_B_right</STRONG> (Thumb, 206 bytes, Stack size 8 bytes, motor.o(.text))
<BR><BR>[Stack]<UL><LI>Max Depth = 8<LI>Call Chain = go_B_right
</UL>
<BR>[Called By]<UL><LI><a href="#[5d]">&gt;&gt;</a>&nbsp;&nbsp;&nbsp;main
</UL>

<P><STRONG><a name="[8f]"></a>go_B_left</STRONG> (Thumb, 206 bytes, Stack size 8 bytes, motor.o(.text))
<BR><BR>[Stack]<UL><LI>Max Depth = 8<LI>Call Chain = go_B_left
</UL>
<BR>[Called By]<UL><LI><a href="#[5d]">&gt;&gt;</a>&nbsp;&nbsp;&nbsp;main
</UL>

<P><STRONG><a name="[a5]"></a>go_left_5</STRONG> (Thumb, 206 bytes, Stack size 8 bytes, motor.o(.text))
<BR><BR>[Stack]<UL><LI>Max Depth = 8<LI>Call Chain = go_left_5
</UL>
<BR>[Called By]<UL><LI><a href="#[5d]">&gt;&gt;</a>&nbsp;&nbsp;&nbsp;main
</UL>

<P><STRONG><a name="[86]"></a>go_left</STRONG> (Thumb, 252 bytes, Stack size 8 bytes, motor.o(.text))
<BR><BR>[Stack]<UL><LI>Max Depth = 8<LI>Call Chain = go_left
</UL>
<BR>[Called By]<UL><LI><a href="#[5d]">&gt;&gt;</a>&nbsp;&nbsp;&nbsp;main
</UL>

<P><STRONG><a name="[92]"></a>go_left_3</STRONG> (Thumb, 206 bytes, Stack size 8 bytes, motor.o(.text))
<BR><BR>[Stack]<UL><LI>Max Depth = 8<LI>Call Chain = go_left_3
</UL>
<BR>[Called By]<UL><LI><a href="#[5d]">&gt;&gt;</a>&nbsp;&nbsp;&nbsp;main
</UL>

<P><STRONG><a name="[d7]"></a>PID_Control4</STRONG> (Thumb, 242 bytes, Stack size 16 bytes, pid.o(.text))
<BR><BR>[Stack]<UL><LI>Max Depth = 16<LI>Call Chain = PID_Control4
</UL>
<BR>[Calls]<UL><LI><a href="#[fb]">&gt;&gt;</a>&nbsp;&nbsp;&nbsp;Limit_Pwm_float
</UL>
<BR>[Called By]<UL><LI><a href="#[42]">&gt;&gt;</a>&nbsp;&nbsp;&nbsp;TIM7_IRQHandler
</UL>

<P><STRONG><a name="[fc]"></a>PID_Control5</STRONG> (Thumb, 214 bytes, Stack size 16 bytes, pid.o(.text), UNUSED)
<BR><BR>[Calls]<UL><LI><a href="#[fb]">&gt;&gt;</a>&nbsp;&nbsp;&nbsp;Limit_Pwm_float
</UL>

<P><STRONG><a name="[80]"></a>PID_Init</STRONG> (Thumb, 94 bytes, Stack size 0 bytes, pid.o(.text))
<BR><BR>[Called By]<UL><LI><a href="#[5d]">&gt;&gt;</a>&nbsp;&nbsp;&nbsp;main
</UL>

<P><STRONG><a name="[d8]"></a>PID_Control7</STRONG> (Thumb, 242 bytes, Stack size 16 bytes, pid.o(.text))
<BR><BR>[Stack]<UL><LI>Max Depth = 16<LI>Call Chain = PID_Control7
</UL>
<BR>[Calls]<UL><LI><a href="#[fb]">&gt;&gt;</a>&nbsp;&nbsp;&nbsp;Limit_Pwm_float
</UL>
<BR>[Called By]<UL><LI><a href="#[42]">&gt;&gt;</a>&nbsp;&nbsp;&nbsp;TIM7_IRQHandler
</UL>

<P><STRONG><a name="[fd]"></a>TIM2_PWM_Init</STRONG> (Thumb, 272 bytes, Stack size 56 bytes, pwm.o(.text), UNUSED)
<BR><BR>[Calls]<UL><LI><a href="#[e5]">&gt;&gt;</a>&nbsp;&nbsp;&nbsp;TIM_TimeBaseInit
<LI><a href="#[e7]">&gt;&gt;</a>&nbsp;&nbsp;&nbsp;TIM_ITConfig
<LI><a href="#[e4]">&gt;&gt;</a>&nbsp;&nbsp;&nbsp;RCC_APB1PeriphClockCmd
<LI><a href="#[e8]">&gt;&gt;</a>&nbsp;&nbsp;&nbsp;NVIC_Init
<LI><a href="#[e9]">&gt;&gt;</a>&nbsp;&nbsp;&nbsp;GPIO_PinAFConfig
<LI><a href="#[a8]">&gt;&gt;</a>&nbsp;&nbsp;&nbsp;RCC_AHB1PeriphClockCmd
<LI><a href="#[a9]">&gt;&gt;</a>&nbsp;&nbsp;&nbsp;GPIO_Init
<LI><a href="#[a2]">&gt;&gt;</a>&nbsp;&nbsp;&nbsp;TIM_Cmd
<LI><a href="#[105]">&gt;&gt;</a>&nbsp;&nbsp;&nbsp;TIM_OC4PreloadConfig
<LI><a href="#[101]">&gt;&gt;</a>&nbsp;&nbsp;&nbsp;TIM_OC4Init
<LI><a href="#[104]">&gt;&gt;</a>&nbsp;&nbsp;&nbsp;TIM_OC3PreloadConfig
<LI><a href="#[100]">&gt;&gt;</a>&nbsp;&nbsp;&nbsp;TIM_OC3Init
<LI><a href="#[103]">&gt;&gt;</a>&nbsp;&nbsp;&nbsp;TIM_OC2PreloadConfig
<LI><a href="#[ff]">&gt;&gt;</a>&nbsp;&nbsp;&nbsp;TIM_OC2Init
<LI><a href="#[102]">&gt;&gt;</a>&nbsp;&nbsp;&nbsp;TIM_OC1PreloadConfig
<LI><a href="#[fe]">&gt;&gt;</a>&nbsp;&nbsp;&nbsp;TIM_OC1Init
<LI><a href="#[106]">&gt;&gt;</a>&nbsp;&nbsp;&nbsp;TIM_ARRPreloadConfig
</UL>

<P><STRONG><a name="[107]"></a>TIM8_Steer_Init</STRONG> (Thumb, 258 bytes, Stack size 56 bytes, pwm.o(.text), UNUSED)
<BR><BR>[Calls]<UL><LI><a href="#[e5]">&gt;&gt;</a>&nbsp;&nbsp;&nbsp;TIM_TimeBaseInit
<LI><a href="#[ee]">&gt;&gt;</a>&nbsp;&nbsp;&nbsp;RCC_APB2PeriphClockCmd
<LI><a href="#[e9]">&gt;&gt;</a>&nbsp;&nbsp;&nbsp;GPIO_PinAFConfig
<LI><a href="#[a8]">&gt;&gt;</a>&nbsp;&nbsp;&nbsp;RCC_AHB1PeriphClockCmd
<LI><a href="#[a9]">&gt;&gt;</a>&nbsp;&nbsp;&nbsp;GPIO_Init
<LI><a href="#[a2]">&gt;&gt;</a>&nbsp;&nbsp;&nbsp;TIM_Cmd
<LI><a href="#[105]">&gt;&gt;</a>&nbsp;&nbsp;&nbsp;TIM_OC4PreloadConfig
<LI><a href="#[101]">&gt;&gt;</a>&nbsp;&nbsp;&nbsp;TIM_OC4Init
<LI><a href="#[104]">&gt;&gt;</a>&nbsp;&nbsp;&nbsp;TIM_OC3PreloadConfig
<LI><a href="#[100]">&gt;&gt;</a>&nbsp;&nbsp;&nbsp;TIM_OC3Init
<LI><a href="#[103]">&gt;&gt;</a>&nbsp;&nbsp;&nbsp;TIM_OC2PreloadConfig
<LI><a href="#[ff]">&gt;&gt;</a>&nbsp;&nbsp;&nbsp;TIM_OC2Init
<LI><a href="#[102]">&gt;&gt;</a>&nbsp;&nbsp;&nbsp;TIM_OC1PreloadConfig
<LI><a href="#[fe]">&gt;&gt;</a>&nbsp;&nbsp;&nbsp;TIM_OC1Init
<LI><a href="#[108]">&gt;&gt;</a>&nbsp;&nbsp;&nbsp;TIM_CtrlPWMOutputs
<LI><a href="#[106]">&gt;&gt;</a>&nbsp;&nbsp;&nbsp;TIM_ARRPreloadConfig
</UL>

<P><STRONG><a name="[79]"></a>TIM1_Pwm_Init</STRONG> (Thumb, 258 bytes, Stack size 56 bytes, pwm.o(.text))
<BR><BR>[Stack]<UL><LI>Max Depth = 76<LI>Call Chain = TIM1_Pwm_Init &rArr; GPIO_PinAFConfig
</UL>
<BR>[Calls]<UL><LI><a href="#[e5]">&gt;&gt;</a>&nbsp;&nbsp;&nbsp;TIM_TimeBaseInit
<LI><a href="#[ee]">&gt;&gt;</a>&nbsp;&nbsp;&nbsp;RCC_APB2PeriphClockCmd
<LI><a href="#[e9]">&gt;&gt;</a>&nbsp;&nbsp;&nbsp;GPIO_PinAFConfig
<LI><a href="#[a8]">&gt;&gt;</a>&nbsp;&nbsp;&nbsp;RCC_AHB1PeriphClockCmd
<LI><a href="#[a9]">&gt;&gt;</a>&nbsp;&nbsp;&nbsp;GPIO_Init
<LI><a href="#[a2]">&gt;&gt;</a>&nbsp;&nbsp;&nbsp;TIM_Cmd
<LI><a href="#[105]">&gt;&gt;</a>&nbsp;&nbsp;&nbsp;TIM_OC4PreloadConfig
<LI><a href="#[101]">&gt;&gt;</a>&nbsp;&nbsp;&nbsp;TIM_OC4Init
<LI><a href="#[104]">&gt;&gt;</a>&nbsp;&nbsp;&nbsp;TIM_OC3PreloadConfig
<LI><a href="#[100]">&gt;&gt;</a>&nbsp;&nbsp;&nbsp;TIM_OC3Init
<LI><a href="#[103]">&gt;&gt;</a>&nbsp;&nbsp;&nbsp;TIM_OC2PreloadConfig
<LI><a href="#[ff]">&gt;&gt;</a>&nbsp;&nbsp;&nbsp;TIM_OC2Init
<LI><a href="#[102]">&gt;&gt;</a>&nbsp;&nbsp;&nbsp;TIM_OC1PreloadConfig
<LI><a href="#[fe]">&gt;&gt;</a>&nbsp;&nbsp;&nbsp;TIM_OC1Init
<LI><a href="#[108]">&gt;&gt;</a>&nbsp;&nbsp;&nbsp;TIM_CtrlPWMOutputs
<LI><a href="#[106]">&gt;&gt;</a>&nbsp;&nbsp;&nbsp;TIM_ARRPreloadConfig
</UL>
<BR>[Called By]<UL><LI><a href="#[5d]">&gt;&gt;</a>&nbsp;&nbsp;&nbsp;main
</UL>

[...]
</UL>

<P><STRONG><a name="[229]"></a>inv_get_rotation</STRONG> (Thumb, 198 bytes, Stack size 56 bytes, hal_outputs.o(.text), UNUSED)
<BR><BR>[Calls]<UL><LI><a href="#[203]">&gt;&gt;</a>&nbsp;&nbsp;&nbsp;inv_quaternion_to_rotation
</UL>
<BR>[Called By]<UL><LI><a href="#[22a]">&gt;&gt;</a>&nbsp;&nbsp;&nbsp;google_orientation
</UL>

<P><STRONG><a name="[22a]"></a>google_orientation</STRONG> (Thumb, 146 bytes, Stack size 56 bytes, hal_outputs.o(.text), UNUSED)
<BR><BR>[Calls]<UL><LI><a href="#[22b]">&gt;&gt;</a>&nbsp;&nbsp;&nbsp;__hardfp_asinf
<LI><a href="#[229]">&gt;&gt;</a>&nbsp;&nbsp;&nbsp;inv_get_rotation
<LI><a href="#[200]">&gt;&gt;</a>&nbsp;&nbsp;&nbsp;__hardfp_atan2f
</UL>
<BR>[Called By]<UL><LI><a href="#[22c]">&gt;&gt;</a>&nbsp;&nbsp;&nbsp;inv_get_sensor_type_orientation
</UL>

<P><STRONG><a name="[24d]"></a>inv_row_2_scale</STRONG> (Thumb, 78 bytes, Stack size 0 bytes, ml_math_func.o(.text))
<BR><BR>[Called By]<UL><LI><a href="#[1ce]">&gt;&gt;</a>&nbsp;&nbsp;&nbsp;inv_orientation_matrix_to_scalar
</UL>

<P><STRONG><a name="[239]"></a>inv_q30_to_float</STRONG> (Thumb, 18 bytes, Stack size 0 bytes, ml_math_func.o(.text))
<BR><BR>[Called By]<UL><LI><a href="#[237]">&gt;&gt;</a>&nbsp;&nbsp;&nbsp;inv_compass_angle
</UL>

<P><STRONG><a name="[23e]"></a>inv_q30_to_double</STRONG> (Thumb, 40 bytes, Stack size 16 bytes, ml_math_func.o(.text), UNUSED)
<BR><BR>[Calls]<UL><LI><a href="#[bf]">&gt;&gt;</a>&nbsp;&nbsp;&nbsp;__aeabi_i2d
<LI><a href="#[c0]">&gt;&gt;</a>&nbsp;&nbsp;&nbsp;__aeabi_ddiv
</UL>
<BR>[Called By]<UL><LI><a href="#[23d]">&gt;&gt;</a>&nbsp;&nbsp;&nbsp;inv_vector_normalize
</UL>

<P><STRONG><a name="[24f]"></a>__print_result_location</STRONG> (Thumb, 28 bytes, Stack size 32 bytes, mpl.o(.text))
<BR><BR>[Stack]<UL><LI>Max Depth = 384<LI>Call Chain = __print_result_location &rArr; _MLPrintLog &rArr; vsprintf
</UL>
<BR>[Calls]<UL><LI><a href="#[1f2]">&gt;&gt;</a>&nbsp;&nbsp;&nbsp;_MLPrintLog
</UL>
<BR>[Called By]<UL><LI><a href="#[1c9]">&gt;&gt;</a>&nbsp;&nbsp;&nbsp;inv_start_mpl
<LI><a href="#[1c1]">&gt;&gt;</a>&nbsp;&nbsp;&nbsp;inv_init_mpl
</UL>

<P><STRONG><a name="[257]"></a>inv_q30_to_float</STRONG> (Thumb, 18 bytes, Stack size 0 bytes, results_holder.o(.text), UNUSED)
<BR><BR>[Called By]<UL><LI><a href="#[256]">&gt;&gt;</a>&nbsp;&nbsp;&nbsp;inv_get_quaternion_float
</UL>

<P><STRONG><a name="[26a]"></a>inv_find_entry</STRONG> (Thumb, 44 bytes, Stack size 0 bytes, storage_manager.o(.text), UNUSED)
<BR><BR>[Called By]<UL><LI><a href="#[268]">&gt;&gt;</a>&nbsp;&nbsp;&nbsp;inv_load_mpl_states
</UL>

<P><STRONG><a name="[26c]"></a>inv_check_peaks</STRONG> (Thumb, 474 bytes, Stack size 56 bytes, compass_vec_cal.o(.text))
<BR><BR>[Stack]<UL><LI>Max Depth = 144<LI>Call Chain = inv_check_peaks &rArr; __aeabi_dadd &rArr; _double_epilogue &rArr; _double_round
</UL>
<BR>[Calls]<UL><LI><a href="#[bf]">&gt;&gt;</a>&nbsp;&nbsp;&nbsp;__aeabi_i2d
<LI><a href="#[c1]">&gt;&gt;</a>&nbsp;&nbsp;&nbsp;__aeabi_dadd
<LI><a href="#[f9]">&gt;&gt;</a>&nbsp;&nbsp;&nbsp;__aeabi_dmul
<LI><a href="#[1aa]">&gt;&gt;</a>&nbsp;&nbsp;&nbsp;__aeabi_cdrcmple
<LI><a href="#[1ac]">&gt;&gt;</a>&nbsp;&nbsp;&nbsp;__aeabi_cdcmple
<LI><a href="#[249]">&gt;&gt;</a>&nbsp;&nbsp;&nbsp;__aeabi_dsub
</UL>
<BR>[Called By]<UL><LI><a href="#[28e]">&gt;&gt;</a>&nbsp;&nbsp;&nbsp;inv_process_compass_only_cal
</UL>

<P><STRONG><a name="[283]"></a>inv_ignore_compass_data</STRONG> (Thumb, 252 bytes, Stack size 24 bytes, compass_vec_cal.o(.text))
<BR><BR>[Stack]<UL><LI>Max Depth = 168<LI>Call Chain = inv_ignore_compass_data &rArr; inv_add_compass_block_data &rArr; __aeabi_dadd &rArr; _double_epilogue &rArr; _double_round
</UL>
<BR>[Calls]<UL><LI><a href="#[286]">&gt;&gt;</a>&nbsp;&nbsp;&nbsp;inv_check_sample_balance
<LI><a href="#[27f]">&gt;&gt;</a>&nbsp;&nbsp;&nbsp;inv_add_compass_block_data
<LI><a href="#[285]">&gt;&gt;</a>&nbsp;&nbsp;&nbsp;inv_get_compass_state
<LI><a href="#[284]">&gt;&gt;</a>&nbsp;&nbsp;&nbsp;inv_get_large_mag_field
<LI><a href="#[287]">&gt;&gt;</a>&nbsp;&nbsp;&nbsp;inv_get_gyro_sum_of_sqr
</UL>
<BR>[Called By]<UL><LI><a href="#[28e]">&gt;&gt;</a>&nbsp;&nbsp;&nbsp;inv_process_compass_only_cal
</UL>

<P><STRONG><a name="[288]"></a>inv_bias_stability</STRONG> (Thumb, 308 bytes, Stack size 112 bytes, compass_vec_cal.o(.text))
<BR><BR>[Stack]<UL><LI>Max Depth = 200<LI>Call Chain = inv_bias_stability &rArr; __aeabi_dsub &rArr; __aeabi_dadd &rArr; _double_epilogue &rArr; _double_round
</UL>
<BR>[Calls]<UL><LI><a href="#[1aa]">&gt;&gt;</a>&nbsp;&nbsp;&nbsp;__aeabi_cdrcmple
<LI><a href="#[1ac]">&gt;&gt;</a>&nbsp;&nbsp;&nbsp;__aeabi_cdcmple
<LI><a href="#[249]">&gt;&gt;</a>&nbsp;&nbsp;&nbsp;__aeabi_dsub
<LI><a href="#[289]">&gt;&gt;</a>&nbsp;&nbsp;&nbsp;__aeabi_memcpy4
</UL>
<BR>[Called By]<UL><LI><a href="#[28e]">&gt;&gt;</a>&nbsp;&nbsp;&nbsp;inv_process_compass_only_cal
</UL>

<P><STRONG><a name="[28f]"></a>inv_set_peaks</STRONG> (Thumb, 86 bytes, Stack size 12 bytes, compass_vec_cal.o(.text))
<BR><BR>[Stack]<UL><LI>Max Depth = 12<LI>Call Chain = inv_set_peaks
</UL>
<BR>[Called By]<UL><LI><a href="#[28e]">&gt;&gt;</a>&nbsp;&nbsp;&nbsp;inv_process_compass_only_cal
</UL>

<P><STRONG><a name="[294]"></a>inv_init_sensitivity_const</STRONG> (Thumb, 94 bytes, Stack size 16 bytes, compass_vec_cal.o(.text))
<BR><BR>[Stack]<UL><LI>Max Depth = 80<LI>Call Chain = inv_init_sensitivity_const &rArr; __aeabi_ldivmod &rArr; __aeabi_uldivmod
</UL>
<BR>[Calls]<UL><LI><a href="#[bf]">&gt;&gt;</a>&nbsp;&nbsp;&nbsp;__aeabi_i2d
<LI><a href="#[10e]">&gt;&gt;</a>&nbsp;&nbsp;&nbsp;__aeabi_ldivmod
</UL>
<BR>[Called By]<UL><LI><a href="#[293]">&gt;&gt;</a>&nbsp;&nbsp;&nbsp;inv_generate_vector_compass_cal
</UL>

<P><STRONG><a name="[2a4]"></a>inv_reset_packet</STRONG> (Thumb, 30 bytes, Stack size 8 bytes, fast_no_motion.o(.text))
<BR><BR>[Stack]<UL><LI>Max Depth = 16<LI>Call Chain = inv_reset_packet &rArr; inv_init_maxmin
</UL>
<BR>[Calls]<UL><LI><a href="#[2a1]">&gt;&gt;</a>&nbsp;&nbsp;&nbsp;inv_init_maxmin
<LI><a href="#[166]">&gt;&gt;</a>&nbsp;&nbsp;&nbsp;__aeabi_memclr4
</UL>
<BR>[Called By]<UL><LI><a href="#[2aa]">&gt;&gt;</a>&nbsp;&nbsp;&nbsp;inv_generate_fast_nomot
<LI><a href="#[2a3]">&gt;&gt;</a>&nbsp;&nbsp;&nbsp;inv_detect_motion_by_gyro_accel
</UL>

<P><STRONG><a name="[2ba]"></a>inv_find_synchronized_compass_angle</STRONG> (Thumb, 156 bytes, Stack size 48 bytes, fusion_9axis.o(.text))
<BR><BR>[Stack]<UL><LI>Max Depth = 192<LI>Call Chain = inv_find_synchronized_compass_angle &rArr; inv_compass_angle &rArr; inv_q_mult &rArr; inv_q30_mult
</UL>
<BR>[Calls]<UL><LI><a href="#[2c5]">&gt;&gt;</a>&nbsp;&nbsp;&nbsp;__aeabi_cfcmple
<LI><a href="#[237]">&gt;&gt;</a>&nbsp;&nbsp;&nbsp;inv_compass_angle
<LI><a href="#[236]">&gt;&gt;</a>&nbsp;&nbsp;&nbsp;inv_q_mult
<LI><a href="#[267]">&gt;&gt;</a>&nbsp;&nbsp;&nbsp;__aeabi_memmove4
</UL>
<BR>[Called By]<UL><LI><a href="#[2b9]">&gt;&gt;</a>&nbsp;&nbsp;&nbsp;inv_perform_9x_fusion
</UL>

<P><STRONG><a name="[66]"></a>inv_gtc_load</STRONG> (Thumb, 38 bytes, Stack size 24 bytes, gyro_tc.o(.text))
<BR><BR>[Stack]<UL><LI>Max Depth = 32<LI>Call Chain = inv_gtc_load &rArr; __aeabi_memcpy
</UL>
<BR>[Calls]<UL><LI><a href="#[1f5]">&gt;&gt;</a>&nbsp;&nbsp;&nbsp;__aeabi_memcpy
</UL>
<BR>[Address Reference Count : 1]<UL><LI> gyro_tc.o(.text)
</UL>
<P><STRONG><a name="[65]"></a>inv_gtc_store</STRONG> (Thumb, 32 bytes, Stack size 24 bytes, gyro_tc.o(.text))
<BR><BR>[Stack]<UL><LI>Max Depth = 32<LI>Call Chain = inv_gtc_store &rArr; __aeabi_memcpy
</UL>
<BR>[Calls]<UL><LI><a href="#[1f5]">&gt;&gt;</a>&nbsp;&nbsp;&nbsp;__aeabi_memcpy
</UL>
<BR>[Address Reference Count : 1]<UL><LI> gyro_tc.o(.text)
</UL>
<P><STRONG><a name="[2c6]"></a>inv_gtc_compute_slope</STRONG> (Thumb, 472 bytes, Stack size 104 bytes, gyro_tc.o(.text))
<BR><BR>[Stack]<UL><LI>Max Depth = 168<LI>Call Chain = inv_gtc_compute_slope &rArr; __aeabi_ldivmod &rArr; __aeabi_uldivmod
</UL>
<BR>[Calls]<UL><LI><a href="#[166]">&gt;&gt;</a>&nbsp;&nbsp;&nbsp;__aeabi_memclr4
<LI><a href="#[10e]">&gt;&gt;</a>&nbsp;&nbsp;&nbsp;__aeabi_ldivmod
</UL>
<BR>[Called By]<UL><LI><a href="#[64]">&gt;&gt;</a>&nbsp;&nbsp;&nbsp;inv_gtc_data_cb
</UL>

<P><STRONG><a name="[2c7]"></a>inv_gtc_add_data</STRONG> (Thumb, 204 bytes, Stack size 24 bytes, gyro_tc.o(.text))
<BR><BR>[Stack]<UL><LI>Max Depth = 32<LI>Call Chain = inv_gtc_add_data &rArr; __aeabi_memmove4
</UL>
<BR>[Calls]<UL><LI><a href="#[267]">&gt;&gt;</a>&nbsp;&nbsp;&nbsp;__aeabi_memmove4
</UL>
<BR>[Called By]<UL><LI><a href="#[64]">&gt;&gt;</a>&nbsp;&nbsp;&nbsp;inv_gtc_data_cb
</UL>

<P><STRONG><a name="[64]"></a>inv_gtc_data_cb</STRONG> (Thumb, 144 bytes, Stack size 32 bytes, gyro_tc.o(.text))
<BR><BR>[Stack]<UL><LI>Max Depth = 200<LI>Call Chain = inv_gtc_data_cb &rArr; inv_gtc_compute_slope &rArr; __aeabi_ldivmod &rArr; __aeabi_uldivmod
</UL>
<BR>[Calls]<UL><LI><a href="#[2c7]">&gt;&gt;</a>&nbsp;&nbsp;&nbsp;inv_gtc_add_data
<LI><a href="#[2c6]">&gt;&gt;</a>&nbsp;&nbsp;&nbsp;inv_gtc_compute_slope
<LI><a href="#[2c9]">&gt;&gt;</a>&nbsp;&nbsp;&nbsp;inv_get_motion_state
<LI><a href="#[2c8]">&gt;&gt;</a>&nbsp;&nbsp;&nbsp;inv_get_gyro_bias
<LI><a href="#[2ca]">&gt;&gt;</a>&nbsp;&nbsp;&nbsp;inv_get_gyro_bias_tc_set
<LI><a href="#[21b]">&gt;&gt;</a>&nbsp;&nbsp;&nbsp;inv_set_gyro_bias
</UL>
<BR>[Address Reference Count : 1]<UL><LI> gyro_tc.o(.text)
</UL>
<P><STRONG><a name="[2e0]"></a>accel_fusion</STRONG> (Thumb, 428 bytes, Stack size 128 bytes, quaternion_supervisor.o(.text))
<BR><BR>[Stack]<UL><LI>Max Depth = 160<LI>Call Chain = accel_fusion &rArr; inv_q_norm4 &rArr; __hardfp_sqrtf
</UL>
<BR>[Calls]<UL><LI><a href="#[2b8]">&gt;&gt;</a>&nbsp;&nbsp;&nbsp;__aeabi_cfrcmple
<LI><a href="#[29c]">&gt;&gt;</a>&nbsp;&nbsp;&nbsp;__aeabi_fdiv
<LI><a href="#[280]">&gt;&gt;</a>&nbsp;&nbsp;&nbsp;__aeabi_i2f
<LI><a href="#[270]">&gt;&gt;</a>&nbsp;&nbsp;&nbsp;__aeabi_fmul
<LI><a href="#[281]">&gt;&gt;</a>&nbsp;&nbsp;&nbsp;__aeabi_fadd
<LI><a href="#[28c]">&gt;&gt;</a>&nbsp;&nbsp;&nbsp;__aeabi_f2iz
<LI><a href="#[271]">&gt;&gt;</a>&nbsp;&nbsp;&nbsp;__ARM_scalbnf
<LI><a href="#[2e1]">&gt;&gt;</a>&nbsp;&nbsp;&nbsp;inv_q_invertf
<LI><a href="#[244]">&gt;&gt;</a>&nbsp;&nbsp;&nbsp;inv_q_norm4
<LI><a href="#[2e2]">&gt;&gt;</a>&nbsp;&nbsp;&nbsp;inv_q_addf
<LI><a href="#[2bc]">&gt;&gt;</a>&nbsp;&nbsp;&nbsp;inv_q_multf
<LI><a href="#[274]">&gt;&gt;</a>&nbsp;&nbsp;&nbsp;sqrtf
</UL>
<BR>[Called By]<UL><LI><a href="#[2e9]">&gt;&gt;</a>&nbsp;&nbsp;&nbsp;inv_generate_accel_gyro_quaternion
</UL>

<P><STRONG><a name="[2e3]"></a>inv_compute_quat_from_accel</STRONG> (Thumb, 286 bytes, Stack size 40 bytes, quaternion_supervisor.o(.text))
<BR><BR>[Stack]<UL><LI>Max Depth = 60<LI>Call Chain = inv_compute_quat_from_accel &rArr; __aeabi_fsub &rArr; __aeabi_fadd &rArr; _float_epilogue
</UL>
<BR>[Calls]<UL><LI><a href="#[2b7]">&gt;&gt;</a>&nbsp;&nbsp;&nbsp;__aeabi_fsub
<LI><a href="#[29c]">&gt;&gt;</a>&nbsp;&nbsp;&nbsp;__aeabi_fdiv
<LI><a href="#[280]">&gt;&gt;</a>&nbsp;&nbsp;&nbsp;__aeabi_i2f
<LI><a href="#[270]">&gt;&gt;</a>&nbsp;&nbsp;&nbsp;__aeabi_fmul
<LI><a href="#[281]">&gt;&gt;</a>&nbsp;&nbsp;&nbsp;__aeabi_fadd
<LI><a href="#[28c]">&gt;&gt;</a>&nbsp;&nbsp;&nbsp;__aeabi_f2iz
<LI><a href="#[271]">&gt;&gt;</a>&nbsp;&nbsp;&nbsp;__ARM_scalbnf
<LI><a href="#[274]">&gt;&gt;</a>&nbsp;&nbsp;&nbsp;sqrtf
</UL>
<BR>[Called By]<UL><LI><a href="#[2e9]">&gt;&gt;</a>&nbsp;&nbsp;&nbsp;inv_generate_accel_gyro_quaternion
</UL>

<P><STRONG><a name="[2e4]"></a>inv_normalize_quat</STRONG> (Thumb, 198 bytes, Stack size 24 bytes, quaternion_supervisor.o(.text))
<BR><BR>[Stack]<UL><LI>Max Depth = 44<LI>Call Chain = inv_normalize_quat &rArr; __aeabi_fadd &rArr; _float_epilogue
</UL>
<BR>[Calls]<UL><LI><a href="#[29c]">&gt;&gt;</a>&nbsp;&nbsp;&nbsp;__aeabi_fdiv
<LI><a href="#[280]">&gt;&gt;</a>&nbsp;&nbsp;&nbsp;__aeabi_i2f
<LI><a href="#[270]">&gt;&gt;</a>&nbsp;&nbsp;&nbsp;__aeabi_fmul
<LI><a href="#[281]">&gt;&gt;</a>&nbsp;&nbsp;&nbsp;__aeabi_fadd
<LI><a href="#[28c]">&gt;&gt;</a>&nbsp;&nbsp;&nbsp;__aeabi_f2iz
<LI><a href="#[271]">&gt;&gt;</a>&nbsp;&nbsp;&nbsp;__ARM_scalbnf
<LI><a href="#[274]">&gt;&gt;</a>&nbsp;&nbsp;&nbsp;sqrtf
</UL>
<BR>[Called By]<UL><LI><a href="#[2e9]">&gt;&gt;</a>&nbsp;&nbsp;&nbsp;inv_generate_accel_gyro_quaternion
<LI><a href="#[2e5]">&gt;&gt;</a>&nbsp;&nbsp;&nbsp;inv_generate_gyro_quaternion
<LI><a href="#[2e7]">&gt;&gt;</a>&nbsp;&nbsp;&nbsp;inv_process_dmp_quaternion
</UL>

<P><STRONG><a name="[2e7]"></a>inv_process_dmp_quaternion</STRONG> (Thumb, 494 bytes, Stack size 88 bytes, quaternion_supervisor.o(.text))
<BR><BR>[Stack]<UL><LI>Max Depth = 132<LI>Call Chain = inv_process_dmp_quaternion &rArr; inv_normalize_quat &rArr; __aeabi_fadd &rArr; _float_epilogue
</UL>
<BR>[Calls]<UL><LI><a href="#[2e4]">&gt;&gt;</a>&nbsp;&nbsp;&nbsp;inv_normalize_quat
<LI><a href="#[29c]">&gt;&gt;</a>&nbsp;&nbsp;&nbsp;__aeabi_fdiv
<LI><a href="#[280]">&gt;&gt;</a>&nbsp;&nbsp;&nbsp;__aeabi_i2f
<LI><a href="#[270]">&gt;&gt;</a>&nbsp;&nbsp;&nbsp;__aeabi_fmul
<LI><a href="#[281]">&gt;&gt;</a>&nbsp;&nbsp;&nbsp;__aeabi_fadd
<LI><a href="#[28c]">&gt;&gt;</a>&nbsp;&nbsp;&nbsp;__aeabi_f2iz
<LI><a href="#[271]">&gt;&gt;</a>&nbsp;&nbsp;&nbsp;__ARM_scalbnf
<LI><a href="#[238]">&gt;&gt;</a>&nbsp;&nbsp;&nbsp;inv_q_invert
<LI><a href="#[236]">&gt;&gt;</a>&nbsp;&nbsp;&nbsp;inv_q_mult
<LI><a href="#[215]">&gt;&gt;</a>&nbsp;&nbsp;&nbsp;inv_convert_to_body_with_scale
<LI><a href="#[2c8]">&gt;&gt;</a>&nbsp;&nbsp;&nbsp;inv_get_gyro_bias
<LI><a href="#[1b9]">&gt;&gt;</a>&nbsp;&nbsp;&nbsp;memcmp
<LI><a href="#[274]">&gt;&gt;</a>&nbsp;&nbsp;&nbsp;sqrtf
<LI><a href="#[2bb]">&gt;&gt;</a>&nbsp;&nbsp;&nbsp;sinf
<LI><a href="#[272]">&gt;&gt;</a>&nbsp;&nbsp;&nbsp;cosf
</UL>
<BR>[Called By]<UL><LI><a href="#[2e9]">&gt;&gt;</a>&nbsp;&nbsp;&nbsp;inv_generate_accel_gyro_quaternion
</UL>

<P><STRONG><a name="[67]"></a>inv_generate_quaternion</STRONG> (Thumb, 72 bytes, Stack size 16 bytes, quaternion_supervisor.o(.text))
<BR><BR>[Stack]<UL><LI>Max Depth = 280<LI>Call Chain = inv_generate_quaternion &rArr; inv_generate_accel_gyro_quaternion &rArr; accel_fusion &rArr; inv_q_norm4 &rArr; __hardfp_sqrtf
</UL>
<BR>[Calls]<UL><LI><a href="#[2e9]">&gt;&gt;</a>&nbsp;&nbsp;&nbsp;inv_generate_accel_gyro_quaternion
<LI><a href="#[2ea]">&gt;&gt;</a>&nbsp;&nbsp;&nbsp;inv_store_gaming_quaternion
</UL>
<BR>[Address Reference Count : 1]<UL><LI> quaternion_supervisor.o(.text)
</UL>
<P><STRONG><a name="[2f1]"></a>inv_check_push</STRONG> (Thumb, 352 bytes, Stack size 72 bytes, accel_auto_cal.o(.text))
<BR><BR>[Stack]<UL><LI>Max Depth = 152<LI>Call Chain = inv_check_push &rArr; inv_set_accel_bias_mask &rArr; inv_apply_calibration &rArr; inv_convert_to_body_with_scale &rArr; inv_q30_mult
</UL>
<BR>[Calls]<UL><LI><a href="#[2f0]">&gt;&gt;</a>&nbsp;&nbsp;&nbsp;inv_get_current_calibrated_accel
<LI><a href="#[262]">&gt;&gt;</a>&nbsp;&nbsp;&nbsp;inv_get_linear_accel
<LI><a href="#[2f2]">&gt;&gt;</a>&nbsp;&nbsp;&nbsp;inv_set_accel_bias_found
<LI><a href="#[222]">&gt;&gt;</a>&nbsp;&nbsp;&nbsp;inv_get_gravity
<LI><a href="#[21a]">&gt;&gt;</a>&nbsp;&nbsp;&nbsp;inv_set_accel_bias_mask
<LI><a href="#[219]">&gt;&gt;</a>&nbsp;&nbsp;&nbsp;inv_set_accel_accuracy
<LI><a href="#[267]">&gt;&gt;</a>&nbsp;&nbsp;&nbsp;__aeabi_memmove4
</UL>
<BR>[Called By]<UL><LI><a href="#[2fb]">&gt;&gt;</a>&nbsp;&nbsp;&nbsp;inv_auto_calibrate
</UL>

<P><STRONG><a name="[2f3]"></a>inv_check_coverage_set_bias</STRONG> (Thumb, 266 bytes, Stack size 32 bytes, accel_auto_cal.o(.text))
<BR><BR>[Stack]<UL><LI>Max Depth = 120<LI>Call Chain = inv_check_coverage_set_bias &rArr; __aeabi_dsub &rArr; __aeabi_dadd &rArr; _double_epilogue &rArr; _double_round
</UL>
<BR>[Calls]<UL><LI><a href="#[12c]">&gt;&gt;</a>&nbsp;&nbsp;&nbsp;__aeabi_d2iz
<LI><a href="#[1ac]">&gt;&gt;</a>&nbsp;&nbsp;&nbsp;__aeabi_cdcmple
<LI><a href="#[2b8]">&gt;&gt;</a>&nbsp;&nbsp;&nbsp;__aeabi_cfrcmple
<LI><a href="#[249]">&gt;&gt;</a>&nbsp;&nbsp;&nbsp;__aeabi_dsub
</UL>
<BR>[Called By]<UL><LI><a href="#[2fb]">&gt;&gt;</a>&nbsp;&nbsp;&nbsp;inv_auto_calibrate
</UL>

<P><STRONG><a name="[2f4]"></a>inv_combine_data_calculate_bias</STRONG> (Thumb, 158 bytes, Stack size 24 bytes, accel_auto_cal.o(.text))
<BR><BR>[Stack]<UL><LI>Max Depth = 384<LI>Call Chain = inv_combine_data_calculate_bias &rArr; inv_compute_bias &rArr; __aeabi_dadd &rArr; _double_epilogue &rArr; _double_round
</UL>
<BR>[Calls]<UL><LI><a href="#[12c]">&gt;&gt;</a>&nbsp;&nbsp;&nbsp;__aeabi_d2iz
<LI><a href="#[117]">&gt;&gt;</a>&nbsp;&nbsp;&nbsp;__aeabi_f2d
<LI><a href="#[1aa]">&gt;&gt;</a>&nbsp;&nbsp;&nbsp;__aeabi_cdrcmple
<LI><a href="#[280]">&gt;&gt;</a>&nbsp;&nbsp;&nbsp;__aeabi_i2f
<LI><a href="#[271]">&gt;&gt;</a>&nbsp;&nbsp;&nbsp;__ARM_scalbnf
<LI><a href="#[277]">&gt;&gt;</a>&nbsp;&nbsp;&nbsp;inv_compute_bias
<LI><a href="#[275]">&gt;&gt;</a>&nbsp;&nbsp;&nbsp;inv_combine_compass_data
<LI><a href="#[213]">&gt;&gt;</a>&nbsp;&nbsp;&nbsp;inv_q30_mult
</UL>
<BR>[Called By]<UL><LI><a href="#[2fb]">&gt;&gt;</a>&nbsp;&nbsp;&nbsp;inv_auto_calibrate
</UL>

<P><STRONG><a name="[2f9]"></a>set_sample_rate</STRONG> (Thumb, 54 bytes, Stack size 8 bytes, accel_auto_cal.o(.text))
<BR><BR>[Stack]<UL><LI>Max Depth = 256<LI>Call Chain = set_sample_rate &rArr; cos &rArr; __hardfp_cos &rArr; __ieee754_rem_pio2 &rArr; __aeabi_dadd &rArr; _double_epilogue &rArr; _double_round
</UL>
<BR>[Calls]<UL><LI><a href="#[12c]">&gt;&gt;</a>&nbsp;&nbsp;&nbsp;__aeabi_d2iz
<LI><a href="#[117]">&gt;&gt;</a>&nbsp;&nbsp;&nbsp;__aeabi_f2d
<LI><a href="#[29c]">&gt;&gt;</a>&nbsp;&nbsp;&nbsp;__aeabi_fdiv
<LI><a href="#[280]">&gt;&gt;</a>&nbsp;&nbsp;&nbsp;__aeabi_i2f
<LI><a href="#[270]">&gt;&gt;</a>&nbsp;&nbsp;&nbsp;__aeabi_fmul
<LI><a href="#[271]">&gt;&gt;</a>&nbsp;&nbsp;&nbsp;__ARM_scalbnf
<LI><a href="#[278]">&gt;&gt;</a>&nbsp;&nbsp;&nbsp;__ARM_scalbn
<LI><a href="#[2fa]">&gt;&gt;</a>&nbsp;&nbsp;&nbsp;cos
</UL>
<BR>[Called By]<UL><LI><a href="#[2fb]">&gt;&gt;</a>&nbsp;&nbsp;&nbsp;inv_auto_calibrate
</UL>

<P><STRONG><a name="[329]"></a>_fp_digits</STRONG> (Thumb, 334 bytes, Stack size 56 bytes, printfa.o(i._fp_digits), UNUSED)
<BR><BR>[Calls]<UL><LI><a href="#[c0]">&gt;&gt;</a>&nbsp;&nbsp;&nbsp;__aeabi_ddiv
<LI><a href="#[c1]">&gt;&gt;</a>&nbsp;&nbsp;&nbsp;__aeabi_dadd
<LI><a href="#[f9]">&gt;&gt;</a>&nbsp;&nbsp;&nbsp;__aeabi_dmul
<LI><a href="#[1aa]">&gt;&gt;</a>&nbsp;&nbsp;&nbsp;__aeabi_cdrcmple
<LI><a href="#[30c]">&gt;&gt;</a>&nbsp;&nbsp;&nbsp;__aeabi_d2ulz
<LI><a href="#[302]">&gt;&gt;</a>&nbsp;&nbsp;&nbsp;__aeabi_uldivmod
</UL>
<BR>[Called By]<UL><LI><a href="#[30f]">&gt;&gt;</a>&nbsp;&nbsp;&nbsp;_printf_core
</UL>

<P><STRONG><a name="[30f]"></a>_printf_core</STRONG> (Thumb, 1744 bytes, Stack size 136 bytes, printfa.o(i._printf_core), UNUSED)
<BR><BR>[Calls]<UL><LI><a href="#[32a]">&gt;&gt;</a>&nbsp;&nbsp;&nbsp;_printf_pre_padding
<LI><a href="#[32b]">&gt;&gt;</a>&nbsp;&nbsp;&nbsp;_printf_post_padding
<LI><a href="#[329]">&gt;&gt;</a>&nbsp;&nbsp;&nbsp;_fp_digits
<LI><a href="#[302]">&gt;&gt;</a>&nbsp;&nbsp;&nbsp;__aeabi_uldivmod
<LI><a href="#[32c]">&gt;&gt;</a>&nbsp;&nbsp;&nbsp;__aeabi_uidivmod
</UL>
<BR>[Called By]<UL><LI><a href="#[310]">&gt;&gt;</a>&nbsp;&nbsp;&nbsp;__0vsprintf
<LI><a href="#[30e]">&gt;&gt;</a>&nbsp;&nbsp;&nbsp;__0printf
</UL>

<P><STRONG><a name="[32b]"></a>_printf_post_padding</STRONG> (Thumb, 36 bytes, Stack size 24 bytes, printfa.o(i._printf_post_padding), UNUSED)
<BR><BR>[Called By]<UL><LI><a href="#[30f]">&gt;&gt;</a>&nbsp;&nbsp;&nbsp;_printf_core
</UL>

<P><STRONG><a name="[32a]"></a>_printf_pre_padding</STRONG> (Thumb, 46 bytes, Stack size 24 bytes, printfa.o(i._printf_pre_padding), UNUSED)
<BR><BR>[Called By]<UL><LI><a href="#[30f]">&gt;&gt;</a>&nbsp;&nbsp;&nbsp;_printf_core
</UL>

<P><STRONG><a name="[69]"></a>_sputc</STRONG> (Thumb, 10 bytes, Stack size 0 bytes, printfa.o(i._sputc))
<BR><BR>[Called By]<UL><LI><a href="#[310]">&gt;&gt;</a>&nbsp;&nbsp;&nbsp;__0vsprintf
</UL>
<BR>[Address Reference Count : 1]<UL><LI> printfa.o(i.__0vsprintf)
</UL><P>
<H3>
Undefined Global Symbols
</H3><HR></body></html>
