Component: ARM Compiler 5.06 update 1 (build 61) Tool: armlink [4d35a8]

==============================================================================

Section Cross References

    led.o(i.LED_Init) refers to gpio.o(i.GPIO_setAsOutputPin) for GPIO_setAsOutputPin
    led.o(i.LED_TEST) refers to oled.o(i.OLED_Clear) for OLED_Clear
    led.o(i.LED_TEST) refers to oled.o(i.OLED_ShowString) for OLED_ShowString
    led.o(i.LED_TEST) refers to delay.o(i.Delay_ms) for Delay_ms
    led.o(i.LED_TEST) refers to key.o(i.KEY_Scan) for KEY_Scan
    oled.o(i.OLED_Clear) refers to oled.o(i.OLED_Refresh_Gram) for OLED_Refresh_Gram
    oled.o(i.OLED_Clear) refers to oled.o(.bss) for OLED_GRAM
    oled.o(i.OLED_Display_Off) refers to oled.o(i.OLED_WR_Byte) for OLED_WR_Byte
    oled.o(i.OLED_Display_On) refers to oled.o(i.OLED_WR_Byte) for OLED_WR_Byte
    oled.o(i.OLED_DrawPoint) refers to oled.o(.bss) for OLED_GRAM
    oled.o(i.OLED_Fill) refers to oled.o(i.OLED_DrawPoint) for OLED_DrawPoint
    oled.o(i.OLED_Fill) refers to oled.o(i.OLED_Refresh_Gram) for OLED_Refresh_Gram
    oled.o(i.OLED_Init) refers to gpio.o(i.GPIO_setAsOutputPin) for GPIO_setAsOutputPin
    oled.o(i.OLED_Init) refers to delay.o(i.Delay_ms) for Delay_ms
    oled.o(i.OLED_Init) refers to oled.o(i.OLED_WR_Byte) for OLED_WR_Byte
    oled.o(i.OLED_Init) refers to oled.o(i.OLED_Clear) for OLED_Clear
    oled.o(i.OLED_Refresh_Gram) refers to oled.o(i.OLED_WR_Byte) for OLED_WR_Byte
    oled.o(i.OLED_Refresh_Gram) refers to oled.o(.bss) for OLED_GRAM
    oled.o(i.OLED_Show3FNum) refers to oled.o(i.OLED_ShowString) for OLED_ShowString
    oled.o(i.OLED_Show3FNum) refers to oled.o(i.OLED_ShowNum) for OLED_ShowNum
    oled.o(i.OLED_ShowCHinese) refers to oled.o(i.OLED_DrawPoint) for OLED_DrawPoint
    oled.o(i.OLED_ShowCHinese) refers to oled.o(.data) for Chinese
    oled.o(i.OLED_ShowChar) refers to oled.o(i.OLED_DrawPoint) for OLED_DrawPoint
    oled.o(i.OLED_ShowChar) refers to oled.o(.constdata) for asc2_1206
    oled.o(i.OLED_ShowIntNum) refers to oled.o(i.OLED_ShowString) for OLED_ShowString
    oled.o(i.OLED_ShowIntNum) refers to oled.o(i.OLED_ShowNum) for OLED_ShowNum
    oled.o(i.OLED_ShowNum) refers to oled.o(i.mypow) for mypow
    oled.o(i.OLED_ShowNum) refers to oled.o(i.OLED_ShowChar) for OLED_ShowChar
    oled.o(i.OLED_ShowString) refers to oled.o(i.OLED_Clear) for OLED_Clear
    oled.o(i.OLED_ShowString) refers to oled.o(i.OLED_ShowChar) for OLED_ShowChar
    key.o(i.KEY_Scan) refers to delay.o(i.Delay_ms) for Delay_ms
    key.o(i.KEY_Scan) refers to key.o(.data) for key_up
    key.o(i.Key_Init) refers to gpio.o(i.GPIO_setAsInputPinWithPullUpResistor) for GPIO_setAsInputPinWithPullUpResistor
    key.o(i.Key_Interrupt_Init) refers to gpio.o(i.GPIO_setAsInputPinWithPullUpResistor) for GPIO_setAsInputPinWithPullUpResistor
    key.o(i.Key_Interrupt_Init) refers to gpio.o(i.GPIO_clearInterruptFlag) for GPIO_clearInterruptFlag
    key.o(i.Key_Interrupt_Init) refers to gpio.o(i.GPIO_enableInterrupt) for GPIO_enableInterrupt
    key.o(i.Key_Interrupt_Init) refers to gpio.o(i.GPIO_interruptEdgeSelect) for GPIO_interruptEdgeSelect
    key.o(i.Key_Interrupt_Init) refers to interrupt.o(i.Interrupt_enableInterrupt) for Interrupt_enableInterrupt
    key.o(i.Key_Interrupt_Init) refers to interrupt.o(i.Interrupt_enableMaster) for Interrupt_enableMaster
    key.o(i.PORT4_IRQHandler) refers to gpio.o(i.GPIO_getEnabledInterruptStatus) for GPIO_getEnabledInterruptStatus
    key.o(i.PORT4_IRQHandler) refers to delay.o(i.Delay_ms) for Delay_ms
    key.o(i.PORT4_IRQHandler) refers to gpio.o(i.GPIO_clearInterruptFlag) for GPIO_clearInterruptFlag
    key.o(i.PORT5_IRQHandler) refers to gpio.o(i.GPIO_getEnabledInterruptStatus) for GPIO_getEnabledInterruptStatus
    key.o(i.PORT5_IRQHandler) refers to delay.o(i.Delay_ms) for Delay_ms
    key.o(i.PORT5_IRQHandler) refers to gpio.o(i.GPIO_clearInterruptFlag) for GPIO_clearInterruptFlag
    menu.o(i.Mechanics_menu) refers to oled.o(i.OLED_Clear) for OLED_Clear
    menu.o(i.Mechanics_menu) refers to oled.o(i.OLED_ShowString) for OLED_ShowString
    menu.o(i.Mechanics_menu) refers to delay.o(i.Delay_ms) for Delay_ms
    menu.o(i.Mechanics_menu) refers to oled.o(i.OLED_Refresh_Gram) for OLED_Refresh_Gram
    menu.o(i.Mechanics_menu) refers to key.o(i.KEY_Scan) for KEY_Scan
    menu.o(i.Mechanics_menu) refers to steer.o(i.Steer_Test) for Steer_Test
    menu.o(i.Mechanics_menu) refers to motor.o(i.Motor_TEST) for Motor_TEST
    menu.o(i.Mechanics_menu) refers to encoder.o(i.Encoder_TEST) for Encoder_TEST
    menu.o(i.Usart_TEST) refers to oled.o(i.OLED_Clear) for OLED_Clear
    menu.o(i.Usart_TEST) refers to oled.o(i.OLED_ShowString) for OLED_ShowString
    menu.o(i.Usart_TEST) refers to oled.o(i.OLED_Refresh_Gram) for OLED_Refresh_Gram
    menu.o(i.Usart_TEST) refers to key.o(i.KEY_Scan) for KEY_Scan
    menu.o(i.Usart_TEST) refers to openmv.o(i.Openmv_TEST) for Openmv_TEST
[...]
    Removing uart.o(i.UART_getReceiveBufferAddressForDMA), (8 bytes).
    Removing uart.o(i.UART_getTransmitBufferAddressForDMA), (8 bytes).
    Removing uart.o(i.UART_initModule), (212 bytes).
    Removing uart.o(i.UART_queryStatusFlags), (8 bytes).
    Removing uart.o(i.UART_receiveData), (44 bytes).
    Removing uart.o(i.UART_registerInterrupt), (108 bytes).
    Removing uart.o(i.UART_resetDormant), (14 bytes).
    Removing uart.o(i.UART_selectDeglitchTime), (12 bytes).
    Removing uart.o(i.UART_setDormant), (14 bytes).
    Removing uart.o(i.UART_transmitAddress), (18 bytes).
    Removing uart.o(i.UART_transmitBreak), (72 bytes).
    Removing uart.o(i.UART_transmitData), (40 bytes).
    Removing uart.o(i.UART_unregisterInterrupt), (96 bytes).
    Removing wdt_a.o(.rev16_text), (4 bytes).
    Removing wdt_a.o(.revsh_text), (4 bytes).
    Removing wdt_a.o(.rrx_text), (6 bytes).
    Removing wdt_a.o(i.WDT_A_clearTimer), (24 bytes).
    Removing wdt_a.o(i.WDT_A_initIntervalTimer), (20 bytes).
    Removing wdt_a.o(i.WDT_A_initWatchdogTimer), (20 bytes).
    Removing wdt_a.o(i.WDT_A_registerInterrupt), (20 bytes).
    Removing wdt_a.o(i.WDT_A_setPasswordViolationReset), (12 bytes).
    Removing wdt_a.o(i.WDT_A_setTimeoutReset), (12 bytes).
    Removing wdt_a.o(i.WDT_A_startTimer), (24 bytes).
    Removing wdt_a.o(i.WDT_A_unregisterInterrupt), (16 bytes).
    Removing usart.o(.rev16_text), (4 bytes).
    Removing usart.o(.revsh_text), (4 bytes).
    Removing usart.o(.rrx_text), (6 bytes).
    Removing usart.o(i.FDC2214_send_data), (122 bytes).
    Removing usart.o(i.Uart_A0_Init), (100 bytes).
    Removing usart.o(i.Uart_A0_Send), (44 bytes).
    Removing usart.o(i.Uart_A1_Init), (100 bytes).
    Removing usart.o(i.Uart_A1_Send), (44 bytes).
    Removing usart.o(i.Uart_A2_Init), (100 bytes).
    Removing usart.o(i.Uart_A2_Send), (64 bytes).
    Removing usart.o(i.Uart_A3_Init), (100 bytes).
    Removing usart.o(i.Uart_A3_Send), (44 bytes).
    Removing usart.o(i.UsartA2_TEST), (80 bytes).
    Removing usart.o(i.Usart_Send_User), (520 bytes).
    Removing usart.o(i.Usart_Send_float), (300 bytes).
    Removing usart.o(i.Usart_init), (12 bytes).
    Removing usart.o(i.fputc), (32 bytes).
    Removing usart.o(i.niming_send_data), (182 bytes).
    Removing usart.o(i.usart3_niming_report), (118 bytes).
    Removing usart.o(.constdata), (144 bytes).
    Removing sys.o(.rev16_text), (4 bytes).
    Removing sys.o(.revsh_text), (4 bytes).
    Removing sys.o(.rrx_text), (6 bytes).
    Removing delay.o(.rev16_text), (4 bytes).
    Removing delay.o(.revsh_text), (4 bytes).
    Removing delay.o(.rrx_text), (6 bytes).
    Removing gesture.o(.rev16_text), (4 bytes).
    Removing gesture.o(.revsh_text), (4 bytes).
    Removing gesture.o(.rrx_text), (6 bytes).
    Removing gesture.o(i.Gesture_MotorSet), (900 bytes).
    Removing gesture.o(i.Gesture_RX), (184 bytes).
    Removing gesture.o(i.Gesture_RX_Init), (56 bytes).
    Removing gesture.o(i.Gesture_Select), (96 bytes).
    Removing gesture.o(i.Gesture_TX), (172 bytes).
    Removing gesture.o(i.Gesture_TX_Init), (92 bytes).
    Removing gesture.o(.data), (16 bytes).
    Removing track.o(.rev16_text), (4 bytes).
    Removing track.o(.revsh_text), (4 bytes).
    Removing track.o(.rrx_text), (6 bytes).
    Removing track.o(i.PIDX_set), (164 bytes).
    Removing track.o(i.PIDY_set), (168 bytes).
    Removing track.o(i.PID_Init), (136 bytes).
    Removing track.o(i.Track_Init), (20 bytes).
    Removing track.o(i.Track_Realize), (284 bytes).
    Removing track.o(.bss), (80 bytes).
    Removing track.o(.data), (8 bytes).
    Removing xunji.o(.rev16_text), (4 bytes).
    Removing xunji.o(.revsh_text), (4 bytes).
    Removing xunji.o(.rrx_text), (6 bytes).
    Removing xunji.o(i.MPUPID_Init), (80 bytes).
    Removing xunji.o(i.xunji), (556 bytes).
    Removing xunji.o(i.xunji_Init), (64 bytes).
    Removing system_msp432.o(.rev16_text), (4 bytes).
    Removing system_msp432.o(.revsh_text), (4 bytes).
    Removing system_msp432.o(.rrx_text), (6 bytes).
    Removing system_msp432.o(i.SystemCoreClockUpdate), (16 bytes).

890 unused section(s) (total 54324 bytes) removed from the image.

==============================================================================

Image Symbol Table

    Local Symbols

    Symbol Name                              Value     Ov Type        Size  Object(Section)

    RESET                                    0x00000000   Section      324  startup_msp432.o(RESET)
    ../clib/angel/boardlib.s                 0x00000000   Number         0  boardshut.o ABSOLUTE
    ../clib/angel/boardlib.s                 0x00000000   Number         0  boardinit1.o ABSOLUTE
    ../clib/angel/boardlib.s                 0x00000000   Number         0  boardinit3.o ABSOLUTE
    ../clib/angel/boardlib.s                 0x00000000   Number         0  boardinit2.o ABSOLUTE
    ../clib/angel/handlers.s                 0x00000000   Number         0  __scatter_copy.o ABSOLUTE
    ../clib/angel/handlers.s                 0x00000000   Number         0  __scatter_zi.o ABSOLUTE
    ../clib/angel/kernel.s                   0x00000000   Number         0  rtexit.o ABSOLUTE
    ../clib/angel/kernel.s                   0x00000000   Number         0  __rtentry.o ABSOLUTE
    ../clib/angel/kernel.s                   0x00000000   Number         0  rtexit2.o ABSOLUTE
    ../clib/angel/kernel.s                   0x00000000   Number         0  __rtentry2.o ABSOLUTE
    ../clib/angel/kernel.s                   0x00000000   Number         0  __rtentry4.o ABSOLUTE
    ../clib/angel/rt.s                       0x00000000   Number         0  aeabi_ldiv0.o ABSOLUTE
    ../clib/angel/rt.s                       0x00000000   Number         0  rt_errno_addr_intlibspace.o ABSOLUTE
    ../clib/angel/rt.s                       0x00000000   Number         0  rt_div0.o ABSOLUTE
    ../clib/angel/rt.s                       0x00000000   Number         0  rt_errno_addr.o ABSOLUTE
    ../clib/angel/rt.s                       0x00000000   Number         0  rt_raise.o ABSOLUTE
    ../clib/angel/rt.s                       0x00000000   Number         0  aeabi_ldiv0_sigfpe.o ABSOLUTE
    ../clib/angel/scatter.s                  0x00000000   Number         0  __scatter.o ABSOLUTE
    ../clib/angel/startup.s                  0x00000000   Number         0  __main.o ABSOLUTE
    ../clib/angel/sys.s                      0x00000000   Number         0  sys_stackheap_outer.o ABSOLUTE
    ../clib/angel/sys.s                      0x00000000   Number         0  libspace.o ABSOLUTE
    ../clib/angel/sys.s                      0x00000000   Number         0  use_no_semi.o ABSOLUTE
    ../clib/angel/sys.s                      0x00000000   Number         0  use_no_semi_2.o ABSOLUTE
    ../clib/angel/sys.s                      0x00000000   Number         0  indicate_semi.o ABSOLUTE
    ../clib/angel/sysapp.c                   0x00000000   Number         0  sys_wrch.o ABSOLUTE
    ../clib/angel/sysapp.c                   0x00000000   Number         0  sys_command.o ABSOLUTE
    ../clib/armsys.c                         0x00000000   Number         0  no_argv.o ABSOLUTE
    ../clib/armsys.c                         0x00000000   Number         0  argv_veneer.o ABSOLUTE
    ../clib/armsys.c                         0x00000000   Number         0  argv_veneer.o ABSOLUTE
    ../clib/armsys.c                         0x00000000   Number         0  _get_argv_nomalloc.o ABSOLUTE
    ../clib/fenv.c                           0x00000000   Number         0  _rserrno.o ABSOLUTE
    ../clib/heapalloc.c                      0x00000000   Number         0  hrguard.o ABSOLUTE
    ../clib/heapaux.c                        0x00000000   Number         0  heapauxi.o ABSOLUTE
    ../clib/libinit.s                        0x00000000   Number         0  libshutdown2.o ABSOLUTE
    ../clib/libinit.s                        0x00000000   Number         0  libinit.o ABSOLUTE
    ../clib/libinit.s                        0x00000000   Number         0  libshutdown.o ABSOLUTE
    ../clib/libinit.s                        0x00000000   Number         0  libinit2.o ABSOLUTE
    ../clib/longlong.s                       0x00000000   Number         0  llsdiv.o ABSOLUTE
    ../clib/longlong.s                       0x00000000   Number         0  lludivv7m.o ABSOLUTE
    ../clib/memcpset.s                       0x00000000   Number         0  aeabi_memset.o ABSOLUTE
    ../clib/memcpset.s                       0x00000000   Number         0  rt_memcpy_w.o ABSOLUTE
    ../clib/memcpset.s                       0x00000000   Number         0  rt_memclr.o ABSOLUTE
    ../clib/memcpset.s                       0x00000000   Number         0  rt_memclr_w.o ABSOLUTE
    ../clib/misc.s                           0x00000000   Number         0  printf_stubs.o ABSOLUTE
    ../clib/printf.c                         0x00000000   Number         0  noretval__2printf.o ABSOLUTE
    ../clib/printf.c                         0x00000000   Number         0  __2printf.o ABSOLUTE
    ../clib/printf.c                         0x00000000   Number         0  _printf_hex_ll_ptr.o ABSOLUTE
    ../clib/printf.c                         0x00000000   Number         0  __printf_flags.o ABSOLUTE
    ../clib/printf.c                         0x00000000   Number         0  __printf_ss.o ABSOLUTE
    ../clib/printf.c                         0x00000000   Number         0  _printf_char_common.o ABSOLUTE
    ../clib/printf.c                         0x00000000   Number         0  __printf_nopercent.o ABSOLUTE
    ../clib/printf.c                         0x00000000   Number         0  __printf_flags_ss.o ABSOLUTE
    ../clib/printf.c                         0x00000000   Number         0  __printf_wp.o ABSOLUTE
    ../clib/printf.c                         0x00000000   Number         0  __printf_flags_wp.o ABSOLUTE
    ../clib/printf.c                         0x00000000   Number         0  __printf_ss_wp.o ABSOLUTE
    ../clib/printf.c                         0x00000000   Number         0  _printf_char_file.o ABSOLUTE
    ../clib/printf.c                         0x00000000   Number         0  _printf_hex_int_ptr.o ABSOLUTE
    ../clib/printf.c                         0x00000000   Number         0  _printf_intcommon.o ABSOLUTE
    ../clib/printf.c                         0x00000000   Number         0  __printf_flags_ss_wp.o ABSOLUTE
    ../clib/printf.c                         0x00000000   Number         0  _printf_hex_ll.o ABSOLUTE
    ../clib/printf.c                         0x00000000   Number         0  __printf.o ABSOLUTE
    ../clib/printf.c                         0x00000000   Number         0  _printf_pad.o ABSOLUTE
    ../clib/printf.c                         0x00000000   Number         0  _printf_dec.o ABSOLUTE
    ../clib/printf.c                         0x00000000   Number         0  _printf_hex_int_ll_ptr.o ABSOLUTE
    ../clib/printf.c                         0x00000000   Number         0  _printf_hex_int.o ABSOLUTE
    ../clib/printf.c                         0x00000000   Number         0  _printf_hex_int_ll.o ABSOLUTE
    ../clib/printf.c                         0x00000000   Number         0  _printf_hex_ptr.o ABSOLUTE
    ../clib/printf_percent.s                 0x00000000   Number         0  _printf_x.o ABSOLUTE
    ../clib/printf_percent.s                 0x00000000   Number         0  _printf_percent_end.o ABSOLUTE
    ../clib/printf_percent.s                 0x00000000   Number         0  _printf_d.o ABSOLUTE
    ../clib/printf_percent.s                 0x00000000   Number         0  _printf_percent.o ABSOLUTE
    ../clib/signal.c                         0x00000000   Number         0  defsig_fpe_formal.o ABSOLUTE
    ../clib/signal.c                         0x00000000   Number         0  defsig_fpe_outer.o ABSOLUTE
    ../clib/signal.c                         0x00000000   Number         0  defsig_exit.o ABSOLUTE
    ../clib/signal.c                         0x00000000   Number         0  defsig_other.o ABSOLUTE
    ../clib/signal.c                         0x00000000   Number         0  defsig_rtmem_outer.o ABSOLUTE
    ../clib/signal.c                         0x00000000   Number         0  defsig_fpe_inner.o ABSOLUTE
    ../clib/signal.c                         0x00000000   Number         0  defsig_abrt_inner.o ABSOLUTE
    ../clib/signal.c                         0x00000000   Number         0  __raise.o ABSOLUTE
    ../clib/signal.c                         0x00000000   Number         0  defsig_rtmem_inner.o ABSOLUTE
    ../clib/signal.c                         0x00000000   Number         0  defsig_pvfn_inner.o ABSOLUTE
    ../clib/signal.c                         0x00000000   Number         0  defsig_rtred_inner.o ABSOLUTE
    ../clib/signal.c                         0x00000000   Number         0  defsig_cppl_inner.o ABSOLUTE
    ../clib/signal.c                         0x00000000   Number         0  defsig_stak_inner.o ABSOLUTE
    ../clib/signal.c                         0x00000000   Number         0  defsig_general.o ABSOLUTE
    ../clib/signal.c                         0x00000000   Number         0  defsig_rtmem_formal.o ABSOLUTE
    ../clib/signal.c                         0x00000000   Number         0  defsig_segv_inner.o ABSOLUTE
    ../clib/signal.s                         0x00000000   Number         0  defsig.o ABSOLUTE
    ../clib/stdio.c                          0x00000000   Number         0  ferror.o ABSOLUTE
    ../clib/stdio.c                          0x00000000   Number         0  ferror_locked.o ABSOLUTE
    ../clib/stdlib.c                         0x00000000   Number         0  exit.o ABSOLUTE
    ../clib/string.c                         0x00000000   Number         0  memcmp.o ABSOLUTE
    ../fplib/basic.s                         0x00000000   Number         0  basic.o ABSOLUTE
    ../fplib/d2f.s                           0x00000000   Number         0  d2f.o ABSOLUTE
    ../fplib/daddsub.s                       0x00000000   Number         0  daddsub_clz.o ABSOLUTE
    ../fplib/dcmpi.s                         0x00000000   Number         0  dcmpi.o ABSOLUTE
    ../fplib/ddiv.s                          0x00000000   Number         0  ddiv.o ABSOLUTE
    ../fplib/dfix.s                          0x00000000   Number         0  dfix.o ABSOLUTE
    ../fplib/dflt.s                          0x00000000   Number         0  dflt_clz.o ABSOLUTE
    ../fplib/dleqf.s                         0x00000000   Number         0  dleqf.o ABSOLUTE
    ../fplib/dmul.s                          0x00000000   Number         0  dmul.o ABSOLUTE
    ../fplib/dnaninf.s                       0x00000000   Number         0  dnaninf.o ABSOLUTE
    ../fplib/dretinf.s                       0x00000000   Number         0  dretinf.o ABSOLUTE
    ../fplib/dsqrt.s                         0x00000000   Number         0  dsqrt_umaal.o ABSOLUTE
    ../fplib/f2d.s                           0x00000000   Number         0  f2d.o ABSOLUTE
    ../fplib/fnaninf.s                       0x00000000   Number         0  fnaninf.o ABSOLUTE
    ../fplib/fpinit.s                        0x00000000   Number         0  fpinit.o ABSOLUTE
    ../fplib/fretinf.s                       0x00000000   Number         0  fretinf.o ABSOLUTE
    ../fplib/usenofp.s                       0x00000000   Number         0  usenofp.o ABSOLUTE
    ../mathlib/asin.c                        0x00000000   Number         0  asin_x.o ABSOLUTE
    ../mathlib/asin.c                        0x00000000   Number         0  asin.o ABSOLUTE
    ../mathlib/atan.c                        0x00000000   Number         0  atan_x.o ABSOLUTE
    ../mathlib/atan.c                        0x00000000   Number         0  atan.o ABSOLUTE
    ../mathlib/atan2.c                       0x00000000   Number         0  atan2_x.o ABSOLUTE
    ../mathlib/atan2.c                       0x00000000   Number         0  atan2.o ABSOLUTE
    ../mathlib/dunder.c                      0x00000000   Number         0  dunder.o ABSOLUTE
    ../mathlib/fabs.c                        0x00000000   Number         0  fabs.o ABSOLUTE
    ../mathlib/fpclassify.c                  0x00000000   Number         0  fpclassify.o ABSOLUTE
    ../mathlib/poly.c                        0x00000000   Number         0  poly.o ABSOLUTE
    ../mathlib/qnan.c                        0x00000000   Number         0  qnan.o ABSOLUTE
    ../mathlib/sqrt.c                        0x00000000   Number         0  sqrt.o ABSOLUTE
    ../mathlib/sqrt.c                        0x00000000   Number         0  sqrt_x.o ABSOLUTE
    ..\..\Hardware\ADC\adc.c                 0x00000000   Number         0  adc.o ABSOLUTE
    ..\..\Hardware\Encoder\Encoder.c         0x00000000   Number         0  encoder.o ABSOLUTE
    ..\..\Hardware\LED\led.c                 0x00000000   Number         0  led.o ABSOLUTE
    ..\..\Hardware\MLX90614_432ver\I2C.c     0x00000000   Number         0  i2c.o ABSOLUTE
    ..\..\Hardware\MLX90614_432ver\MLX90614.c 0x00000000   Number         0  mlx90614.o ABSOLUTE
    ..\..\Hardware\MORTOR\motor.c            0x00000000   Number         0  motor.o ABSOLUTE
    ..\..\Hardware\MPU6050\eMPL\inv_mpu.c    0x00000000   Number         0  inv_mpu.o ABSOLUTE
    ..\..\Hardware\MPU6050\eMPL\inv_mpu_dmp_motion_driver.c 0x00000000   Number         0  inv_mpu_dmp_motion_driver.o ABSOLUTE
    ..\..\Hardware\MPU6050\mpu6050.c         0x00000000   Number         0  mpu6050.o ABSOLUTE
    ..\..\Hardware\MPU6050\mpuiic.c          0x00000000   Number         0  mpuiic.o ABSOLUTE
    ..\..\Hardware\NRF24L01\NRF24L01.c       0x00000000   Number         0  nrf24l01.o ABSOLUTE
    ..\..\Hardware\Openmv\openmv.c           0x00000000   Number         0  openmv.o ABSOLUTE
    ..\..\Hardware\SPI\SpiDrive.c            0x00000000   Number         0  spidrive.o ABSOLUTE
    ..\..\Hardware\STEER\steer.c             0x00000000   Number         0  steer.o ABSOLUTE
    ..\..\Hardware\TIMER\timer.c             0x00000000   Number         0  timer.o ABSOLUTE
    ..\..\Hardware\Ultrasonic\Ultrasonic.c   0x00000000   Number         0  ultrasonic.o ABSOLUTE
    ..\..\Hardware\Usart\Usart.c             0x00000000   Number         0  usart.o ABSOLUTE
    ..\..\Hardware\key\key.c                 0x00000000   Number         0  key.o ABSOLUTE
    ..\..\Hardware\menu\menu.c               0x00000000   Number         0  menu.o ABSOLUTE
    ..\..\Hardware\oled\oled.c               0x00000000   Number         0  oled.o ABSOLUTE
    ..\..\Hardware\step_cnt\step_cnt.c       0x00000000   Number         0  step_cnt.o ABSOLUTE
    ..\..\Libraries\MSP432P4xx\adc14.c       0x00000000   Number         0  adc14.o ABSOLUTE
    ..\..\Libraries\MSP432P4xx\aes256.c      0x00000000   Number         0  aes256.o ABSOLUTE
    ..\..\Libraries\MSP432P4xx\comp_e.c      0x00000000   Number         0  comp_e.o ABSOLUTE
    ..\..\Libraries\MSP432P4xx\cpu.c         0x00000000   Number         0  cpu.o ABSOLUTE
    ..\..\Libraries\MSP432P4xx\crc32.c       0x00000000   Number         0  crc32.o ABSOLUTE
    ..\..\Libraries\MSP432P4xx\cs.c          0x00000000   Number         0  cs.o ABSOLUTE
    ..\..\Libraries\MSP432P4xx\dma.c         0x00000000   Number         0  dma.o ABSOLUTE
    ..\..\Libraries\MSP432P4xx\flash.c       0x00000000   Number         0  flash.o ABSOLUTE
    ..\..\Libraries\MSP432P4xx\fpu.c         0x00000000   Number         0  fpu.o ABSOLUTE
    ..\..\Libraries\MSP432P4xx\gpio.c        0x00000000   Number         0  gpio.o ABSOLUTE
    ..\..\Libraries\MSP432P4xx\i2c.c         0x00000000   Number         0  i2c_1.o ABSOLUTE
    ..\..\Libraries\MSP432P4xx\interrupt.c   0x00000000   Number         0  interrupt.o ABSOLUTE
    ..\..\Libraries\MSP432P4xx\mpu.c         0x00000000   Number         0  mpu.o ABSOLUTE
    ..\..\Libraries\MSP432P4xx\pcm.c         0x00000000   Number         0  pcm.o ABSOLUTE
    ..\..\Libraries\MSP432P4xx\pmap.c        0x00000000   Number         0  pmap.o ABSOLUTE
    ..\..\Libraries\MSP432P4xx\pss.c         0x00000000   Number         0  pss.o ABSOLUTE
    ..\..\Libraries\MSP432P4xx\ref_a.c       0x00000000   Number         0  ref_a.o ABSOLUTE
    ..\..\Libraries\MSP432P4xx\reset.c       0x00000000   Number         0  reset.o ABSOLUTE
    ..\..\Libraries\MSP432P4xx\rtc_c.c       0x00000000   Number         0  rtc_c.o ABSOLUTE
    ..\..\Libraries\MSP432P4xx\spi.c         0x00000000   Number         0  spi.o ABSOLUTE
    ..\..\Libraries\MSP432P4xx\sysctl.c      0x00000000   Number         0  sysctl.o ABSOLUTE
    ..\..\Libraries\MSP432P4xx\systick.c     0x00000000   Number         0  systick.o ABSOLUTE
    ..\..\Libraries\MSP432P4xx\timer32.c     0x00000000   Number         0  timer32.o ABSOLUTE
    ..\..\Libraries\MSP432P4xx\timer_a.c     0x00000000   Number         0  timer_a.o ABSOLUTE
    ..\..\Libraries\MSP432P4xx\uart.c        0x00000000   Number         0  uart.o ABSOLUTE
    ..\..\Libraries\MSP432P4xx\wdt_a.c       0x00000000   Number         0  wdt_a.o ABSOLUTE
    ..\..\System\DELAY\Delay.c               0x00000000   Number         0  delay.o ABSOLUTE
    ..\..\System\SYS\sys.c                   0x00000000   Number         0  sys.o ABSOLUTE
    ..\..\User\main.c                        0x00000000   Number         0  main.o ABSOLUTE
    ..\\..\\Hardware\\ADC\\adc.c             0x00000000   Number         0  adc.o ABSOLUTE
    ..\\..\\Hardware\\Encoder\\Encoder.c     0x00000000   Number         0  encoder.o ABSOLUTE
    ..\\..\\Hardware\\LED\\led.c             0x00000000   Number         0  led.o ABSOLUTE
    ..\\..\\Hardware\\MLX90614_432ver\\I2C.c 0x00000000   Number         0  i2c.o ABSOLUTE
    ..\\..\\Hardware\\MLX90614_432ver\\MLX90614.c 0x00000000   Number         0  mlx90614.o ABSOLUTE
    ..\\..\\Hardware\\MORTOR\\motor.c        0x00000000   Number         0  motor.o ABSOLUTE
    ..\\..\\Hardware\\MPU6050\\eMPL\\inv_mpu.c 0x00000000   Number         0  inv_mpu.o ABSOLUTE
    ..\\..\\Hardware\\MPU6050\\eMPL\\inv_mpu_dmp_motion_driver.c 0x00000000   Number         0  inv_mpu_dmp_motion_driver.o ABSOLUTE
    ..\\..\\Hardware\\MPU6050\\mpu6050.c     0x00000000   Number         0  mpu6050.o ABSOLUTE
    ..\\..\\Hardware\\MPU6050\\mpuiic.c      0x00000000   Number         0  mpuiic.o ABSOLUTE
    ..\\..\\Hardware\\NRF24L01\\NRF24L01.c   0x00000000   Number         0  nrf24l01.o ABSOLUTE
    ..\\..\\Hardware\\Openmv\\openmv.c       0x00000000   Number         0  openmv.o ABSOLUTE
    ..\\..\\Hardware\\SPI\\SpiDrive.c        0x00000000   Number         0  spidrive.o ABSOLUTE
    ..\\..\\Hardware\\STEER\\steer.c         0x00000000   Number         0  steer.o ABSOLUTE
    ..\\..\\Hardware\\TIMER\\timer.c         0x00000000   Number         0  timer.o ABSOLUTE
    ..\\..\\Hardware\\Ultrasonic\\Ultrasonic.c 0x00000000   Number         0  ultrasonic.o ABSOLUTE
    ..\\..\\Hardware\\Usart\\Usart.c         0x00000000   Number         0  usart.o ABSOLUTE
    ..\\..\\Hardware\\key\\key.c             0x00000000   Number         0  key.o ABSOLUTE
    ..\\..\\Hardware\\menu\\menu.c           0x00000000   Number         0  menu.o ABSOLUTE
    ..\\..\\Hardware\\oled\\oled.c           0x00000000   Number         0  oled.o ABSOLUTE
    ..\\..\\Hardware\\step_cnt\\step_cnt.c   0x00000000   Number         0  step_cnt.o ABSOLUTE
    ..\\..\\Libraries\\MSP432P4xx\\adc14.c   0x00000000   Number         0  adc14.o ABSOLUTE
    ..\\..\\Libraries\\MSP432P4xx\\aes256.c  0x00000000   Number         0  aes256.o ABSOLUTE
    ..\\..\\Libraries\\MSP432P4xx\\comp_e.c  0x00000000   Number         0  comp_e.o ABSOLUTE
    ..\\..\\Libraries\\MSP432P4xx\\cpu.c     0x00000000   Number         0  cpu.o ABSOLUTE
    ..\\..\\Libraries\\MSP432P4xx\\crc32.c   0x00000000   Number         0  crc32.o ABSOLUTE
    ..\\..\\Libraries\\MSP432P4xx\\cs.c      0x00000000   Number         0  cs.o ABSOLUTE
    ..\\..\\Libraries\\MSP432P4xx\\dma.c     0x00000000   Number         0  dma.o ABSOLUTE
    ..\\..\\Libraries\\MSP432P4xx\\flash.c   0x00000000   Number         0  flash.o ABSOLUTE
    ..\\..\\Libraries\\MSP432P4xx\\fpu.c     0x00000000   Number         0  fpu.o ABSOLUTE
    ..\\..\\Libraries\\MSP432P4xx\\gpio.c    0x00000000   Number         0  gpio.o ABSOLUTE
    ..\\..\\Libraries\\MSP432P4xx\\i2c.c     0x00000000   Number         0  i2c_1.o ABSOLUTE
    ..\\..\\Libraries\\MSP432P4xx\\interrupt.c 0x00000000   Number         0  interrupt.o ABSOLUTE
    ..\\..\\Libraries\\MSP432P4xx\\mpu.c     0x00000000   Number         0  mpu.o ABSOLUTE
    ..\\..\\Libraries\\MSP432P4xx\\pcm.c     0x00000000   Number         0  pcm.o ABSOLUTE
    ..\\..\\Libraries\\MSP432P4xx\\pmap.c    0x00000000   Number         0  pmap.o ABSOLUTE
    ..\\..\\Libraries\\MSP432P4xx\\pss.c     0x00000000   Number         0  pss.o ABSOLUTE
    ..\\..\\Libraries\\MSP432P4xx\\ref_a.c   0x00000000   Number         0  ref_a.o ABSOLUTE
    ..\\..\\Libraries\\MSP432P4xx\\reset.c   0x00000000   Number         0  reset.o ABSOLUTE
    ..\\..\\Libraries\\MSP432P4xx\\rtc_c.c   0x00000000   Number         0  rtc_c.o ABSOLUTE
    ..\\..\\Libraries\\MSP432P4xx\\spi.c     0x00000000   Number         0  spi.o ABSOLUTE
    ..\\..\\Libraries\\MSP432P4xx\\sysctl.c  0x00000000   Number         0  sysctl.o ABSOLUTE
    ..\\..\\Libraries\\MSP432P4xx\\systick.c 0x00000000   Number         0  systick.o ABSOLUTE
    ..\\..\\Libraries\\MSP432P4xx\\timer32.c 0x00000000   Number         0  timer32.o ABSOLUTE
    ..\\..\\Libraries\\MSP432P4xx\\timer_a.c 0x00000000   Number         0  timer_a.o ABSOLUTE
    ..\\..\\Libraries\\MSP432P4xx\\uart.c    0x00000000   Number         0  uart.o ABSOLUTE
    ..\\..\\Libraries\\MSP432P4xx\\wdt_a.c   0x00000000   Number         0  wdt_a.o ABSOLUTE
    ..\\..\\System\\DELAY\\Delay.c           0x00000000   Number         0  delay.o ABSOLUTE
    ..\\..\\System\\SYS\\sys.c               0x00000000   Number         0  sys.o ABSOLUTE
    ..\\..\\User\\main.c                     0x00000000   Number         0  main.o ABSOLUTE
    Gesture\Gesture.c                        0x00000000   Number         0  gesture.o ABSOLUTE
    Gesture\\Gesture.c                       0x00000000   Number         0  gesture.o ABSOLUTE
    RTE\Device\MSP432P401R\startup_msp432.s  0x00000000   Number         0  startup_msp432.o ABSOLUTE
    RTE\Device\MSP432P401R\system_msp432.c   0x00000000   Number         0  system_msp432.o ABSOLUTE
    RTE\\Device\\MSP432P401R\\system_msp432.c 0x00000000   Number         0  system_msp432.o ABSOLUTE
    Track\Track.c                            0x00000000   Number         0  track.o ABSOLUTE
    Track\\Track.c                           0x00000000   Number         0  track.o ABSOLUTE
    dc.s                                     0x00000000   Number         0  dc.o ABSOLUTE
    xunji\\xunji.c                           0x00000000   Number         0  xunji.o ABSOLUTE
    xunji\xunji.c                            0x00000000   Number         0  xunji.o ABSOLUTE
    !!!main                                  0x00000144   Section        8  __main.o(!!!main)
    !!!scatter                               0x0000014c   Section       52  __scatter.o(!!!scatter)
    !!handler_copy                           0x00000180   Section       26  __scatter_copy.o(!!handler_copy)
    !!handler_zi                             0x0000019c   Section       28  __scatter_zi.o(!!handler_zi)
    .ARM.Collect$$libinit$$00000000          0x000001b8   Section        2  libinit.o(.ARM.Collect$$libinit$$00000000)
    .ARM.Collect$$libinit$$00000001          0x000001ba   Section        4  libinit2.o(.ARM.Collect$$libinit$$00000001)
    .ARM.Collect$$libinit$$00000004          0x000001be   Section        0  libinit2.o(.ARM.Collect$$libinit$$00000004)
    .ARM.Collect$$libinit$$0000000A          0x000001be   Section        0  libinit2.o(.ARM.Collect$$libinit$$0000000A)
    .ARM.Collect$$libinit$$0000000C          0x000001be   Section        0  libinit2.o(.ARM.Collect$$libinit$$0000000C)
    .ARM.Collect$$libinit$$0000000E          0x000001be   Section        0  libinit2.o(.ARM.Collect$$libinit$$0000000E)
    .ARM.Collect$$libinit$$00000011          0x000001be   Section        0  libinit2.o(.ARM.Collect$$libinit$$00000011)
    .ARM.Collect$$libinit$$00000013          0x000001be   Section        0  libinit2.o(.ARM.Collect$$libinit$$00000013)
    .ARM.Collect$$libinit$$00000015          0x000001be   Section        0  libinit2.o(.ARM.Collect$$libinit$$00000015)
    .ARM.Collect$$libinit$$00000017          0x000001be   Section        0  libinit2.o(.ARM.Collect$$libinit$$00000017)
    .ARM.Collect$$libinit$$00000019          0x000001be   Section        0  libinit2.o(.ARM.Collect$$libinit$$00000019)
    .ARM.Collect$$libinit$$0000001B          0x000001be   Section        0  libinit2.o(.ARM.Collect$$libinit$$0000001B)
    .ARM.Collect$$libinit$$0000001D          0x000001be   Section        0  libinit2.o(.ARM.Collect$$libinit$$0000001D)
    .ARM.Collect$$libinit$$0000001F          0x000001be   Section        0  libinit2.o(.ARM.Collect$$libinit$$0000001F)
    .ARM.Collect$$libinit$$00000021          0x000001be   Section        0  libinit2.o(.ARM.Collect$$libinit$$00000021)
    .ARM.Collect$$libinit$$00000023          0x000001be   Section        0  libinit2.o(.ARM.Collect$$libinit$$00000023)
    .ARM.Collect$$libinit$$00000025          0x000001be   Section        0  libinit2.o(.ARM.Collect$$libinit$$00000025)
    .ARM.Collect$$libinit$$0000002C          0x000001be   Section        0  libinit2.o(.ARM.Collect$$libinit$$0000002C)
    .ARM.Collect$$libinit$$0000002E          0x000001be   Section        0  libinit2.o(.ARM.Collect$$libinit$$0000002E)
    .ARM.Collect$$libinit$$00000030          0x000001be   Section        0  libinit2.o(.ARM.Collect$$libinit$$00000030)
    .ARM.Collect$$libinit$$00000032          0x000001be   Section        0  libinit2.o(.ARM.Collect$$libinit$$00000032)
    .ARM.Collect$$libinit$$00000033          0x000001be   Section        2  libinit2.o(.ARM.Collect$$libinit$$00000033)
    .ARM.Collect$$libshutdown$$00000000      0x000001c0   Section        2  libshutdown.o(.ARM.Collect$$libshutdown$$00000000)
    .ARM.Collect$$libshutdown$$00000002      0x000001c2   Section        0  libshutdown2.o(.ARM.Collect$$libshutdown$$00000002)
    .ARM.Collect$$libshutdown$$00000004      0x000001c2   Section        0  libshutdown2.o(.ARM.Collect$$libshutdown$$00000004)
    .ARM.Collect$$libshutdown$$00000007      0x000001c2   Section        0  libshutdown2.o(.ARM.Collect$$libshutdown$$00000007)
    .ARM.Collect$$libshutdown$$0000000A      0x000001c2   Section        0  libshutdown2.o(.ARM.Collect$$libshutdown$$0000000A)
    .ARM.Collect$$libshutdown$$0000000C      0x000001c2   Section        0  libshutdown2.o(.ARM.Collect$$libshutdown$$0000000C)
    .ARM.Collect$$libshutdown$$0000000F      0x000001c2   Section        0  libshutdown2.o(.ARM.Collect$$libshutdown$$0000000F)
    .ARM.Collect$$libshutdown$$00000010      0x000001c2   Section        2  libshutdown2.o(.ARM.Collect$$libshutdown$$00000010)
    .ARM.Collect$$rtentry$$00000000          0x000001c4   Section        0  __rtentry.o(.ARM.Collect$$rtentry$$00000000)
    .ARM.Collect$$rtentry$$00000002          0x000001c4   Section        0  __rtentry2.o(.ARM.Collect$$rtentry$$00000002)
    .ARM.Collect$$rtentry$$00000004          0x000001c4   Section        6  __rtentry4.o(.ARM.Collect$$rtentry$$00000004)
    .ARM.Collect$$rtentry$$00000009          0x000001ca   Section        0  __rtentry2.o(.ARM.Collect$$rtentry$$00000009)
    .ARM.Collect$$rtentry$$0000000A          0x000001ca   Section        4  __rtentry2.o(.ARM.Collect$$rtentry$$0000000A)
    .ARM.Collect$$rtentry$$0000000C          0x000001ce   Section        0  __rtentry2.o(.ARM.Collect$$rtentry$$0000000C)
    .ARM.Collect$$rtentry$$0000000D          0x000001ce   Section        8  __rtentry2.o(.ARM.Collect$$rtentry$$0000000D)
    .ARM.Collect$$rtexit$$00000000           0x000001d6   Section        2  rtexit.o(.ARM.Collect$$rtexit$$00000000)
    .ARM.Collect$$rtexit$$00000002           0x000001d8   Section        0  rtexit2.o(.ARM.Collect$$rtexit$$00000002)
    .ARM.Collect$$rtexit$$00000003           0x000001d8   Section        4  rtexit2.o(.ARM.Collect$$rtexit$$00000003)
    .ARM.Collect$$rtexit$$00000004           0x000001dc   Section        6  rtexit2.o(.ARM.Collect$$rtexit$$00000004)
    .text                                    0x000001e4   Section       60  startup_msp432.o(.text)
    $v0                                      0x000001e4   Number         0  startup_msp432.o(.text)
    .text                                    0x00000220   Section        2  use_no_semi_2.o(.text)
    .text                                    0x00000222   Section        0  heapauxi.o(.text)
    .text                                    0x00000228   Section        2  use_no_semi.o(.text)
    .text                                    0x0000022c   Section        8  libspace.o(.text)
    .text                                    0x00000234   Section       74  sys_stackheap_outer.o(.text)
    .text                                    0x0000027e   Section        0  exit.o(.text)
    i.CS_initClockSignal                     0x00000290   Section        0  cs.o(i.CS_initClockSignal)
    i.CS_setExternalClockSourceFrequency     0x000003c8   Section        0  cs.o(i.CS_setExternalClockSourceFrequency)
    i.CS_startHFXT                           0x000003dc   Section        0  cs.o(i.CS_startHFXT)
    i.CS_startHFXTWithTimeout                0x000003ec   Section        0  cs.o(i.CS_startHFXTWithTimeout)
    i.Delay_Init                             0x000004a4   Section        0  delay.o(i.Delay_Init)
    i.Delay_ms                               0x000004dc   Section        0  delay.o(i.Delay_ms)
    i.Delay_us                               0x0000051c   Section        0  delay.o(i.Delay_us)
    i.EUSCIA0_IRQHandler                     0x0000055c   Section        0  usart.o(i.EUSCIA0_IRQHandler)
    i.EUSCIA1_IRQHandler                     0x000005a0   Section        0  usart.o(i.EUSCIA1_IRQHandler)
    i.EUSCIA2_IRQHandler                     0x000005e4   Section        0  usart.o(i.EUSCIA2_IRQHandler)
    i.EUSCIA3_IRQHandler                     0x00000690   Section        0  openmv.o(i.EUSCIA3_IRQHandler)
    i.FlashCtl_setWaitState                  0x00000728   Section        0  flash.o(i.FlashCtl_setWaitState)
    i.GPIO_clearInterruptFlag                0x00000758   Section        0  gpio.o(i.GPIO_clearInterruptFlag)
    i.GPIO_getEnabledInterruptStatus         0x0000076c   Section        0  gpio.o(i.GPIO_getEnabledInterruptStatus)
    i.GPIO_getInputPinValue                  0x000007c0   Section        0  gpio.o(i.GPIO_getInputPinValue)
    i.GPIO_getInterruptStatus                0x000007e0   Section        0  gpio.o(i.GPIO_getInterruptStatus)
    i.GPIO_setAsInputPinWithPullUpResistor   0x000007f4   Section        0  gpio.o(i.GPIO_setAsInputPinWithPullUpResistor)
    i.GPIO_setAsOutputPin                    0x00000820   Section        0  gpio.o(i.GPIO_setAsOutputPin)
    i.GPIO_setAsPeripheralModuleFunctionOutputPin 0x00000840   Section        0  gpio.o(i.GPIO_setAsPeripheralModuleFunctionOutputPin)
    i.GPIO_setOutputHighOnPin                0x00000890   Section        0  gpio.o(i.GPIO_setOutputHighOnPin)
    i.GPIO_setOutputLowOnPin                 0x000008a4   Section        0  gpio.o(i.GPIO_setOutputLowOnPin)
    i.Key_Init                               0x000008b8   Section        0  key.o(i.Key_Init)
    i.LED_Init                               0x000008ec   Section        0  led.o(i.LED_Init)
    i.MPUPID_set                             0x0000091c   Section        0  xunji.o(i.MPUPID_set)
    i.OLED_Clear                             0x000009f0   Section        0  oled.o(i.OLED_Clear)
    i.OLED_DrawPoint                         0x00000a20   Section        0  oled.o(i.OLED_DrawPoint)
    i.OLED_Init                              0x00000a88   Section        0  oled.o(i.OLED_Init)
    i.OLED_Refresh_Gram                      0x00000bb0   Section        0  oled.o(i.OLED_Refresh_Gram)
    i.OLED_Show3FNum                         0x00000bfc   Section        0  oled.o(i.OLED_Show3FNum)
    i.OLED_ShowChar                          0x00000e88   Section        0  oled.o(i.OLED_ShowChar)
    i.OLED_ShowNum                           0x00000f94   Section        0  oled.o(i.OLED_ShowNum)
    i.OLED_ShowString                        0x00001028   Section        0  oled.o(i.OLED_ShowString)
    i.OLED_WR_Byte                           0x00001088   Section        0  oled.o(i.OLED_WR_Byte)
    i.PCM_getCoreVoltageLevel                0x000010e8   Section        0  pcm.o(i.PCM_getCoreVoltageLevel)
    i.PCM_getPowerMode                       0x0000114a   Section        0  pcm.o(i.PCM_getPowerMode)
    i.PCM_getPowerState                      0x000011a4   Section        0  pcm.o(i.PCM_getPowerState)
    i.PCM_setCoreVoltageLevel                0x000011b4   Section        0  pcm.o(i.PCM_setCoreVoltageLevel)
    i.PCM_setCoreVoltageLevelWithTimeout     0x000011c4   Section        0  pcm.o(i.PCM_setCoreVoltageLevelWithTimeout)
    i.PCM_setPowerMode                       0x00001288   Section        0  pcm.o(i.PCM_setPowerMode)
    i.PCM_setPowerModeWithTimeout            0x00001298   Section        0  pcm.o(i.PCM_setPowerModeWithTimeout)
    i.PORT4_IRQHandler                       0x000013a0   Section        0  key.o(i.PORT4_IRQHandler)
    i.PORT5_IRQHandler                       0x00001420   Section        0  key.o(i.PORT5_IRQHandler)
    i.SysCtl_disableNMISource                0x00001508   Section        0  sysctl.o(i.SysCtl_disableNMISource)
    i.SysCtl_enableNMISource                 0x00001518   Section        0  sysctl.o(i.SysCtl_enableNMISource)
    i.SysCtl_getNMISourceStatus              0x00001528   Section        0  sysctl.o(i.SysCtl_getNMISourceStatus)
    i.SystemInit                             0x00001534   Section        0  system_msp432.o(i.SystemInit)
    i.System_Init                            0x00001560   Section        0  sys.o(i.System_Init)
    i.TA0_0_IRQHandler                       0x000015dc   Section        0  timer.o(i.TA0_0_IRQHandler)
    i.TA0_N_IRQHandler                       0x00001684   Section        0  encoder.o(i.TA0_N_IRQHandler)
    i.TA1_0_IRQHandler                       0x00001738   Section        0  timer.o(i.TA1_0_IRQHandler)
    i.TA2_0_IRQHandler                       0x00001748   Section        0  timer.o(i.TA2_0_IRQHandler)
    i.TA3_0_IRQHandler                       0x0000184c   Section        0  timer.o(i.TA3_0_IRQHandler)
    i.TA3_N_IRQHandler                       0x00001920   Section        0  ultrasonic.o(i.TA3_N_IRQHandler)
    i.Timer32_disableInterrupt               0x000019f0   Section        0  timer32.o(i.Timer32_disableInterrupt)
    i.TimerA3_Cap_Init                       0x000019fc   Section        0  ultrasonic.o(i.TimerA3_Cap_Init)
    i.Timer_A_clearCaptureCompareInterrupt   0x00001a54   Section        0  timer_a.o(i.Timer_A_clearCaptureCompareInterrupt)
    i.Timer_A_clearInterruptFlag             0x00001a70   Section        0  timer_a.o(i.Timer_A_clearInterruptFlag)
    i.Timer_A_getCaptureCompareCount         0x00001a7e   Section        0  timer_a.o(i.Timer_A_getCaptureCompareCount)
    i.Timer_A_getCaptureCompareEnabledInterruptStatus 0x00001a88   Section        0  timer_a.o(i.Timer_A_getCaptureCompareEnabledInterruptStatus)
    i.Timer_A_getCaptureCompareInterruptStatus 0x00001aba   Section        0  timer_a.o(i.Timer_A_getCaptureCompareInterruptStatus)
    i.Timer_A_getInterruptStatus             0x00001ac2   Section        0  timer_a.o(i.Timer_A_getInterruptStatus)
    i.Ultrasonic_Get_Distance                0x00001acc   Section        0  ultrasonic.o(i.Ultrasonic_Get_Distance)
    i.Ultrasonic_Init                        0x00001b40   Section        0  ultrasonic.o(i.Ultrasonic_Init)
    i.WDT_A_holdTimer                        0x00001b58   Section        0  wdt_a.o(i.WDT_A_holdTimer)
    i._CSGetHFXTFrequency                    0x00001b70   Section        0  cs.o(i._CSGetHFXTFrequency)
    _CSGetHFXTFrequency                      0x00001b71   Thumb Code   184  cs.o(i._CSGetHFXTFrequency)
    i._sys_exit                              0x00001c4c   Section        0  usart.o(i._sys_exit)
    i.cc                                     0x00001c50   Section        0  encoder.o(i.cc)
    i.main                                   0x00001c5e   Section        0  main.o(i.main)
    i.mypow                                  0x00001c7e   Section        0  oled.o(i.mypow)
    x$fpl$dadd                               0x00001c94   Section      336  daddsub_clz.o(x$fpl$dadd)
    $v0                                      0x00001c94   Number         0  daddsub_clz.o(x$fpl$dadd)
    _dadd1                                   0x00001ca5   Thumb Code     0  daddsub_clz.o(x$fpl$dadd)
    x$fpl$dflt                               0x00001de4   Section       46  dflt_clz.o(x$fpl$dflt)
    $v0                                      0x00001de4   Number         0  dflt_clz.o(x$fpl$dflt)
    x$fpl$dmul                               0x00001e14   Section      340  dmul.o(x$fpl$dmul)
    $v0                                      0x00001e14   Number         0  dmul.o(x$fpl$dmul)
    x$fpl$dnaninf                            0x00001f68   Section      156  dnaninf.o(x$fpl$dnaninf)
    $v0                                      0x00001f68   Number         0  dnaninf.o(x$fpl$dnaninf)
    x$fpl$dretinf                            0x00002004   Section       12  dretinf.o(x$fpl$dretinf)
    $v0                                      0x00002004   Number         0  dretinf.o(x$fpl$dretinf)
    x$fpl$dsub                               0x00002010   Section      468  daddsub_clz.o(x$fpl$dsub)
    $v0                                      0x00002010   Number         0  daddsub_clz.o(x$fpl$dsub)
    _dsub1                                   0x00002021   Thumb Code     0  daddsub_clz.o(x$fpl$dsub)
    x$fpl$fpinit                             0x000021e4   Section       10  fpinit.o(x$fpl$fpinit)
    $v0                                      0x000021e4   Number         0  fpinit.o(x$fpl$fpinit)
    .constdata                               0x000021ee   Section     6080  oled.o(.constdata)
    x$fpl$usenofp                            0x000021ee   Section        0  usenofp.o(x$fpl$usenofp)
    .constdata                               0x000039b0   Section       40  ultrasonic.o(.constdata)
    .constdata                               0x000039d8   Section       76  gpio.o(.constdata)
    GPIO_PORT_TO_INT                         0x000039d8   Data          28  gpio.o(.constdata)
    GPIO_PORT_TO_BASE                        0x000039f4   Data          48  gpio.o(.constdata)
    .data                                    0x20000000   Section       16  timer.o(.data)
    ms_2                                     0x20000000   Data           2  timer.o(.data)
    ms_5                                     0x20000002   Data           2  timer.o(.data)
    ms_20                                    0x20000004   Data           2  timer.o(.data)
    ms_1000                                  0x20000006   Data           2  timer.o(.data)
    ms_10                                    0x20000008   Data           2  timer.o(.data)
    flag_step                                0x2000000c   Data           4  timer.o(.data)
    .data                                    0x20000010   Section       32  step_cnt.o(.data)
    .data                                    0x20000030   Section        6  openmv.o(.data)
    flag_uart                                0x20000035   Data           1  openmv.o(.data)
    .data                                    0x20000038   Section       56  encoder.o(.data)
    .data                                    0x20000070   Section        8  ultrasonic.o(.data)
    .data                                    0x20000078   Section        8  cs.o(.data)
    hfxtFreq                                 0x20000078   Data           4  cs.o(.data)
    lfxtFreq                                 0x2000007c   Data           4  cs.o(.data)
    .data                                    0x20000080   Section       17  usart.o(.data)
    flag_uart                                0x20000090   Data           1  usart.o(.data)
    .data                                    0x20000094   Section        8  delay.o(.data)
    Fac_us                                   0x20000094   Data           1  delay.o(.data)
    Fac_ms                                   0x20000098   Data           4  delay.o(.data)
    .data                                    0x2000009c   Section       16  xunji.o(.data)
    .data                                    0x200000ac   Section        4  system_msp432.o(.data)
    .bss                                     0x200000b0   Section     1024  oled.o(.bss)
    .bss                                     0x200004b0   Section       36  mpu6050.o(.bss)
    .bss                                     0x200004d4   Section       20  ultrasonic.o(.bss)
    .bss                                     0x200004e8   Section      250  usart.o(.bss)
    .bss                                     0x200005e4   Section       40  xunji.o(.bss)
    .bss                                     0x2000060c   Section       96  libspace.o(.bss)
    HEAP                                     0x20000670   Section        0  startup_msp432.o(HEAP)
    STACK                                    0x20000670   Section      512  startup_msp432.o(STACK)
    Heap_Mem                                 0x20000670   Data           0  startup_msp432.o(HEAP)
    Stack_Mem                                0x20000670   Data         512  startup_msp432.o(STACK)
    __initial_sp                             0x20000870   Data           0  startup_msp432.o(STACK)

    Global Symbols

    Symbol Name                              Value     Ov Type        Size  Object(Section)

    BuildAttributes$$THM_ISAv4$E$P$D$K$B$S$7EM$VFPi3$EXTD16$VFPS$VFMA$PE$A:L22UL41UL21$X:L11$S22US41US21$IEEE1$IW$USESV6$~STKCKD$USESV7$~SHL$OTIME$ROPI$IEEEX$EBA8$UX$STANDARDLIB$REQ8$PRES8$EABIv2 0x00000000   Number         0  anon$$obj.o ABSOLUTE
    __ARM_use_no_argv                        0x00000000   Number         0  main.o ABSOLUTE
    __Vectors                                0x00000000   Data           4  startup_msp432.o(RESET)
    _printf_flags                            0x00000000   Number         0  printf_stubs.o ABSOLUTE
    _printf_return_value                     0x00000000   Number         0  printf_stubs.o ABSOLUTE
    _printf_sizespec                         0x00000000   Number         0  printf_stubs.o ABSOLUTE
    _printf_widthprec                        0x00000000   Number         0  printf_stubs.o ABSOLUTE
    __ARM_exceptions_init                     - Undefined Weak Reference
    __alloca_initialize                       - Undefined Weak Reference
    __arm_preinit_                            - Undefined Weak Reference
    __cpp_initialize__aeabi_                  - Undefined Weak Reference
    __cxa_finalize                            - Undefined Weak Reference
    __rt_locale                               - Undefined Weak Reference
    __sigvec_lookup                           - Undefined Weak Reference
    _atexit_init                              - Undefined Weak Reference
    _call_atexit_fns                          - Undefined Weak Reference
    _clock_init                               - Undefined Weak Reference
    _fp_trap_init                             - Undefined Weak Reference
    _fp_trap_shutdown                         - Undefined Weak Reference
    _get_lc_collate                           - Undefined Weak Reference
    _get_lc_ctype                             - Undefined Weak Reference
    _get_lc_monetary                          - Undefined Weak Reference
    _get_lc_numeric                           - Undefined Weak Reference
    _get_lc_time                              - Undefined Weak Reference
    _getenv_init                              - Undefined Weak Reference
    _handle_redirection                       - Undefined Weak Reference
    _init_alloc                               - Undefined Weak Reference
    _init_user_alloc                          - Undefined Weak Reference
    _initio                                   - Undefined Weak Reference
    _mutex_acquire                            - Undefined Weak Reference
    _mutex_release                            - Undefined Weak Reference
    _printf_truncate_signed                   - Undefined Weak Reference
    _printf_truncate_unsigned                 - Undefined Weak Reference
    _rand_init                                - Undefined Weak Reference
    _signal_finish                            - Undefined Weak Reference
    _signal_init                              - Undefined Weak Reference
    _terminate_alloc                          - Undefined Weak Reference
    _terminate_user_alloc                     - Undefined Weak Reference
    _terminateio                              - Undefined Weak Reference
    __Vectors_End                            0x00000144   Data           0  startup_msp432.o(RESET)
    __Vectors_Size                           0x00000144   Number         0  startup_msp432.o ABSOLUTE
    __main                                   0x00000145   Thumb Code     8  __main.o(!!!main)
    __scatterload                            0x0000014d   Thumb Code     0  __scatter.o(!!!scatter)
    __scatterload_rt2                        0x0000014d   Thumb Code    44  __scatter.o(!!!scatter)
    __scatterload_rt2_thumb_only             0x0000014d   Thumb Code     0  __scatter.o(!!!scatter)
    __scatterload_null                       0x0000015b   Thumb Code     0  __scatter.o(!!!scatter)
    __scatterload_copy                       0x00000181   Thumb Code    26  __scatter_copy.o(!!handler_copy)
    __scatterload_zeroinit                   0x0000019d   Thumb Code    28  __scatter_zi.o(!!handler_zi)
    __rt_lib_init                            0x000001b9   Thumb Code     0  libinit.o(.ARM.Collect$$libinit$$00000000)
    __rt_lib_init_fp_1                       0x000001bb   Thumb Code     0  libinit2.o(.ARM.Collect$$libinit$$00000001)
    __rt_lib_init_alloca_1                   0x000001bf   Thumb Code     0  libinit2.o(.ARM.Collect$$libinit$$0000002E)
    __rt_lib_init_argv_1                     0x000001bf   Thumb Code     0  libinit2.o(.ARM.Collect$$libinit$$0000002C)
    __rt_lib_init_atexit_1                   0x000001bf   Thumb Code     0  libinit2.o(.ARM.Collect$$libinit$$0000001B)
    __rt_lib_init_clock_1                    0x000001bf   Thumb Code     0  libinit2.o(.ARM.Collect$$libinit$$00000021)
    __rt_lib_init_cpp_1                      0x000001bf   Thumb Code     0  libinit2.o(.ARM.Collect$$libinit$$00000032)
    __rt_lib_init_exceptions_1               0x000001bf   Thumb Code     0  libinit2.o(.ARM.Collect$$libinit$$00000030)
    __rt_lib_init_fp_trap_1                  0x000001bf   Thumb Code     0  libinit2.o(.ARM.Collect$$libinit$$0000001F)
    __rt_lib_init_getenv_1                   0x000001bf   Thumb Code     0  libinit2.o(.ARM.Collect$$libinit$$00000023)
    __rt_lib_init_heap_1                     0x000001bf   Thumb Code     0  libinit2.o(.ARM.Collect$$libinit$$0000000A)
    __rt_lib_init_lc_collate_1               0x000001bf   Thumb Code     0  libinit2.o(.ARM.Collect$$libinit$$00000011)
    __rt_lib_init_lc_ctype_1                 0x000001bf   Thumb Code     0  libinit2.o(.ARM.Collect$$libinit$$00000013)
    __rt_lib_init_lc_monetary_1              0x000001bf   Thumb Code     0  libinit2.o(.ARM.Collect$$libinit$$00000015)
    __rt_lib_init_lc_numeric_1               0x000001bf   Thumb Code     0  libinit2.o(.ARM.Collect$$libinit$$00000017)
    __rt_lib_init_lc_time_1                  0x000001bf   Thumb Code     0  libinit2.o(.ARM.Collect$$libinit$$00000019)
    __rt_lib_init_preinit_1                  0x000001bf   Thumb Code     0  libinit2.o(.ARM.Collect$$libinit$$00000004)
    __rt_lib_init_rand_1                     0x000001bf   Thumb Code     0  libinit2.o(.ARM.Collect$$libinit$$0000000E)
    __rt_lib_init_return                     0x000001bf   Thumb Code     0  libinit2.o(.ARM.Collect$$libinit$$00000033)
    __rt_lib_init_signal_1                   0x000001bf   Thumb Code     0  libinit2.o(.ARM.Collect$$libinit$$0000001D)
    __rt_lib_init_stdio_1                    0x000001bf   Thumb Code     0  libinit2.o(.ARM.Collect$$libinit$$00000025)
    __rt_lib_init_user_alloc_1               0x000001bf   Thumb Code     0  libinit2.o(.ARM.Collect$$libinit$$0000000C)
    __rt_lib_shutdown                        0x000001c1   Thumb Code     0  libshutdown.o(.ARM.Collect$$libshutdown$$00000000)
    __rt_lib_shutdown_cpp_1                  0x000001c3   Thumb Code     0  libshutdown2.o(.ARM.Collect$$libshutdown$$00000002)
    __rt_lib_shutdown_fp_trap_1              0x000001c3   Thumb Code     0  libshutdown2.o(.ARM.Collect$$libshutdown$$00000007)
    __rt_lib_shutdown_heap_1                 0x000001c3   Thumb Code     0  libshutdown2.o(.ARM.Collect$$libshutdown$$0000000F)
    __rt_lib_shutdown_return                 0x000001c3   Thumb Code     0  libshutdown2.o(.ARM.Collect$$libshutdown$$00000010)
    __rt_lib_shutdown_signal_1               0x000001c3   Thumb Code     0  libshutdown2.o(.ARM.Collect$$libshutdown$$0000000A)
    __rt_lib_shutdown_stdio_1                0x000001c3   Thumb Code     0  libshutdown2.o(.ARM.Collect$$libshutdown$$00000004)
    __rt_lib_shutdown_user_alloc_1           0x000001c3   Thumb Code     0  libshutdown2.o(.ARM.Collect$$libshutdown$$0000000C)
    __rt_entry                               0x000001c5   Thumb Code     0  __rtentry.o(.ARM.Collect$$rtentry$$00000000)
    __rt_entry_presh_1                       0x000001c5   Thumb Code     0  __rtentry2.o(.ARM.Collect$$rtentry$$00000002)
    __rt_entry_sh                            0x000001c5   Thumb Code     0  __rtentry4.o(.ARM.Collect$$rtentry$$00000004)
    __rt_entry_li                            0x000001cb   Thumb Code     0  __rtentry2.o(.ARM.Collect$$rtentry$$0000000A)
    __rt_entry_postsh_1                      0x000001cb   Thumb Code     0  __rtentry2.o(.ARM.Collect$$rtentry$$00000009)
    __rt_entry_main                          0x000001cf   Thumb Code     0  __rtentry2.o(.ARM.Collect$$rtentry$$0000000D)
    __rt_entry_postli_1                      0x000001cf   Thumb Code     0  __rtentry2.o(.ARM.Collect$$rtentry$$0000000C)
    __rt_exit                                0x000001d7   Thumb Code     0  rtexit.o(.ARM.Collect$$rtexit$$00000000)
    __rt_exit_ls                             0x000001d9   Thumb Code     0  rtexit2.o(.ARM.Collect$$rtexit$$00000003)
    __rt_exit_prels_1                        0x000001d9   Thumb Code     0  rtexit2.o(.ARM.Collect$$rtexit$$00000002)
    __rt_exit_exit                           0x000001dd   Thumb Code     0  rtexit2.o(.ARM.Collect$$rtexit$$00000004)
    Reset_Handler                            0x000001e5   Thumb Code     8  startup_msp432.o(.text)
    NMI_Handler                              0x000001ed   Thumb Code     2  startup_msp432.o(.text)
    HardFault_Handler                        0x000001ef   Thumb Code     2  startup_msp432.o(.text)
    MemManage_Handler                        0x000001f1   Thumb Code     2  startup_msp432.o(.text)
    BusFault_Handler                         0x000001f3   Thumb Code     2  startup_msp432.o(.text)
    UsageFault_Handler                       0x000001f5   Thumb Code     2  startup_msp432.o(.text)
    SVC_Handler                              0x000001f7   Thumb Code     2  startup_msp432.o(.text)
    DebugMon_Handler                         0x000001f9   Thumb Code     2  startup_msp432.o(.text)
    PendSV_Handler                           0x000001fb   Thumb Code     2  startup_msp432.o(.text)
    SysTick_Handler                          0x000001fd   Thumb Code     2  startup_msp432.o(.text)
    ADC14_IRQHandler                         0x000001ff   Thumb Code     0  startup_msp432.o(.text)
    AES256_IRQHandler                        0x000001ff   Thumb Code     0  startup_msp432.o(.text)
    COMP_E0_IRQHandler                       0x000001ff   Thumb Code     0  startup_msp432.o(.text)
    COMP_E1_IRQHandler                       0x000001ff   Thumb Code     0  startup_msp432.o(.text)
    CS_IRQHandler                            0x000001ff   Thumb Code     0  startup_msp432.o(.text)
    DMA_ERR_IRQHandler                       0x000001ff   Thumb Code     0  startup_msp432.o(.text)
    DMA_INT0_IRQHandler                      0x000001ff   Thumb Code     0  startup_msp432.o(.text)
    DMA_INT1_IRQHandler                      0x000001ff   Thumb Code     0  startup_msp432.o(.text)
    DMA_INT2_IRQHandler                      0x000001ff   Thumb Code     0  startup_msp432.o(.text)
    DMA_INT3_IRQHandler                      0x000001ff   Thumb Code     0  startup_msp432.o(.text)
    EUSCIB0_IRQHandler                       0x000001ff   Thumb Code     0  startup_msp432.o(.text)
    EUSCIB1_IRQHandler                       0x000001ff   Thumb Code     0  startup_msp432.o(.text)
    EUSCIB2_IRQHandler                       0x000001ff   Thumb Code     0  startup_msp432.o(.text)
    EUSCIB3_IRQHandler                       0x000001ff   Thumb Code     0  startup_msp432.o(.text)
    FLCTL_IRQHandler                         0x000001ff   Thumb Code     0  startup_msp432.o(.text)
    FPU_IRQHandler                           0x000001ff   Thumb Code     0  startup_msp432.o(.text)
    PCM_IRQHandler                           0x000001ff   Thumb Code     0  startup_msp432.o(.text)
    PORT1_IRQHandler                         0x000001ff   Thumb Code     0  startup_msp432.o(.text)
    PORT2_IRQHandler                         0x000001ff   Thumb Code     0  startup_msp432.o(.text)
    PORT3_IRQHandler                         0x000001ff   Thumb Code     0  startup_msp432.o(.text)
    PORT6_IRQHandler                         0x000001ff   Thumb Code     0  startup_msp432.o(.text)
    PSS_IRQHandler                           0x000001ff   Thumb Code     0  startup_msp432.o(.text)
    RTC_C_IRQHandler                         0x000001ff   Thumb Code     0  startup_msp432.o(.text)
    T32_INT1_IRQHandler                      0x000001ff   Thumb Code     0  startup_msp432.o(.text)
    T32_INT2_IRQHandler                      0x000001ff   Thumb Code     0  startup_msp432.o(.text)
    T32_INTC_IRQHandler                      0x000001ff   Thumb Code     0  startup_msp432.o(.text)
    TA1_N_IRQHandler                         0x000001ff   Thumb Code     0  startup_msp432.o(.text)
    TA2_N_IRQHandler                         0x000001ff   Thumb Code     0  startup_msp432.o(.text)
    WDT_A_IRQHandler                         0x000001ff   Thumb Code     0  startup_msp432.o(.text)
    __user_initial_stackheap                 0x00000201   Thumb Code    10  startup_msp432.o(.text)
    __use_no_semihosting                     0x00000221   Thumb Code     2  use_no_semi_2.o(.text)
    __use_two_region_memory                  0x00000223   Thumb Code     2  heapauxi.o(.text)
    __rt_heap_escrow$2region                 0x00000225   Thumb Code     2  heapauxi.o(.text)
    __rt_heap_expand$2region                 0x00000227   Thumb Code     2  heapauxi.o(.text)
    __I$use$semihosting                      0x00000229   Thumb Code     0  use_no_semi.o(.text)
    __use_no_semihosting_swi                 0x00000229   Thumb Code     2  use_no_semi.o(.text)
    __user_libspace                          0x0000022d   Thumb Code     8  libspace.o(.text)
    __user_perproc_libspace                  0x0000022d   Thumb Code     0  libspace.o(.text)
    __user_perthread_libspace                0x0000022d   Thumb Code     0  libspace.o(.text)
    __user_setup_stackheap                   0x00000235   Thumb Code    74  sys_stackheap_outer.o(.text)
    exit                                     0x0000027f   Thumb Code    18  exit.o(.text)
    CS_initClockSignal                       0x00000291   Thumb Code   290  cs.o(i.CS_initClockSignal)
    CS_setExternalClockSourceFrequency       0x000003c9   Thumb Code    10  cs.o(i.CS_setExternalClockSourceFrequency)
    CS_startHFXT                             0x000003dd   Thumb Code    14  cs.o(i.CS_startHFXT)
    CS_startHFXTWithTimeout                  0x000003ed   Thumb Code   164  cs.o(i.CS_startHFXTWithTimeout)
    Delay_Init                               0x000004a5   Thumb Code    40  delay.o(i.Delay_Init)
    Delay_ms                                 0x000004dd   Thumb Code    52  delay.o(i.Delay_ms)
    Delay_us                                 0x0000051d   Thumb Code    52  delay.o(i.Delay_us)
    EUSCIA0_IRQHandler                       0x0000055d   Thumb Code    58  usart.o(i.EUSCIA0_IRQHandler)
    EUSCIA1_IRQHandler                       0x000005a1   Thumb Code    58  usart.o(i.EUSCIA1_IRQHandler)
    EUSCIA2_IRQHandler                       0x000005e5   Thumb Code   138  usart.o(i.EUSCIA2_IRQHandler)
    EUSCIA3_IRQHandler                       0x00000691   Thumb Code   122  openmv.o(i.EUSCIA3_IRQHandler)
    FlashCtl_setWaitState                    0x00000729   Thumb Code    42  flash.o(i.FlashCtl_setWaitState)
    GPIO_clearInterruptFlag                  0x00000759   Thumb Code    14  gpio.o(i.GPIO_clearInterruptFlag)
    GPIO_getEnabledInterruptStatus           0x0000076d   Thumb Code    80  gpio.o(i.GPIO_getEnabledInterruptStatus)
    GPIO_getInputPinValue                    0x000007c1   Thumb Code    28  gpio.o(i.GPIO_getInputPinValue)
    GPIO_getInterruptStatus                  0x000007e1   Thumb Code    14  gpio.o(i.GPIO_getInterruptStatus)
    GPIO_setAsInputPinWithPullUpResistor     0x000007f5   Thumb Code    40  gpio.o(i.GPIO_setAsInputPinWithPullUpResistor)
    GPIO_setAsOutputPin                      0x00000821   Thumb Code    28  gpio.o(i.GPIO_setAsOutputPin)
    GPIO_setAsPeripheralModuleFunctionOutputPin 0x00000841   Thumb Code    76  gpio.o(i.GPIO_setAsPeripheralModuleFunctionOutputPin)
    GPIO_setOutputHighOnPin                  0x00000891   Thumb Code    14  gpio.o(i.GPIO_setOutputHighOnPin)
    GPIO_setOutputLowOnPin                   0x000008a5   Thumb Code    14  gpio.o(i.GPIO_setOutputLowOnPin)
    Key_Init                                 0x000008b9   Thumb Code    52  key.o(i.Key_Init)
    LED_Init                                 0x000008ed   Thumb Code    44  led.o(i.LED_Init)
    MPUPID_set                               0x0000091d   Thumb Code   182  xunji.o(i.MPUPID_set)
    OLED_Clear                               0x000009f1   Thumb Code    42  oled.o(i.OLED_Clear)
    OLED_DrawPoint                           0x00000a21   Thumb Code   100  oled.o(i.OLED_DrawPoint)
    OLED_Init                                0x00000a89   Thumb Code   290  oled.o(i.OLED_Init)
    OLED_Refresh_Gram                        0x00000bb1   Thumb Code    70  oled.o(i.OLED_Refresh_Gram)
    OLED_Show3FNum                           0x00000bfd   Thumb Code   636  oled.o(i.OLED_Show3FNum)
    OLED_ShowChar                            0x00000e89   Thumb Code   254  oled.o(i.OLED_ShowChar)
    OLED_ShowNum                             0x00000f95   Thumb Code   148  oled.o(i.OLED_ShowNum)
    OLED_ShowString                          0x00001029   Thumb Code    94  oled.o(i.OLED_ShowString)
    OLED_WR_Byte                             0x00001089   Thumb Code    90  oled.o(i.OLED_WR_Byte)
    PCM_getCoreVoltageLevel                  0x000010e9   Thumb Code    98  pcm.o(i.PCM_getCoreVoltageLevel)
    PCM_getPowerMode                         0x0000114b   Thumb Code    88  pcm.o(i.PCM_getPowerMode)
    PCM_getPowerState                        0x000011a5   Thumb Code    10  pcm.o(i.PCM_getPowerState)
    PCM_setCoreVoltageLevel                  0x000011b5   Thumb Code    14  pcm.o(i.PCM_setCoreVoltageLevel)
    PCM_setCoreVoltageLevelWithTimeout       0x000011c5   Thumb Code   184  pcm.o(i.PCM_setCoreVoltageLevelWithTimeout)
    PCM_setPowerMode                         0x00001289   Thumb Code    14  pcm.o(i.PCM_setPowerMode)
    PCM_setPowerModeWithTimeout              0x00001299   Thumb Code   250  pcm.o(i.PCM_setPowerModeWithTimeout)
    PORT4_IRQHandler                         0x000013a1   Thumb Code   124  key.o(i.PORT4_IRQHandler)
    PORT5_IRQHandler                         0x00001421   Thumb Code   228  key.o(i.PORT5_IRQHandler)
    SysCtl_disableNMISource                  0x00001509   Thumb Code    12  sysctl.o(i.SysCtl_disableNMISource)
    SysCtl_enableNMISource                   0x00001519   Thumb Code    12  sysctl.o(i.SysCtl_enableNMISource)
    SysCtl_getNMISourceStatus                0x00001529   Thumb Code     6  sysctl.o(i.SysCtl_getNMISourceStatus)
    SystemInit                               0x00001535   Thumb Code    28  system_msp432.o(i.SystemInit)
    System_Init                              0x00001561   Thumb Code   118  sys.o(i.System_Init)
    TA0_0_IRQHandler                         0x000015dd   Thumb Code   146  timer.o(i.TA0_0_IRQHandler)
    TA0_N_IRQHandler                         0x00001685   Thumb Code   164  encoder.o(i.TA0_N_IRQHandler)
    TA1_0_IRQHandler                         0x00001739   Thumb Code    12  timer.o(i.TA1_0_IRQHandler)
    TA2_0_IRQHandler                         0x00001749   Thumb Code   204  timer.o(i.TA2_0_IRQHandler)
    TA3_0_IRQHandler                         0x0000184d   Thumb Code   172  timer.o(i.TA3_0_IRQHandler)
    TA3_N_IRQHandler                         0x00001921   Thumb Code   196  ultrasonic.o(i.TA3_N_IRQHandler)
    Timer32_disableInterrupt                 0x000019f1   Thumb Code    10  timer32.o(i.Timer32_disableInterrupt)
    TimerA3_Cap_Init                         0x000019fd   Thumb Code    72  ultrasonic.o(i.TimerA3_Cap_Init)
    Timer_A_clearCaptureCompareInterrupt     0x00001a55   Thumb Code    28  timer_a.o(i.Timer_A_clearCaptureCompareInterrupt)
    Timer_A_clearInterruptFlag               0x00001a71   Thumb Code    14  timer_a.o(i.Timer_A_clearInterruptFlag)
    Timer_A_getCaptureCompareCount           0x00001a7f   Thumb Code    10  timer_a.o(i.Timer_A_getCaptureCompareCount)
    Timer_A_getCaptureCompareEnabledInterruptStatus 0x00001a89   Thumb Code    50  timer_a.o(i.Timer_A_getCaptureCompareEnabledInterruptStatus)
    Timer_A_getCaptureCompareInterruptStatus 0x00001abb   Thumb Code     8  timer_a.o(i.Timer_A_getCaptureCompareInterruptStatus)
    Timer_A_getInterruptStatus               0x00001ac3   Thumb Code    10  timer_a.o(i.Timer_A_getInterruptStatus)
    Ultrasonic_Get_Distance                  0x00001acd   Thumb Code   102  ultrasonic.o(i.Ultrasonic_Get_Distance)
    Ultrasonic_Init                          0x00001b41   Thumb Code    24  ultrasonic.o(i.Ultrasonic_Init)
    WDT_A_holdTimer                          0x00001b59   Thumb Code    20  wdt_a.o(i.WDT_A_holdTimer)
    _sys_exit                                0x00001c4d   Thumb Code     4  usart.o(i._sys_exit)
    cc                                       0x00001c51   Thumb Code    14  encoder.o(i.cc)
    main                                     0x00001c5f   Thumb Code    32  main.o(i.main)
    mypow                                    0x00001c7f   Thumb Code    22  oled.o(i.mypow)
    __aeabi_dadd                             0x00001c95   Thumb Code     0  daddsub_clz.o(x$fpl$dadd)
    _dadd                                    0x00001c95   Thumb Code   332  daddsub_clz.o(x$fpl$dadd)
    __aeabi_i2d                              0x00001de5   Thumb Code     0  dflt_clz.o(x$fpl$dflt)
    _dflt                                    0x00001de5   Thumb Code    46  dflt_clz.o(x$fpl$dflt)
    __aeabi_dmul                             0x00001e15   Thumb Code     0  dmul.o(x$fpl$dmul)
    _dmul                                    0x00001e15   Thumb Code   332  dmul.o(x$fpl$dmul)
    __fpl_dnaninf                            0x00001f69   Thumb Code   156  dnaninf.o(x$fpl$dnaninf)
    __fpl_dretinf                            0x00002005   Thumb Code    12  dretinf.o(x$fpl$dretinf)
    __aeabi_dsub                             0x00002011   Thumb Code     0  daddsub_clz.o(x$fpl$dsub)
    _dsub                                    0x00002011   Thumb Code   464  daddsub_clz.o(x$fpl$dsub)
    _fp_init                                 0x000021e5   Thumb Code    10  fpinit.o(x$fpl$fpinit)
    __fplib_config_fpu_vfp                   0x000021ed   Thumb Code     0  fpinit.o(x$fpl$fpinit)
    __fplib_config_pureend_doubles           0x000021ed   Thumb Code     0  fpinit.o(x$fpl$fpinit)
    __I$use$fp                               0x000021ee   Number         0  usenofp.o(x$fpl$usenofp)
    asc2_1206                                0x000021ee   Data        1140  oled.o(.constdata)
    asc2_1608                                0x00002662   Data        1520  oled.o(.constdata)
    asc2_2412                                0x00002c52   Data        3420  oled.o(.constdata)
    TimerA3_continuousModeConfig             0x000039b0   Data          16  ultrasonic.o(.constdata)
    TimerA3_captureModeConfig                0x000039c0   Data          24  ultrasonic.o(.constdata)
    Region$$Table$$Base                      0x00003a24   Number         0  anon$$obj.o(Region$$Table)
    Region$$Table$$Limit                     0x00003a44   Number         0  anon$$obj.o(Region$$Table)
    step_cnt                                 0x20000010   Data           4  step_cnt.o(.data)
    step_speed                               0x20000014   Data           4  step_cnt.o(.data)
    step_pulse                               0x20000018   Data           4  step_cnt.o(.data)
    step_dir                                 0x2000001c   Data           4  step_cnt.o(.data)
    now_angle                                0x20000020   Data           8  step_cnt.o(.data)
    step_angle                               0x20000028   Data           8  step_cnt.o(.data)
    pos_x                                    0x20000030   Data           2  openmv.o(.data)
    pos_y                                    0x20000032   Data           2  openmv.o(.data)
    flag_ov                                  0x20000034   Data           1  openmv.o(.data)
    Encoder_1_SUM                            0x20000038   Data           4  encoder.o(.data)
    Encoder_2_SUM                            0x2000003c   Data           4  encoder.o(.data)
    Encoder_3_SUM                            0x20000040   Data           4  encoder.o(.data)
    Encoder_4_SUM                            0x20000044   Data           4  encoder.o(.data)
    Speed_1                                  0x20000048   Data           4  encoder.o(.data)
    Speed_2                                  0x2000004c   Data           4  encoder.o(.data)
    Speed_3                                  0x20000050   Data           4  encoder.o(.data)
    Speed_4                                  0x20000054   Data           4  encoder.o(.data)
    distance_1                               0x20000058   Data           4  encoder.o(.data)
    distance_2                               0x2000005c   Data           4  encoder.o(.data)
    distance_3                               0x20000060   Data           4  encoder.o(.data)
    distance_4                               0x20000064   Data           4  encoder.o(.data)
    Encoder_Flag                             0x20000068   Data           4  encoder.o(.data)
    f                                        0x2000006c   Data           4  encoder.o(.data)
    temp1                                    0x20000070   Data           4  ultrasonic.o(.data)
    TEMP1                                    0x20000074   Data           4  ultrasonic.o(.data)
    USART_RX_STA                             0x20000080   Data           2  usart.o(.data)
    TEST_X                                   0x20000084   Data           4  usart.o(.data)
    TEST_Y                                   0x20000088   Data           4  usart.o(.data)
    __stdout                                 0x2000008c   Data           4  usart.o(.data)
    Speed_A                                  0x2000009c   Data           4  xunji.o(.data)
    Speed_B                                  0x200000a0   Data           4  xunji.o(.data)
    Speed_C                                  0x200000a4   Data           4  xunji.o(.data)
    Speed_D                                  0x200000a8   Data           4  xunji.o(.data)
    SystemCoreClock                          0x200000ac   Data           4  system_msp432.o(.data)
    OLED_GRAM                                0x200000b0   Data        1024  oled.o(.bss)
    MPUData                                  0x200004b0   Data          36  mpu6050.o(.bss)
    Ultrasoni_Data                           0x200004d4   Data          20  ultrasonic.o(.bss)
    USART_RX_BUF                             0x200004e8   Data         200  usart.o(.bss)
    data_to_send                             0x200005b0   Data          50  usart.o(.bss)
    PID_MPU                                  0x200005e4   Data          40  xunji.o(.bss)
    __libspace_start                         0x2000060c   Data          96  libspace.o(.bss)
    __temporary_stack_top$libspace           0x2000066c   Data           0  libspace.o(.bss)



==============================================================================

Memory Map of the image

  Image Entry point : 0x00000145

  Load Region LR_IROM1 (Base: 0x00000000, Size: 0x00003af4, Max: 0x00040000, ABSOLUTE)

    Execution Region ER_IROM1 (Base: 0x00000000, Size: 0x00003a44, Max: 0x00040000, ABSOLUTE)

    Base Addr    Size         Type   Attr      Idx    E Section Name        Object

    0x00000000   0x00000144   Data   RO         5955    RESET               startup_msp432.o
    0x00000144   0x00000008   Code   RO         6061  * !!!main             c_w.l(__main.o)
    0x0000014c   0x00000034   Code   RO         6372    !!!scatter          c_w.l(__scatter.o)
    0x00000180   0x0000001a   Code   RO         6374    !!handler_copy      c_w.l(__scatter_copy.o)
    0x0000019a   0x00000002   PAD
    0x0000019c   0x0000001c   Code   RO         6376    !!handler_zi        c_w.l(__scatter_zi.o)
    0x000001b8   0x00000002   Code   RO         6243    .ARM.Collect$$libinit$$00000000  c_w.l(libinit.o)
    0x000001ba   0x00000004   Code   RO         6252    .ARM.Collect$$libinit$$00000001  c_w.l(libinit2.o)
    0x000001be   0x00000000   Code   RO         6255    .ARM.Collect$$libinit$$00000004  c_w.l(libinit2.o)
    0x000001be   0x00000000   Code   RO         6258    .ARM.Collect$$libinit$$0000000A  c_w.l(libinit2.o)
    0x000001be   0x00000000   Code   RO         6260    .ARM.Collect$$libinit$$0000000C  c_w.l(libinit2.o)
    0x000001be   0x00000000   Code   RO         6262    .ARM.Collect$$libinit$$0000000E  c_w.l(libinit2.o)
    0x000001be   0x00000000   Code   RO         6265    .ARM.Collect$$libinit$$00000011  c_w.l(libinit2.o)
    0x000001be   0x00000000   Code   RO         6267    .ARM.Collect$$libinit$$00000013  c_w.l(libinit2.o)
    0x000001be   0x00000000   Code   RO         6269    .ARM.Collect$$libinit$$00000015  c_w.l(libinit2.o)
    0x000001be   0x00000000   Code   RO         6271    .ARM.Collect$$libinit$$00000017  c_w.l(libinit2.o)
    0x000001be   0x00000000   Code   RO         6273    .ARM.Collect$$libinit$$00000019  c_w.l(libinit2.o)
    0x000001be   0x00000000   Code   RO         6275    .ARM.Collect$$libinit$$0000001B  c_w.l(libinit2.o)
    0x000001be   0x00000000   Code   RO         6277    .ARM.Collect$$libinit$$0000001D  c_w.l(libinit2.o)
    0x000001be   0x00000000   Code   RO         6279    .ARM.Collect$$libinit$$0000001F  c_w.l(libinit2.o)
    0x000001be   0x00000000   Code   RO         6281    .ARM.Collect$$libinit$$00000021  c_w.l(libinit2.o)
    0x000001be   0x00000000   Code   RO         6283    .ARM.Collect$$libinit$$00000023  c_w.l(libinit2.o)
    0x000001be   0x00000000   Code   RO         6285    .ARM.Collect$$libinit$$00000025  c_w.l(libinit2.o)
    0x000001be   0x00000000   Code   RO         6289    .ARM.Collect$$libinit$$0000002C  c_w.l(libinit2.o)
    0x000001be   0x00000000   Code   RO         6291    .ARM.Collect$$libinit$$0000002E  c_w.l(libinit2.o)
    0x000001be   0x00000000   Code   RO         6293    .ARM.Collect$$libinit$$00000030  c_w.l(libinit2.o)
    0x000001be   0x00000000   Code   RO         6295    .ARM.Collect$$libinit$$00000032  c_w.l(libinit2.o)
    0x000001be   0x00000002   Code   RO         6296    .ARM.Collect$$libinit$$00000033  c_w.l(libinit2.o)
    0x000001c0   0x00000002   Code   RO         6324    .ARM.Collect$$libshutdown$$00000000  c_w.l(libshutdown.o)
    0x000001c2   0x00000000   Code   RO         6338    .ARM.Collect$$libshutdown$$00000002  c_w.l(libshutdown2.o)
    0x000001c2   0x00000000   Code   RO         6340    .ARM.Collect$$libshutdown$$00000004  c_w.l(libshutdown2.o)
    0x000001c2   0x00000000   Code   RO         6343    .ARM.Collect$$libshutdown$$00000007  c_w.l(libshutdown2.o)
    0x000001c2   0x00000000   Code   RO         6346    .ARM.Collect$$libshutdown$$0000000A  c_w.l(libshutdown2.o)
    0x000001c2   0x00000000   Code   RO         6348    .ARM.Collect$$libshutdown$$0000000C  c_w.l(libshutdown2.o)
    0x000001c2   0x00000000   Code   RO         6351    .ARM.Collect$$libshutdown$$0000000F  c_w.l(libshutdown2.o)
    0x000001c2   0x00000002   Code   RO         6352    .ARM.Collect$$libshutdown$$00000010  c_w.l(libshutdown2.o)
    0x000001c4   0x00000000   Code   RO         6123    .ARM.Collect$$rtentry$$00000000  c_w.l(__rtentry.o)
    0x000001c4   0x00000000   Code   RO         6192    .ARM.Collect$$rtentry$$00000002  c_w.l(__rtentry2.o)
    0x000001c4   0x00000006   Code   RO         6204    .ARM.Collect$$rtentry$$00000004  c_w.l(__rtentry4.o)
    0x000001ca   0x00000000   Code   RO         6194    .ARM.Collect$$rtentry$$00000009  c_w.l(__rtentry2.o)
    0x000001ca   0x00000004   Code   RO         6195    .ARM.Collect$$rtentry$$0000000A  c_w.l(__rtentry2.o)
    0x000001ce   0x00000000   Code   RO         6197    .ARM.Collect$$rtentry$$0000000C  c_w.l(__rtentry2.o)
    0x000001ce   0x00000008   Code   RO         6198    .ARM.Collect$$rtentry$$0000000D  c_w.l(__rtentry2.o)
    0x000001d6   0x00000002   Code   RO         6246    .ARM.Collect$$rtexit$$00000000  c_w.l(rtexit.o)
    0x000001d8   0x00000000   Code   RO         6298    .ARM.Collect$$rtexit$$00000002  c_w.l(rtexit2.o)
    0x000001d8   0x00000004   Code   RO         6299    .ARM.Collect$$rtexit$$00000003  c_w.l(rtexit2.o)
    0x000001dc   0x00000006   Code   RO         6300    .ARM.Collect$$rtexit$$00000004  c_w.l(rtexit2.o)
    0x000001e2   0x00000002   PAD
    0x000001e4   0x0000003c   Code   RO         5956    .text               startup_msp432.o
    0x00000220   0x00000002   Code   RO         5995    .text               c_w.l(use_no_semi_2.o)
    0x00000222   0x00000006   Code   RO         6059    .text               c_w.l(heapauxi.o)
    0x00000228   0x00000002   Code   RO         6121    .text               c_w.l(use_no_semi.o)
    0x0000022a   0x00000002   PAD
    0x0000022c   0x00000008   Code   RO         6227    .text               c_w.l(libspace.o)
    0x00000234   0x0000004a   Code   RO         6230    .text               c_w.l(sys_stackheap_outer.o)
    0x0000027e   0x00000012   Code   RO         6236    .text               c_w.l(exit.o)
    0x00000290   0x00000138   Code   RO         2608    i.CS_initClockSignal  cs.o
    0x000003c8   0x00000014   Code   RO         2614    i.CS_setExternalClockSourceFrequency  cs.o
    0x000003dc   0x0000000e   Code   RO         2617    i.CS_startHFXT      cs.o
    0x000003ea   0x00000002   PAD
    0x000003ec   0x000000b8   Code   RO         2618    i.CS_startHFXTWithTimeout  cs.o
    0x000004a4   0x00000038   Code   RO         5754    i.Delay_Init        delay.o
    0x000004dc   0x00000040   Code   RO         5755    i.Delay_ms          delay.o
    0x0000051c   0x00000040   Code   RO         5756    i.Delay_us          delay.o
    0x0000055c   0x00000044   Code   RO         5577    i.EUSCIA0_IRQHandler  usart.o
    0x000005a0   0x00000044   Code   RO         5578    i.EUSCIA1_IRQHandler  usart.o
    0x000005e4   0x000000ac   Code   RO         5579    i.EUSCIA2_IRQHandler  usart.o
    0x00000690   0x00000098   Code   RO          928    i.EUSCIA3_IRQHandler  openmv.o
    0x00000728   0x00000030   Code   RO         3033    i.FlashCtl_setWaitState  flash.o
    0x00000758   0x00000014   Code   RO         3270    i.GPIO_clearInterruptFlag  gpio.o
    0x0000076c   0x00000054   Code   RO         3273    i.GPIO_getEnabledInterruptStatus  gpio.o
    0x000007c0   0x00000020   Code   RO         3274    i.GPIO_getInputPinValue  gpio.o
    0x000007e0   0x00000014   Code   RO         3275    i.GPIO_getInterruptStatus  gpio.o
    0x000007f4   0x0000002c   Code   RO         3280    i.GPIO_setAsInputPinWithPullUpResistor  gpio.o
    0x00000820   0x00000020   Code   RO         3281    i.GPIO_setAsOutputPin  gpio.o
    0x00000840   0x00000050   Code   RO         3283    i.GPIO_setAsPeripheralModuleFunctionOutputPin  gpio.o
    0x00000890   0x00000014   Code   RO         3286    i.GPIO_setOutputHighOnPin  gpio.o
    0x000008a4   0x00000014   Code   RO         3287    i.GPIO_setOutputLowOnPin  gpio.o
    0x000008b8   0x00000034   Code   RO          300    i.Key_Init          key.o
    0x000008ec   0x00000030   Code   RO            4    i.LED_Init          led.o
    0x0000091c   0x000000d4   Code   RO         5908    i.MPUPID_set        xunji.o
    0x000009f0   0x00000030   Code   RO          180    i.OLED_Clear        oled.o
    0x00000a20   0x00000068   Code   RO          183    i.OLED_DrawPoint    oled.o
    0x00000a88   0x00000128   Code   RO          185    i.OLED_Init         oled.o
    0x00000bb0   0x0000004c   Code   RO          186    i.OLED_Refresh_Gram  oled.o
    0x00000bfc   0x0000028c   Code   RO          187    i.OLED_Show3FNum    oled.o
    0x00000e88   0x0000010c   Code   RO          189    i.OLED_ShowChar     oled.o
    0x00000f94   0x00000094   Code   RO          191    i.OLED_ShowNum      oled.o
    0x00001028   0x0000005e   Code   RO          192    i.OLED_ShowString   oled.o
    0x00001086   0x00000002   PAD
    0x00001088   0x00000060   Code   RO          193    i.OLED_WR_Byte      oled.o
    0x000010e8   0x00000062   Code   RO         3906    i.PCM_getCoreVoltageLevel  pcm.o
    0x0000114a   0x00000058   Code   RO         3909    i.PCM_getPowerMode  pcm.o
    0x000011a2   0x00000002   PAD
    0x000011a4   0x00000010   Code   RO         3910    i.PCM_getPowerState  pcm.o
    0x000011b4   0x0000000e   Code   RO         3916    i.PCM_setCoreVoltageLevel  pcm.o
    0x000011c2   0x00000002   PAD
    0x000011c4   0x000000c4   Code   RO         3917    i.PCM_setCoreVoltageLevelWithTimeout  pcm.o
    0x00001288   0x0000000e   Code   RO         3918    i.PCM_setPowerMode  pcm.o
    0x00001296   0x00000002   PAD
    0x00001298   0x00000108   Code   RO         3919    i.PCM_setPowerModeWithTimeout  pcm.o
    0x000013a0   0x00000080   Code   RO          302    i.PORT4_IRQHandler  key.o
    0x00001420   0x000000e8   Code   RO          303    i.PORT5_IRQHandler  key.o
    0x00001508   0x00000010   Code   RO         4895    i.SysCtl_disableNMISource  sysctl.o
    0x00001518   0x00000010   Code   RO         4900    i.SysCtl_enableNMISource  sysctl.o
    0x00001528   0x0000000c   Code   RO         4905    i.SysCtl_getNMISourceStatus  sysctl.o
    0x00001534   0x0000002c   Code   RO         5964    i.SystemInit        system_msp432.o
    0x00001560   0x0000007c   Code   RO         5730    i.System_Init       sys.o
    0x000015dc   0x000000a8   Code   RO          808    i.TA0_0_IRQHandler  timer.o
    0x00001684   0x000000b4   Code   RO         1092    i.TA0_N_IRQHandler  encoder.o
    0x00001738   0x00000010   Code   RO          809    i.TA1_0_IRQHandler  timer.o
    0x00001748   0x00000104   Code   RO          810    i.TA2_0_IRQHandler  timer.o
    0x0000184c   0x000000d4   Code   RO          811    i.TA3_0_IRQHandler  timer.o
    0x00001920   0x000000d0   Code   RO         1894    i.TA3_N_IRQHandler  ultrasonic.o
    0x000019f0   0x0000000a   Code   RO         5275    i.Timer32_disableInterrupt  timer32.o
    0x000019fa   0x00000002   PAD
    0x000019fc   0x00000058   Code   RO         1895    i.TimerA3_Cap_Init  ultrasonic.o
    0x00001a54   0x0000001c   Code   RO         5086    i.Timer_A_clearCaptureCompareInterrupt  timer_a.o
    0x00001a70   0x0000000e   Code   RO         5087    i.Timer_A_clearInterruptFlag  timer_a.o
    0x00001a7e   0x0000000a   Code   RO         5097    i.Timer_A_getCaptureCompareCount  timer_a.o
    0x00001a88   0x00000032   Code   RO         5098    i.Timer_A_getCaptureCompareEnabledInterruptStatus  timer_a.o
    0x00001aba   0x00000008   Code   RO         5099    i.Timer_A_getCaptureCompareInterruptStatus  timer_a.o
    0x00001ac2   0x0000000a   Code   RO         5102    i.Timer_A_getInterruptStatus  timer_a.o
    0x00001acc   0x00000074   Code   RO         1896    i.Ultrasonic_Get_Distance  ultrasonic.o
    0x00001b40   0x00000018   Code   RO         1897    i.Ultrasonic_Init   ultrasonic.o
    0x00001b58   0x00000018   Code   RO         5506    i.WDT_A_holdTimer   wdt_a.o
    0x00001b70   0x000000dc   Code   RO         2626    i._CSGetHFXTFrequency  cs.o
    0x00001c4c   0x00000004   Code   RO         5593    i._sys_exit         usart.o
    0x00001c50   0x0000000e   Code   RO         1093    i.cc                encoder.o
    0x00001c5e   0x00000020   Code   RO         1944    i.main              main.o
    0x00001c7e   0x00000016   Code   RO          194    i.mypow             oled.o
    0x00001c94   0x00000150   Code   RO         6065    x$fpl$dadd          fz_wm.l(daddsub_clz.o)
    0x00001de4   0x0000002e   Code   RO         6080    x$fpl$dflt          fz_wm.l(dflt_clz.o)
    0x00001e12   0x00000002   PAD
    0x00001e14   0x00000154   Code   RO         6085    x$fpl$dmul          fz_wm.l(dmul.o)
    0x00001f68   0x0000009c   Code   RO         6137    x$fpl$dnaninf       fz_wm.l(dnaninf.o)
    0x00002004   0x0000000c   Code   RO         6139    x$fpl$dretinf       fz_wm.l(dretinf.o)
    0x00002010   0x000001d4   Code   RO         6067    x$fpl$dsub          fz_wm.l(daddsub_clz.o)
    0x000021e4   0x0000000a   Code   RO         6312    x$fpl$fpinit        fz_wm.l(fpinit.o)
    0x000021ee   0x00000000   Code   RO         6145    x$fpl$usenofp       fz_wm.l(usenofp.o)
    0x000021ee   0x000017c0   Data   RO          196    .constdata          oled.o
    0x000039ae   0x00000002   PAD
    0x000039b0   0x00000028   Data   RO         1899    .constdata          ultrasonic.o
    0x000039d8   0x0000004c   Data   RO         3290    .constdata          gpio.o
    0x00003a24   0x00000020   Data   RO         6370    Region$$Table       anon$$obj.o


    Execution Region RW_IRAM1 (Base: 0x20000000, Size: 0x00000870, Max: 0x00010000, ABSOLUTE)

    Base Addr    Size         Type   Attr      Idx    E Section Name        Object

    0x20000000   0x00000010   Data   RW          818    .data               timer.o
    0x20000010   0x00000020   Data   RW          890    .data               step_cnt.o
    0x20000030   0x00000006   Data   RW          930    .data               openmv.o
    0x20000036   0x00000002   PAD
    0x20000038   0x00000038   Data   RW         1096    .data               encoder.o
    0x20000070   0x00000008   Data   RW         1900    .data               ultrasonic.o
    0x20000078   0x00000008   Data   RW         2627    .data               cs.o
    0x20000080   0x00000011   Data   RW         5599    .data               usart.o
    0x20000091   0x00000003   PAD
    0x20000094   0x00000008   Data   RW         5757    .data               delay.o
    0x2000009c   0x00000010   Data   RW         5912    .data               xunji.o
    0x200000ac   0x00000004   Data   RW         5965    .data               system_msp432.o
    0x200000b0   0x00000400   Zero   RW          195    .bss                oled.o
    0x200004b0   0x00000024   Zero   RW         1154    .bss                mpu6050.o
    0x200004d4   0x00000014   Zero   RW         1898    .bss                ultrasonic.o
    0x200004e8   0x000000fa   Zero   RW         5597    .bss                usart.o
    0x200005e2   0x00000002   PAD
    0x200005e4   0x00000028   Zero   RW         5911    .bss                xunji.o
    0x2000060c   0x00000060   Zero   RW         6228    .bss                c_w.l(libspace.o)
    0x2000066c   0x00000004   PAD
    0x20000670   0x00000000   Zero   RW         5954    HEAP                startup_msp432.o
    0x20000670   0x00000200   Zero   RW         5953    STACK               startup_msp432.o


==============================================================================

Image component sizes


      Code (inc. data)   RO Data    RW Data    ZI Data      Debug   Object Name

       750         88          0          8          0       3939   cs.o
       184         40          0          8          0       1963   delay.o
       194         16          0         56          0       3102   encoder.o
        48          6          0          0          0        644   flash.o
       352         56         76          0          0       7267   gpio.o
       412          8          0          0          0       1877   key.o
        48          4          0          0          0      14827   led.o
        32          0          0          0          0        539   main.o
         0          0          0          0         36       2631   mpu6050.o
      1804         58       6080          0       1024       9129   oled.o
       152         30          0          6          0       1003   openmv.o
       690         82          0          0          0       5397   pcm.o
        60         22        324          0        512        936   startup_msp432.o
         0          0          0         32          0        463   step_cnt.o
       124          6          0          0          0        578   sys.o
        44         14          0          0          0       1755   sysctl.o
        44         16          0          4          0        831   system_msp432.o
       656        122          0         16          0       2560   timer.o
        10          0          0          0          0        591   timer32.o
       120          0          0          0          0       4175   timer_a.o
       436         42         40          8         20       4410   ultrasonic.o
       312         54          0         17        250       5262   usart.o
        24          4          0          0          0        562   wdt_a.o
       212         30          0         16         40       1455   xunji.o

    ----------------------------------------------------------------------
      6720        698       6554        176       1884      75896   Object Totals
         0          0         32          0          0          0   (incl. Generated)
        12          0          2          5          2          0   (incl. Padding)

    ----------------------------------------------------------------------

      Code (inc. data)   RO Data    RW Data    ZI Data      Debug   Library Member Name

         8          0          0          0          0         68   __main.o
         0          0          0          0          0          0   __rtentry.o
        12          0          0          0          0          0   __rtentry2.o
         6          0          0          0          0          0   __rtentry4.o
        52          8          0          0          0          0   __scatter.o
        26          0          0          0          0          0   __scatter_copy.o
        28          0          0          0          0          0   __scatter_zi.o
        18          0          0          0          0         80   exit.o
         6          0          0          0          0        152   heapauxi.o
         2          0          0          0          0          0   libinit.o
         6          0          0          0          0          0   libinit2.o
         2          0          0          0          0          0   libshutdown.o
         2          0          0          0          0          0   libshutdown2.o
         8          4          0          0         96         68   libspace.o
         2          0          0          0          0          0   rtexit.o
        10          0          0          0          0          0   rtexit2.o
        74          0          0          0          0         80   sys_stackheap_outer.o
         2          0          0          0          0         68   use_no_semi.o
         2          0          0          0          0         68   use_no_semi_2.o
       804         16          0          0          0        368   daddsub_clz.o
        46          0          0          0          0        116   dflt_clz.o
       340         12          0          0          0        152   dmul.o
       156          4          0          0          0        140   dnaninf.o
        12          0          0          0          0        116   dretinf.o
        10          0          0          0          0        116   fpinit.o
         0          0          0          0          0          0   usenofp.o

    ----------------------------------------------------------------------
      1642         44          0          0        100       1592   Library Totals
         8          0          0          0          4          0   (incl. Padding)

    ----------------------------------------------------------------------

      Code (inc. data)   RO Data    RW Data    ZI Data      Debug   Library Name

       266         12          0          0         96        584   c_w.l
      1368         32          0          0          0       1008   fz_wm.l

    ----------------------------------------------------------------------
      1642         44          0          0        100       1592   Library Totals

    ----------------------------------------------------------------------

==============================================================================


      Code (inc. data)   RO Data    RW Data    ZI Data      Debug   

      8362        742       6554        176       1984      70532   Grand Totals
      8362        742       6554        176       1984      70532   ELF Image Totals
      8362        742       6554        176          0          0   ROM Totals

==============================================================================

    Total RO  Size (Code + RO Data)                14916 (  14.57kB)
    Total RW  Size (RW Data + ZI Data)              2160 (   2.11kB)
    Total ROM Size (Code + RO Data + RW Data)      15092 (  14.74kB)

==============================================================================

