Component: ARM Compiler 5.06 update 1 (build 61) Tool: armlink [4d35a8]

==============================================================================

Section Cross References

    main.o(.text) refers to misc.o(.text) for NVIC_PriorityGroupConfig
    main.o(.text) refers to delay.o(.text) for delay_init
    main.o(.text) refers to key.o(.text) for KEY_Init
    main.o(.text) refers to led.o(.text) for LED_Init
    main.o(.text) refers to oled.o(.text) for OLED_Init
    main.o(.text) refers to xunji.o(.text) for XUNJI_Front_GPIO_Init
    main.o(.text) refers to mpu9250.o(.text) for MPU9250_Init
    main.o(.text) refers to inv_mpu.o(.text) for mpu_dmp_init
    main.o(.text) refers to nrf24l01.o(.text) for NRF24L01_Init
    main.o(.text) refers to motor.o(.text) for MOTO_GPIO_Init
    main.o(.text) refers to pwm.o(.text) for TIM1_Pwm_Init
    main.o(.text) refers to encoder.o(.text) for TIM2_Encoder_Init
    main.o(.text) refers to usart4dma.o(.text) for USART4_Init
    main.o(.text) refers to usart2dma.o(.text) for USART2_Init
    main.o(.text) refers to pid.o(.text) for PID_Init
    main.o(.text) refers to timer.o(.text) for TIM7_Cnt_Init
    main.o(.text) refers to pid.o(.bss) for PID_weizhi
    main.o(.text) refers to control.o(.data) for start_flag
    main.o(.text) refers to oled.o(.data) for task_set
    main.o(.text) refers to usart4dma.o(.bss) for num_4
    main.o(.text) refers to main.o(.data) for num_site
    main.o(.text) refers to usart2dma.o(.bss) for num
    system_stm32f4xx.o(.text) refers to system_stm32f4xx.o(.data) for SystemCoreClock
    led.o(.text) refers to stm32f4xx_rcc.o(.text) for RCC_AHB1PeriphClockCmd
    led.o(.text) refers to stm32f4xx_gpio.o(.text) for GPIO_Init
    key.o(.text) refers to stm32f4xx_gpio.o(.text) for GPIO_ReadInputDataBit
    key.o(.text) refers to delay.o(.text) for delay_ms
    key.o(.text) refers to oled.o(.text) for OLED_ShowCHinese
    key.o(.text) refers to key.o(.data) for key_up
    key.o(.text) refers to usart2dma.o(.data) for Res_2
    key.o(.text) refers to stm32f4xx_rcc.o(.text) for RCC_AHB1PeriphClockCmd
    key.o(.text) refers to main.o(.data) for key
    mpu9250.o(.text) refers to mpuiic.o(.text) for IIC_Start
    mpu9250.o(.text) refers to delay.o(.text) for delay_ms
    mpu9250.o(.text) refers to dflti.o(.text) for __aeabi_i2d
    mpu9250.o(.text) refers to ddiv.o(.text) for __aeabi_ddiv
    mpu9250.o(.text) refers to dadd.o(.text) for __aeabi_dadd
    mpu9250.o(.text) refers to d2f.o(.text) for __aeabi_d2f
    mpuiic.o(.text) refers to stm32f4xx_rcc.o(.text) for RCC_AHB1PeriphClockCmd
    mpuiic.o(.text) refers to stm32f4xx_gpio.o(.text) for GPIO_Init
    mpuiic.o(.text) refers to delay.o(.text) for delay_us
    oled.o(.text) refers to oled.o(.bss) for OLED_GRAM
    oled.o(.text) refers to oled.o(.constdata) for asc2_1206
    oled.o(.text) refers to stm32f4xx_rcc.o(.text) for RCC_AHB1PeriphClockCmd
    oled.o(.text) refers to stm32f4xx_gpio.o(.text) for GPIO_Init
    oled.o(.text) refers to key.o(.text) for KEY_Scan
    oled.o(.text) refers to delay.o(.text) for delay_ms
    oled.o(.text) refers to oled.o(.data) for Chinese
    oled.o(.text) refers to main.o(.data) for key
    oled.o(.text) refers to stm32f4xx_tim.o(.text) for TIM_Cmd
    oled.o(.text) refers to motor.o(.text) for MotorALL_Ctrl
    control.o(.text) refers to xunji.o(.text) for Read_Front_xunji_Date
    control.o(.text) refers to stm32f4xx_gpio.o(.text) for GPIO_ReadInputDataBit
    control.o(.text) refers to stm32f4xx_tim.o(.text) for TIM_GetITStatus
    control.o(.text) refers to motor.o(.text) for MotorALL_Ctrl
    control.o(.text) refers to pid.o(.text) for PID_Control4
    control.o(.text) refers to control.o(.data) for F_SITE
    control.o(.text) refers to encoder.o(.data) for Encoder_Fabs_L1
    control.o(.text) refers to pid.o(.bss) for PID_velocity
    control.o(.text) refers to oled.o(.text) for OLED_Show3FNum
    control.o(.text) refers to inv_mpu.o(.text) for mpu_mpl_get_data
    control.o(.text) refers to encoder.o(.text) for Encoder_Fabs
    control.o(.text) refers to nrf24l01.o(.text) for NRF24L01_TxPacket
    control.o(.text) refers to main.o(.data) for mode
    encoder.o(.text) refers to stm32f4xx_rcc.o(.text) for RCC_APB1PeriphClockCmd
    encoder.o(.text) refers to stm32f4xx_tim.o(.text) for TIM_TimeBaseInit
    encoder.o(.text) refers to misc.o(.text) for NVIC_Init
    encoder.o(.text) refers to stm32f4xx_gpio.o(.text) for GPIO_PinAFConfig
    encoder.o(.text) refers to encoder.o(.bss) for Encoder
    encoder.o(.text) refers to encoder.o(.data) for Encoder_Length_L1
    xunji.o(.text) refers to stm32f4xx_rcc.o(.text) for RCC_AHB1PeriphClockCmd
    xunji.o(.text) refers to stm32f4xx_gpio.o(.text) for GPIO_Init
    motor.o(.text) refers to stm32f4xx_rcc.o(.text) for RCC_AHB1PeriphClockCmd
    motor.o(.text) refers to stm32f4xx_gpio.o(.text) for GPIO_Init
    motor.o(.text) refers to stm32f4xx_tim.o(.text) for TIM_SetCompare1
[...]
    inv_q_add                                0x08013667   Thumb Code    36  ml_math_func.o(.text)
    inv_vector_normalize                     0x0801368b   Thumb Code   222  ml_math_func.o(.text)
    inv_q_normalize                          0x08013769   Thumb Code    14  ml_math_func.o(.text)
    quaternion_to_rotation_angle             0x08013777   Thumb Code   248  ml_math_func.o(.text)
    inv_q_rotate                             0x0801386f   Thumb Code    66  ml_math_func.o(.text)
    inv_q_multf                              0x080138b1   Thumb Code   210  ml_math_func.o(.text)
    inv_q_addf                               0x08013983   Thumb Code    66  ml_math_func.o(.text)
    inv_q_normalizef                         0x080139c5   Thumb Code   302  ml_math_func.o(.text)
    inv_q_norm4                              0x08013af3   Thumb Code   162  ml_math_func.o(.text)
    inv_q_invertf                            0x08013b95   Thumb Code    46  ml_math_func.o(.text)
    inv_quaternion_to_rotation               0x08013bc3   Thumb Code   218  ml_math_func.o(.text)
    inv_quaternion_to_rotation_vector        0x08013c9d   Thumb Code    70  ml_math_func.o(.text)
    inv_int32_to_big8                        0x08013ce3   Thumb Code    20  ml_math_func.o(.text)
    inv_big8_to_int32                        0x08013cf7   Thumb Code    26  ml_math_func.o(.text)
    inv_big8_to_int16                        0x08013d11   Thumb Code    14  ml_math_func.o(.text)
    inv_little8_to_int16                     0x08013d1f   Thumb Code    14  ml_math_func.o(.text)
    inv_int16_to_big8                        0x08013d2d   Thumb Code    12  ml_math_func.o(.text)
    inv_matrix_det_inc                       0x08013d39   Thumb Code   108  ml_math_func.o(.text)
    inv_matrix_det_incd                      0x08013da5   Thumb Code   108  ml_math_func.o(.text)
    inv_matrix_det                           0x08013e11   Thumb Code   166  ml_math_func.o(.text)
    inv_matrix_detd                          0x08013eb7   Thumb Code   276  ml_math_func.o(.text)
    inv_wrap_angle                           0x08013fcb   Thumb Code    80  ml_math_func.o(.text)
    inv_angle_diff                           0x0801401b   Thumb Code   122  ml_math_func.o(.text)
    inv_checksum                             0x08014095   Thumb Code    60  ml_math_func.o(.text)
    inv_orientation_matrix_to_scalar         0x0801411f   Thumb Code    40  ml_math_func.o(.text)
    inv_convert_to_body                      0x08014147   Thumb Code    82  ml_math_func.o(.text)
    inv_convert_to_chip                      0x08014199   Thumb Code    82  ml_math_func.o(.text)
    inv_convert_to_body_with_scale           0x080141eb   Thumb Code   114  ml_math_func.o(.text)
    inv_vector_norm                          0x0801425d   Thumb Code    72  ml_math_func.o(.text)
    inv_init_biquad_filter                   0x080142a5   Thumb Code    50  ml_math_func.o(.text)
    inv_calc_state_to_match_output           0x080142d7   Thumb Code    46  ml_math_func.o(.text)
    inv_biquad_filter_process                0x08014305   Thumb Code   106  ml_math_func.o(.text)
    inv_get_cross_product_vec                0x0801436f   Thumb Code    86  ml_math_func.o(.text)
    mlMatrixVectorMult                       0x080143c5   Thumb Code    62  ml_math_func.o(.text)
    inv_init_mpl                             0x08014465   Thumb Code   106  mpl.o(.text)
    inv_get_version                          0x080144cf   Thumb Code    10  mpl.o(.text)
    inv_start_mpl                            0x080144d9   Thumb Code    38  mpl.o(.text)
    inv_store_gaming_quaternion              0x08014539   Thumb Code    30  results_holder.o(.text)
    inv_set_compass_correction               0x08014557   Thumb Code    30  results_holder.o(.text)
    inv_get_compass_correction               0x08014575   Thumb Code    20  results_holder.o(.text)
    inv_get_large_mag_field                  0x08014589   Thumb Code     6  results_holder.o(.text)
    inv_set_large_mag_field                  0x0801458f   Thumb Code     6  results_holder.o(.text)
    inv_get_acc_state                        0x08014595   Thumb Code     6  results_holder.o(.text)
    inv_set_acc_state                        0x0801459b   Thumb Code     6  results_holder.o(.text)
    inv_get_motion_state                     0x080145a1   Thumb Code    16  results_holder.o(.text)
    inv_set_motion_state                     0x080145b1   Thumb Code    74  results_holder.o(.text)
    inv_set_local_field                      0x080145fb   Thumb Code    14  results_holder.o(.text)
    inv_get_local_field                      0x08014609   Thumb Code    12  results_holder.o(.text)
    inv_set_mag_scale                        0x08014615   Thumb Code    14  results_holder.o(.text)
    inv_get_mag_scale                        0x08014623   Thumb Code    12  results_holder.o(.text)
    inv_get_gravity                          0x0801462f   Thumb Code    90  results_holder.o(.text)
    inv_get_6axis_quaternion                 0x08014689   Thumb Code    18  results_holder.o(.text)
    inv_get_quaternion                       0x0801469b   Thumb Code    54  results_holder.o(.text)
    inv_get_quaternion_float                 0x080146d1   Thumb Code    58  results_holder.o(.text)
    inv_get_quaternion_set                   0x0801470b   Thumb Code    68  results_holder.o(.text)
    inv_generate_results                     0x0801474f   Thumb Code    12  results_holder.o(.text)
    inv_start_results_holder                 0x0801475b   Thumb Code    20  results_holder.o(.text)
    inv_init_results_holder                  0x0801476f   Thumb Code    50  results_holder.o(.text)
    inv_enable_results_holder                0x080147a1   Thumb Code    28  results_holder.o(.text)
    inv_got_accel_bias                       0x080147bd   Thumb Code     6  results_holder.o(.text)
    inv_set_accel_bias_found                 0x080147c3   Thumb Code     6  results_holder.o(.text)
    inv_got_compass_bias                     0x080147c9   Thumb Code     6  results_holder.o(.text)
    inv_set_compass_bias_found               0x080147cf   Thumb Code     6  results_holder.o(.text)
    inv_set_compass_state                    0x080147d5   Thumb Code     6  results_holder.o(.text)
    inv_get_compass_state                    0x080147db   Thumb Code     6  results_holder.o(.text)
    inv_set_compass_bias_error               0x080147e1   Thumb Code    14  results_holder.o(.text)
    inv_get_compass_bias_error               0x080147ef   Thumb Code    12  results_holder.o(.text)
    inv_get_linear_accel                     0x080147fb   Thumb Code    60  results_holder.o(.text)
    inv_get_accel                            0x08014837   Thumb Code    24  results_holder.o(.text)
    inv_get_accel_float                      0x0801484f   Thumb Code    62  results_holder.o(.text)
    inv_get_gyro_float                       0x0801488d   Thumb Code    64  results_holder.o(.text)
    inv_set_heading_confidence_interval      0x080148cd   Thumb Code     8  results_holder.o(.text)
    inv_get_heading_confidence_interval      0x080148d5   Thumb Code     8  results_holder.o(.text)
    inv_get_linear_accel_float               0x080148dd   Thumb Code    76  results_holder.o(.text)
    inv_init_start_manager                   0x08014941   Thumb Code    14  start_manager.o(.text)
    inv_unregister_mpl_start_notification    0x0801494f   Thumb Code    86  start_manager.o(.text)
    inv_register_mpl_start_notification      0x080149a5   Thumb Code    38  start_manager.o(.text)
    inv_execute_mpl_start_notification       0x080149cb   Thumb Code    40  start_manager.o(.text)
    inv_init_storage_manager                 0x080149f9   Thumb Code    20  storage_manager.o(.text)
    inv_register_load_store                  0x08014a0d   Thumb Code   134  storage_manager.o(.text)
    inv_get_mpl_state_size                   0x08014a93   Thumb Code    12  storage_manager.o(.text)
    inv_load_mpl_states                      0x08014acb   Thumb Code   174  storage_manager.o(.text)
    inv_save_mpl_states                      0x08014b79   Thumb Code   158  storage_manager.o(.text)
    inv_vector_compass_cal_sensitivity       0x08014c1d   Thumb Code     8  compass_vec_cal.o(.text)
    inv_cheap_rand                           0x08014dff   Thumb Code    42  compass_vec_cal.o(.text)
    inv_cheap_gaussian                       0x08014e29   Thumb Code   100  compass_vec_cal.o(.text)
    inv_combine_compass_data                 0x08014e8d   Thumb Code   294  compass_vec_cal.o(.text)
    inv_set_terms                            0x08014fb3   Thumb Code   754  compass_vec_cal.o(.text)
    inv_compute_bias                         0x080152a5   Thumb Code  1668  compass_vec_cal.o(.text)
    inv_center_sum                           0x08015929   Thumb Code  1418  compass_vec_cal.o(.text)
    inv_get_current_calibrated_compass       0x08015eb3   Thumb Code    82  compass_vec_cal.o(.text)
    inv_add_compass_block_data               0x08015f05   Thumb Code   142  compass_vec_cal.o(.text)
    inv_check_sim                            0x080161c3   Thumb Code   278  compass_vec_cal.o(.text)
    inv_reset_data_collection                0x080162d9   Thumb Code    50  compass_vec_cal.o(.text)
    inv_process_compass_only_cal             0x0801630b   Thumb Code  1474  compass_vec_cal.o(.text)
    inv_generate_vector_compass_cal          0x080168cd   Thumb Code    62  compass_vec_cal.o(.text)
    inv_start_vector_compass_cal             0x0801690b   Thumb Code    14  compass_vec_cal.o(.text)
    inv_stop_vector_compass_cal              0x08016919   Thumb Code     8  compass_vec_cal.o(.text)
    inv_init_vector_compass_cal              0x08016921   Thumb Code    78  compass_vec_cal.o(.text)
    inv_enable_vector_compass_cal            0x0801696f   Thumb Code    24  compass_vec_cal.o(.text)
    inv_disable_vector_compass_cal           0x08016987   Thumb Code    22  compass_vec_cal.o(.text)
    inv_init_maxmin                          0x08016a79   Thumb Code    78  fast_no_motion.o(.text)
    inv_fast_nomot_parameter                 0x08016ac7   Thumb Code   318  fast_no_motion.o(.text)
    inv_fast_nomot_parameter_3rd             0x08016c05   Thumb Code   180  fast_no_motion.o(.text)
    inv_fast_nomot_set_gyro_bias             0x08016cb9   Thumb Code   232  fast_no_motion.o(.text)
    inv_set_fast_nomot_compass_threshold     0x08016da1   Thumb Code     8  fast_no_motion.o(.text)
    int_set_fast_nomot_gyro_threshold        0x08016da9   Thumb Code     8  fast_no_motion.o(.text)
    inv_set_fast_nomot_accel_threshold       0x08016db1   Thumb Code     8  fast_no_motion.o(.text)
    inv_get_fast_nomot_compass_param         0x08016db9   Thumb Code    18  fast_no_motion.o(.text)
    inv_get_fast_nomot_accel_param           0x08016dcb   Thumb Code    18  fast_no_motion.o(.text)
    inv_fast_nomot_store_data                0x08016ddd   Thumb Code   140  fast_no_motion.o(.text)
    inv_fast_nomot_store_data_compass        0x08016e69   Thumb Code    74  fast_no_motion.o(.text)
    inv_fast_nomot_reset_data_compass        0x08016eb3   Thumb Code    36  fast_no_motion.o(.text)
    inv_fast_nomot_get_time_elaps            0x08016ed7   Thumb Code     8  fast_no_motion.o(.text)
    inv_fast_nomot_parameter_compass         0x08016edf   Thumb Code    22  fast_no_motion.o(.text)
    inv_get_right_shift_by_rounding          0x08016ef5   Thumb Code    76  fast_no_motion.o(.text)
    inv_reset_min_max_gyro_accel_statistics  0x08016f41   Thumb Code    38  fast_no_motion.o(.text)
    inv_record_max_moment_in_no_motion_gyro  0x08016f67   Thumb Code    32  fast_no_motion.o(.text)
    inv_record_max_moment_in_no_motion_accel 0x08016f87   Thumb Code    32  fast_no_motion.o(.text)
    inv_record_min_moment_in_motion_gyro     0x08016fa7   Thumb Code    34  fast_no_motion.o(.text)
    inv_record_min_moment_in_motion_accel    0x08016fc9   Thumb Code    34  fast_no_motion.o(.text)
    inv_detect_motion_by_gyro_accel          0x08016feb   Thumb Code   214  fast_no_motion.o(.text)
    inv_sensor_data_preprocess               0x080170c1   Thumb Code   132  fast_no_motion.o(.text)
    inv_generate_fast_nomot                  0x08017145   Thumb Code   498  fast_no_motion.o(.text)
    inv_set_default_number_of_samples        0x08017337   Thumb Code    56  fast_no_motion.o(.text)
    inv_init_fast_nomot                      0x0801736f   Thumb Code    78  fast_no_motion.o(.text)
    inv_start_fast_nomot                     0x080173bd   Thumb Code    56  fast_no_motion.o(.text)
    inv_stop_fast_nomot                      0x080173f5   Thumb Code    20  fast_no_motion.o(.text)
    inv_enable_fast_nomot                    0x08017409   Thumb Code    24  fast_no_motion.o(.text)
    inv_disable_fast_nomot                   0x08017421   Thumb Code    18  fast_no_motion.o(.text)
    inv_get_fnm_gyro_no_motion_param         0x08017433   Thumb Code     8  fast_no_motion.o(.text)
    inv_fnm_debug_print                      0x0801743b   Thumb Code     2  fast_no_motion.o(.text)
    inv_filter_correction_angle              0x0801746d   Thumb Code   364  fusion_9axis.o(.text)
    inv_perform_9x_fusion                    0x080175d9   Thumb Code   840  fusion_9axis.o(.text)
    inv_process_9x_sensor_fusion_cb          0x08017921   Thumb Code   120  fusion_9axis.o(.text)
    inv_init_9x_fusion                       0x08017999   Thumb Code    50  fusion_9axis.o(.text)
    inv_9x_fusion_set_mag_fb                 0x080179cb   Thumb Code    10  fusion_9axis.o(.text)
    inv_9x_fusion_enable_jitter_reduction    0x080179d5   Thumb Code    10  fusion_9axis.o(.text)
    inv_9x_fusion_use_timestamps             0x080179df   Thumb Code    10  fusion_9axis.o(.text)
    inv_start_9x_sensor_fusion               0x080179e9   Thumb Code    14  fusion_9axis.o(.text)
    inv_stop_9x_sensor_fusion                0x080179f7   Thumb Code     8  fusion_9axis.o(.text)
    inv_enable_9x_sensor_fusion              0x080179ff   Thumb Code    30  fusion_9axis.o(.text)
    inv_disable_9x_sensor_fusion             0x08017a1d   Thumb Code     8  fusion_9axis.o(.text)
    inv_init_gyro_ts                         0x08017e43   Thumb Code    46  gyro_tc.o(.text)
    inv_set_gtc_max_temp                     0x08017e71   Thumb Code    10  gyro_tc.o(.text)
    inv_set_gtc_min_temp                     0x08017e7b   Thumb Code    10  gyro_tc.o(.text)
    inv_set_gtc_min_diff                     0x08017e85   Thumb Code    10  gyro_tc.o(.text)
    inv_get_gyro_ts                          0x08017e8f   Thumb Code    30  gyro_tc.o(.text)
    inv_set_gyro_ts                          0x08017ead   Thumb Code    16  gyro_tc.o(.text)
    inv_set_gtc_order                        0x08017ebd   Thumb Code    16  gyro_tc.o(.text)
    inv_print_gtc_data                       0x08017ecd   Thumb Code    62  gyro_tc.o(.text)
    inv_start_gyro_tc                        0x08017f0b   Thumb Code    10  gyro_tc.o(.text)
    inv_stop_gyro_tc                         0x08017f15   Thumb Code     6  gyro_tc.o(.text)
    inv_enable_gyro_tc                       0x08017f1b   Thumb Code    48  gyro_tc.o(.text)
    inv_disable_gyro_tc                      0x08017f4b   Thumb Code    40  gyro_tc.o(.text)
    inv_set_magnetic_disturbance             0x08017f85   Thumb Code    16  mag_disturb.o(.text)
    inv_init_magnetic_disturbance            0x08017f95   Thumb Code    50  mag_disturb.o(.text)
    MagDisturbSetDisturbance                 0x08017fc7   Thumb Code    98  mag_disturb.o(.text)
    MagDisturbCheckSettling                  0x08018029   Thumb Code    54  mag_disturb.o(.text)
    ComputeAngleVelocity                     0x0801805f   Thumb Code    94  mag_disturb.o(.text)
    inv_disable_dip_tracking                 0x080180bd   Thumb Code    10  mag_disturb.o(.text)
    Mag3ofNormalizedLong                     0x080180c7   Thumb Code    72  mag_disturb.o(.text)
    inv_track_dip_angle                      0x0801810f   Thumb Code   114  mag_disturb.o(.text)
    inv_check_magnetic_disturbance           0x08018181   Thumb Code   690  mag_disturb.o(.text)
    inv_magnetic_disturbance_process         0x08018433   Thumb Code    50  mag_disturb.o(.text)
    inv_start_magnetic_disturbance           0x08018465   Thumb Code    14  mag_disturb.o(.text)
    inv_stop_magnetic_disturbance            0x08018473   Thumb Code     8  mag_disturb.o(.text)
    inv_enable_magnetic_disturbance          0x0801847b   Thumb Code    40  mag_disturb.o(.text)
    inv_disable_magnetic_disturbance         0x080184a3   Thumb Code    22  mag_disturb.o(.text)
    inv_enable_dip_tracking                  0x080184b9   Thumb Code    14  mag_disturb.o(.text)
    inv_get_magnetic_disturbance_state       0x080184c7   Thumb Code     8  mag_disturb.o(.text)
    inv_generate_gyro_quaternion             0x08018865   Thumb Code   260  quaternion_supervisor.o(.text)
    inv_set_quaternion                       0x08018b57   Thumb Code    38  quaternion_supervisor.o(.text)
    inv_generate_accel_gyro_quaternion       0x08018b7d   Thumb Code   428  quaternion_supervisor.o(.text)
    inv_stop_quaternion                      0x08018d71   Thumb Code     6  quaternion_supervisor.o(.text)
    inv_init_quaternion                      0x08018d77   Thumb Code    34  quaternion_supervisor.o(.text)
    inv_start_quaternion                     0x08018d99   Thumb Code    34  quaternion_supervisor.o(.text)
    inv_enable_quaternion                    0x08018dbb   Thumb Code    24  quaternion_supervisor.o(.text)
    inv_disable_quaternion                   0x08018dd3   Thumb Code    20  quaternion_supervisor.o(.text)
    inv_init_accel_maxmin                    0x08018e15   Thumb Code    28  accel_auto_cal.o(.text)
    inv_record_good_accel_maxmin             0x08018e31   Thumb Code    56  accel_auto_cal.o(.text)
    inv_get_current_calibrated_accel         0x08018e69   Thumb Code    70  accel_auto_cal.o(.text)
    inv_sort_order_4_T                       0x080191b7   Thumb Code   186  accel_auto_cal.o(.text)
    inv_init_check_sample_balance            0x08019271   Thumb Code    30  accel_auto_cal.o(.text)
    inv_init_check_sample_balance_parameter  0x0801928f   Thumb Code    28  accel_auto_cal.o(.text)
    inv_add_accel_block_data                 0x080192ab   Thumb Code   152  accel_auto_cal.o(.text)
    inv_add_vector_block_data                0x08019343   Thumb Code   120  accel_auto_cal.o(.text)
    inv_check_sample_balance                 0x080193bb   Thumb Code   344  accel_auto_cal.o(.text)
    inv_auto_calibrate                       0x08019549   Thumb Code   720  accel_auto_cal.o(.text)
    inv_init_in_use_auto_calibration         0x08019819   Thumb Code    80  accel_auto_cal.o(.text)
    inv_start_in_use_auto_calibration        0x08019869   Thumb Code    14  accel_auto_cal.o(.text)
    inv_stop_in_use_auto_calibration         0x08019877   Thumb Code     8  accel_auto_cal.o(.text)
    inv_enable_in_use_auto_calibration       0x0801987f   Thumb Code    24  accel_auto_cal.o(.text)
    inv_disable_in_use_auto_calibration      0x08019897   Thumb Code    94  accel_auto_cal.o(.text)
    inv_get_accel_bias_stage                 0x080198f5   Thumb Code     6  accel_auto_cal.o(.text)
    __aeabi_ldivmod                          0x08019901   Thumb Code    98  ldiv.o(.text)
    __aeabi_llsl                             0x08019963   Thumb Code    30  llshl.o(.text)
    _ll_shift_l                              0x08019963   Thumb Code     0  llshl.o(.text)
    __aeabi_lasr                             0x08019981   Thumb Code    36  llsshr.o(.text)
    _ll_sshift_r                             0x08019981   Thumb Code     0  llsshr.o(.text)
    ___aeabi_memcpy8$move                    0x080199a5   Thumb Code     0  memmovea.o(.text)
    __aeabi_memcpy                           0x080199a5   Thumb Code    64  memmovea.o(.text)
    __aeabi_memcpy4                          0x080199a5   Thumb Code     0  memmovea.o(.text)
    __aeabi_memmove                          0x080199a5   Thumb Code     0  memmovea.o(.text)
    __aeabi_memmove4                         0x080199a5   Thumb Code     0  memmovea.o(.text)
    __aeabi_memmove8                         0x080199a5   Thumb Code     0  memmovea.o(.text)
    __aeabi_memset                           0x080199e5   Thumb Code    14  memseta.o(.text)
    __aeabi_memset4                          0x080199e5   Thumb Code     0  memseta.o(.text)
    __aeabi_memset8                          0x080199e5   Thumb Code     0  memseta.o(.text)
    __aeabi_memclr                           0x080199f3   Thumb Code     4  memseta.o(.text)
    __aeabi_memclr4                          0x080199f3   Thumb Code     0  memseta.o(.text)
    __aeabi_memclr8                          0x080199f3   Thumb Code     0  memseta.o(.text)
    _memset$wrapper                          0x080199f7   Thumb Code    18  memseta.o(.text)
    memcmp                                   0x08019a09   Thumb Code    26  memcmp.o(.text)
    __aeabi_fadd                             0x08019a23   Thumb Code   164  fadd.o(.text)
    __aeabi_fsub                             0x08019ac7   Thumb Code     6  fadd.o(.text)
    __aeabi_frsub                            0x08019acd   Thumb Code     6  fadd.o(.text)
    __aeabi_fmul                             0x08019ad3   Thumb Code   100  fmul.o(.text)
    __aeabi_fdiv                             0x08019b37   Thumb Code   124  fdiv.o(.text)
    __ARM_scalbnf                            0x08019bb3   Thumb Code    24  fscalb.o(.text)
    scalbnf                                  0x08019bb3   Thumb Code     0  fscalb.o(.text)
    __aeabi_dadd                             0x08019bcb   Thumb Code   322  dadd.o(.text)
    __aeabi_dsub                             0x08019d0d   Thumb Code     6  dadd.o(.text)
    __aeabi_drsub                            0x08019d13   Thumb Code     6  dadd.o(.text)
    __aeabi_dmul                             0x08019d19   Thumb Code   228  dmul.o(.text)
    __aeabi_ddiv                             0x08019dfd   Thumb Code   222  ddiv.o(.text)
    __ARM_scalbn                             0x08019edb   Thumb Code    46  dscalb.o(.text)
    scalbn                                   0x08019edb   Thumb Code     0  dscalb.o(.text)
    __aeabi_i2f                              0x08019f09   Thumb Code    18  fflti.o(.text)
    __aeabi_ui2f                             0x08019f1b   Thumb Code    10  ffltui.o(.text)
    __aeabi_l2f                              0x08019f25   Thumb Code    44  ffltl.o(.text)
    __aeabi_i2d                              0x08019f51   Thumb Code    34  dflti.o(.text)
    __aeabi_ui2d                             0x08019f73   Thumb Code    26  dfltui.o(.text)
    __aeabi_f2iz                             0x08019f8d   Thumb Code    50  ffixi.o(.text)
    __aeabi_f2lz                             0x08019fbf   Thumb Code    66  ffixl.o(.text)
    __aeabi_d2iz                             0x0801a001   Thumb Code    62  dfixi.o(.text)
    __aeabi_f2d                              0x0801a03f   Thumb Code    38  f2d.o(.text)
    __aeabi_cdcmpeq                          0x0801a065   Thumb Code     0  cdcmple.o(.text)
    __aeabi_cdcmple                          0x0801a065   Thumb Code    48  cdcmple.o(.text)
    __aeabi_cdrcmple                         0x0801a095   Thumb Code    48  cdrcmple.o(.text)
    __aeabi_d2f                              0x0801a0c5   Thumb Code    56  d2f.o(.text)
    __aeabi_cfcmpeq                          0x0801a0fd   Thumb Code     0  cfcmple.o(.text)
    __aeabi_cfcmple                          0x0801a0fd   Thumb Code    20  cfcmple.o(.text)
    __aeabi_cfrcmple                         0x0801a111   Thumb Code    20  cfrcmple.o(.text)
    __aeabi_uidiv                            0x0801a125   Thumb Code     0  uidiv.o(.text)
    __aeabi_uidivmod                         0x0801a125   Thumb Code    44  uidiv.o(.text)
    __aeabi_uldivmod                         0x0801a151   Thumb Code    98  uldiv.o(.text)
    __aeabi_llsr                             0x0801a1b3   Thumb Code    32  llushr.o(.text)
    _ll_ushift_r                             0x0801a1b3   Thumb Code     0  llushr.o(.text)
    __I$use$fp                               0x0801a1d3   Thumb Code     0  iusefp.o(.text)
    _float_round                             0x0801a1d3   Thumb Code    18  fepilogue.o(.text)
    _float_epilogue                          0x0801a1e5   Thumb Code    92  fepilogue.o(.text)
    _double_round                            0x0801a241   Thumb Code    30  depilogue.o(.text)
    _double_epilogue                         0x0801a25f   Thumb Code   156  depilogue.o(.text)
    _dsqrt                                   0x0801a2fb   Thumb Code   162  dsqrt.o(.text)
    __aeabi_d2ulz                            0x0801a39d   Thumb Code    48  dfixul.o(.text)
    __scatterload                            0x0801a3cd   Thumb Code    28  init.o(.text)
    __scatterload_rt2                        0x0801a3cd   Thumb Code     0  init.o(.text)
    __decompress                             0x0801a3f1   Thumb Code     0  __dczerorl2.o(.text)
    __decompress1                            0x0801a3f1   Thumb Code    86  __dczerorl2.o(.text)
    __0printf                                0x0801a449   Thumb Code    22  printfa.o(i.__0printf)
    __1printf                                0x0801a449   Thumb Code     0  printfa.o(i.__0printf)
    __2printf                                0x0801a449   Thumb Code     0  printfa.o(i.__0printf)
    __c89printf                              0x0801a449   Thumb Code     0  printfa.o(i.__0printf)
    printf                                   0x0801a449   Thumb Code     0  printfa.o(i.__0printf)
    __0vsprintf                              0x0801a469   Thumb Code    30  printfa.o(i.__0vsprintf)
    __1vsprintf                              0x0801a469   Thumb Code     0  printfa.o(i.__0vsprintf)
    __2vsprintf                              0x0801a469   Thumb Code     0  printfa.o(i.__0vsprintf)
    __c89vsprintf                            0x0801a469   Thumb Code     0  printfa.o(i.__0vsprintf)
    vsprintf                                 0x0801a469   Thumb Code     0  printfa.o(i.__0vsprintf)
    __ARM_fpclassify                         0x0801a48d   Thumb Code    48  fpclassify.o(i.__ARM_fpclassify)
    __ARM_fpclassifyf                        0x0801a4bd   Thumb Code    38  fpclassifyf.o(i.__ARM_fpclassifyf)
    __hardfp_acos                            0x0801a4e9   Thumb Code   738  acos.o(i.__hardfp_acos)
    __hardfp_acosf                           0x0801a841   Thumb Code   234  acosf.o(i.__hardfp_acosf)
    __hardfp_asin                            0x0801a959   Thumb Code   770  asin.o(i.__hardfp_asin)
    __hardfp_asinf                           0x0801acb9   Thumb Code   258  asinf.o(i.__hardfp_asinf)
    __hardfp_atan                            0x0801ade9   Thumb Code   622  atan.o(i.__hardfp_atan)
    __hardfp_atan2                           0x0801b0c1   Thumb Code   432  atan2.o(i.__hardfp_atan2)
    __hardfp_atan2f                          0x0801b2b1   Thumb Code   502  atan2f.o(i.__hardfp_atan2f)
    __hardfp_cos                             0x0801b501   Thumb Code   180  cos.o(i.__hardfp_cos)
    __hardfp_cosf                            0x0801b5c9   Thumb Code   280  cosf.o(i.__hardfp_cosf)
    __hardfp_fabs                            0x0801b719   Thumb Code    20  fabs.o(i.__hardfp_fabs)
    __hardfp_log                             0x0801b731   Thumb Code   872  log.o(i.__hardfp_log)
    __hardfp_sin                             0x0801baf9   Thumb Code   180  sin.o(i.__hardfp_sin)
    __hardfp_sinf                            0x0801bbc1   Thumb Code   344  sinf.o(i.__hardfp_sinf)
    __hardfp_sqrt                            0x0801bd51   Thumb Code   122  sqrt.o(i.__hardfp_sqrt)
    __hardfp_sqrtf                           0x0801bdcb   Thumb Code    58  sqrtf.o(i.__hardfp_sqrtf)
    __ieee754_rem_pio2                       0x0801be09   Thumb Code   938  rred.o(i.__ieee754_rem_pio2)
    __kernel_cos                             0x0801c241   Thumb Code   322  cos_i.o(i.__kernel_cos)
    __kernel_poly                            0x0801c3b1   Thumb Code   248  poly.o(i.__kernel_poly)
    __kernel_sin                             0x0801c4a9   Thumb Code   280  sin_i.o(i.__kernel_sin)
    __mathlib_dbl_divzero                    0x0801c5d9   Thumb Code    28  dunder.o(i.__mathlib_dbl_divzero)
    __mathlib_dbl_infnan                     0x0801c609   Thumb Code    20  dunder.o(i.__mathlib_dbl_infnan)
    __mathlib_dbl_infnan2                    0x0801c61d   Thumb Code    20  dunder.o(i.__mathlib_dbl_infnan2)
    __mathlib_dbl_invalid                    0x0801c631   Thumb Code    24  dunder.o(i.__mathlib_dbl_invalid)
    __mathlib_dbl_underflow                  0x0801c651   Thumb Code    24  dunder.o(i.__mathlib_dbl_underflow)
    __mathlib_flt_infnan                     0x0801c671   Thumb Code     6  funder.o(i.__mathlib_flt_infnan)
    __mathlib_flt_infnan2                    0x0801c677   Thumb Code     6  funder.o(i.__mathlib_flt_infnan2)
    __mathlib_flt_invalid                    0x0801c67d   Thumb Code    10  funder.o(i.__mathlib_flt_invalid)
    __mathlib_flt_underflow                  0x0801c68d   Thumb Code    10  funder.o(i.__mathlib_flt_underflow)
    __mathlib_rredf2                         0x0801c69d   Thumb Code   316  rredf.o(i.__mathlib_rredf2)
    __scatterload_copy                       0x0801c7f1   Thumb Code    14  handlers.o(i.__scatterload_copy)
    __scatterload_null                       0x0801c7ff   Thumb Code     2  handlers.o(i.__scatterload_null)
    __scatterload_zeroinit                   0x0801c801   Thumb Code    14  handlers.o(i.__scatterload_zeroinit)
    __set_errno                              0x0801c811   Thumb Code     6  errno.o(i.__set_errno)
    acosf                                    0x0801d0b9   Thumb Code    16  acosf.o(i.acosf)
    atan                                     0x0801d0c9   Thumb Code    16  atan.o(i.atan)
    cos                                      0x0801d0d9   Thumb Code    16  cos.o(i.cos)
    cosf                                     0x0801d0e9   Thumb Code    16  cosf.o(i.cosf)
    fabs                                     0x0801d0f9   Thumb Code    24  fabs.o(i.fabs)
    free                                     0x0801d111   Thumb Code    76  malloc.o(i.free)
    log                                      0x0801d161   Thumb Code    16  log.o(i.log)
    malloc                                   0x0801d171   Thumb Code    92  malloc.o(i.malloc)
    sinf                                     0x0801d1dd   Thumb Code    16  sinf.o(i.sinf)
    sqrt                                     0x0801d1ed   Thumb Code   110  sqrt.o(i.sqrt)
    sqrtf                                    0x0801d25b   Thumb Code    62  sqrtf.o(i.sqrtf)
    asc2_1206                                0x0801d298   Data        1140  oled.o(.constdata)
    asc2_1608                                0x0801d70c   Data        1520  oled.o(.constdata)
    asc2_2412                                0x0801dcfc   Data        3420  oled.o(.constdata)
    TX_ADDRESS                               0x0801ea58   Data           5  nrf24l01.o(.constdata)
    RX_ADDRESS                               0x0801ea5d   Data           5  nrf24l01.o(.constdata)
    reg                                      0x0801ea68   Data          42  inv_mpu.o(.constdata)
    hw                                       0x0801ea92   Data          14  inv_mpu.o(.constdata)
    test                                     0x0801eaa0   Data          48  inv_mpu.o(.constdata)
    sin_lookup                               0x0801f8c8   Data        1024  ml_math_func.o(.constdata)
    ml_ver                                   0x0801fcc8   Data          20  mpl.o(.constdata)
    __mathlib_zero                           0x0801fe98   Data           8  qnan.o(.constdata)
    Region$$Table$$Base                      0x08020000   Number         0  anon$$obj.o(Region$$Table)
    Region$$Table$$Limit                     0x08020020   Number         0  anon$$obj.o(Region$$Table)
    p                                        0x20000000   Data           4  main.o(.data)
    num_site                                 0x20000004   Data           4  main.o(.data)
    llll                                     0x20000008   Data           4  main.o(.data)
    mmmm                                     0x2000000c   Data           4  main.o(.data)
    fmmm                                     0x20000010   Data           4  main.o(.data)
    show_mmmm                                0x20000014   Data           4  main.o(.data)
    Encoder_Distance_model                   0x20000018   Data           4  main.o(.data)
    key                                      0x2000001c   Data           4  main.o(.data)
    steppingmotor1_angle                     0x20000020   Data           4  main.o(.data)
    steppingmotor2_angle                     0x20000024   Data           4  main.o(.data)
    steppingmotor3_angle                     0x20000028   Data           4  main.o(.data)
    steppingmotor4_angle                     0x2000002c   Data           4  main.o(.data)
    steppingmotor1_speed                     0x20000030   Data           4  main.o(.data)
    steppingmotor2_speed                     0x20000034   Data           4  main.o(.data)
    steppingmotor3_speed                     0x20000038   Data           4  main.o(.data)
    steppingmotor4_speed                     0x2000003c   Data           4  main.o(.data)
    pwm                                      0x20000040   Data           4  main.o(.data)
    Expectation_Angle                        0x20000044   Data           4  main.o(.data)
    i                                        0x20000048   Data           1  main.o(.data)
    Send_Count                               0x20000049   Data           1  main.o(.data)
    ll                                       0x2000004c   Data           4  main.o(.data)
    iii                                      0x20000050   Data           4  main.o(.data)
    value                                    0x20000054   Data           2  main.o(.data)
    vol                                      0x20000058   Data           4  main.o(.data)
    out                                      0x2000005c   Data          10  main.o(.data)
    ao                                       0x20000068   Data           4  main.o(.data)
    bo                                       0x2000006c   Data           4  main.o(.data)
    co                                       0x20000070   Data           4  main.o(.data)
    t1x                                      0x20000074   Data           1  main.o(.data)
    r1x                                      0x20000075   Data           2  main.o(.data)
    mode                                     0x20000078   Data           4  main.o(.data)
    xx                                       0x2000007c   Data           4  main.o(.data)
    rgb_C                                    0x20000080   Data           4  main.o(.data)
    aaa                                      0x20000084   Data           4  main.o(.data)
    bbb                                      0x20000088   Data           4  main.o(.data)
    aaa1                                     0x2000008c   Data           4  main.o(.data)
    aaa2                                     0x20000090   Data           4  main.o(.data)
    aaa3                                     0x20000094   Data           4  main.o(.data)
    iiii                                     0x20000098   Data           4  main.o(.data)
    ppp                                      0x2000009c   Data           4  main.o(.data)
    qq                                       0x200000a0   Data           4  main.o(.data)
    SystemCoreClock                          0x200000a4   Data           4  system_stm32f4xx.o(.data)
    AHBPrescTable                            0x200000a8   Data          16  system_stm32f4xx.o(.data)
    Mod                                      0x200000b8   Data           4  key.o(.data)
    Chinese                                  0x200000c0   Data        1024  oled.o(.data)
    task_set                                 0x200004c0   Data           4  oled.o(.data)
    flag7                                    0x200004c4   Data           4  control.o(.data)
    ins                                      0x200004c8   Data           4  control.o(.data)
    Control_AND_Xunji                        0x200004cc   Data           4  control.o(.data)
    Control_AND_Xunji2                       0x200004d0   Data           4  control.o(.data)
    pitch                                    0x200004d4   Data           4  control.o(.data)
    roll                                     0x200004d8   Data           4  control.o(.data)
    yaw                                      0x200004dc   Data           4  control.o(.data)
    yaw_C                                    0x200004e0   Data           4  control.o(.data)
    aacx                                     0x200004e4   Data           2  control.o(.data)
    aacy                                     0x200004e6   Data           2  control.o(.data)
    aacz                                     0x200004e8   Data           2  control.o(.data)
    gyrox                                    0x200004ea   Data           2  control.o(.data)
    gyroy                                    0x200004ec   Data           2  control.o(.data)
    gyroz                                    0x200004ee   Data           2  control.o(.data)
    temp                                     0x200004f0   Data           2  control.o(.data)
    speed_angle                              0x200004f4   Data           4  control.o(.data)
    ENA                                      0x200004f8   Data           4  control.o(.data)
    ENB                                      0x200004fc   Data           4  control.o(.data)
    TagetA                                   0x20000500   Data           4  control.o(.data)
    TagetB                                   0x20000504   Data           4  control.o(.data)
    TagetC                                   0x20000508   Data           4  control.o(.data)
    TagetD                                   0x2000050c   Data           4  control.o(.data)
    ENA1                                     0x20000510   Data           4  control.o(.data)
    ENB1                                     0x20000514   Data           4  control.o(.data)
    ENC1                                     0x20000518   Data           4  control.o(.data)
    Fab_ENA                                  0x2000051c   Data           4  control.o(.data)
    Fab_ENB                                  0x20000520   Data           4  control.o(.data)
    Fab_ENC                                  0x20000524   Data           4  control.o(.data)
    b                                        0x20000528   Data           4  control.o(.data)
    F_SITE                                   0x2000052c   Data           4  control.o(.data)
    B_SITE                                   0x20000530   Data           4  control.o(.data)
    L_SITE                                   0x20000534   Data           4  control.o(.data)
    R_SITE                                   0x20000538   Data           4  control.o(.data)
    OUTPUT                                   0x2000053c   Data           4  control.o(.data)
    OUTPUT1                                  0x20000540   Data           4  control.o(.data)
    OUTPUT2                                  0x20000544   Data           4  control.o(.data)
    PID_value                                0x20000548   Data           4  control.o(.data)
    PID_sd                                   0x2000054c   Data           4  control.o(.data)
    PID_jc                                   0x20000550   Data           4  control.o(.data)
    error                                    0x20000554   Data           4  control.o(.data)
    a                                        0x20000558   Data           4  control.o(.data)
    stopconfig                               0x2000055c   Data           4  control.o(.data)
    Encoder_Left_Front                       0x20000560   Data           4  control.o(.data)
    Encoder_Left_Beside                      0x20000564   Data           4  control.o(.data)
    Encoder_Right_Front                      0x20000568   Data           4  control.o(.data)
    Encoder_Right_Beside                     0x2000056c   Data           4  control.o(.data)
    Left_t                                   0x20000570   Data           4  control.o(.data)
    Right_t                                  0x20000574   Data           4  control.o(.data)
    Encoder_R_Front                          0x20000578   Data           4  control.o(.data)
    Encoder_L_Front                          0x2000057c   Data           4  control.o(.data)
    Encoder_R_Beside                         0x20000580   Data           4  control.o(.data)
    Encoder_L_Beside                         0x20000584   Data           4  control.o(.data)
    Moto_Left_Front                          0x20000588   Data           4  control.o(.data)
    Moto_Right_Front                         0x2000058c   Data           4  control.o(.data)
    Moto_Left_Beside                         0x20000590   Data           4  control.o(.data)
    Moto_Right_Beside                        0x20000594   Data           4  control.o(.data)
    para_L_Front                             0x20000598   Data           4  control.o(.data)
    para_R_Front                             0x2000059c   Data           4  control.o(.data)
    para_L_Beside                            0x200005a0   Data           4  control.o(.data)
    para_R_Beside                            0x200005a4   Data           4  control.o(.data)
    SetPoint                                 0x200005a8   Data           4  control.o(.data)
    flag_inc                                 0x200005ac   Data           4  control.o(.data)
    c1                                       0x200005b0   Data           4  control.o(.data)
    c2                                       0x200005b4   Data           4  control.o(.data)
    c3                                       0x200005b8   Data           4  control.o(.data)
    c4                                       0x200005bc   Data           4  control.o(.data)
    speed                                    0x200005c0   Data           4  control.o(.data)
    setspeed                                 0x200005c4   Data           4  control.o(.data)
    ss                                       0x200005c8   Data           4  control.o(.data)
    angle_ex                                 0x200005cc   Data           4  control.o(.data)
    speed1                                   0x200005d0   Data           4  control.o(.data)
    speed2                                   0x200005d4   Data           4  control.o(.data)
    speed3                                   0x200005d8   Data           4  control.o(.data)
    speed4                                   0x200005dc   Data           4  control.o(.data)
    speed_Y1                                 0x200005e0   Data           4  control.o(.data)
    start_site                               0x200005e4   Data           4  control.o(.data)
    start_flag                               0x200005e8   Data           4  control.o(.data)
    speed_bais                               0x200005ec   Data           4  control.o(.data)
    speed_A1                                 0x200005f0   Data           4  control.o(.data)
    speed_B1                                 0x200005f4   Data           4  control.o(.data)
    speed_C1                                 0x200005f8   Data           4  control.o(.data)
    speed_D1                                 0x200005fc   Data           4  control.o(.data)
    velocity_decrease                        0x20000600   Data           4  control.o(.data)
    Encoder_Length_L1                        0x20000620   Data           4  encoder.o(.data)
    Encoder_Length_R1                        0x20000624   Data           4  encoder.o(.data)
    Encoder_Length_L2                        0x20000628   Data           4  encoder.o(.data)
    Encoder_Length_R2                        0x2000062c   Data           4  encoder.o(.data)
    Encoder_Fabs_L1                          0x20000630   Data           4  encoder.o(.data)
    Encoder_Fabs_L2                          0x20000634   Data           4  encoder.o(.data)
    Encoder_Fabs_R1                          0x20000638   Data           4  encoder.o(.data)
    Encoder_Fabs_R2                          0x2000063c   Data           4  encoder.o(.data)
    Encoder_Fabs_L1_last                     0x20000640   Data           4  encoder.o(.data)
    Encoder_Fabs_L2_last                     0x20000644   Data           4  encoder.o(.data)
    Encoder_Fabs_R1_last                     0x20000648   Data           4  encoder.o(.data)
    Encoder_Fabs_R2_last                     0x2000064c   Data           4  encoder.o(.data)
    pp                                       0x20000650   Data           4  motor.o(.data)
    distance_average                         0x20000654   Data           4  motor.o(.data)
    zd_site                                  0x20000658   Data           4  timer.o(.data)
    aa                                       0x2000065c   Data           4  timer.o(.data)
    bb                                       0x20000660   Data           4  timer.o(.data)
    c                                        0x20000664   Data           4  timer.o(.data)
    d                                        0x20000668   Data           4  timer.o(.data)
    site                                     0x2000066c   Data           4  timer.o(.data)
    pulse                                    0x20000670   Data           4  timer.o(.data)
    count                                    0x20000674   Data           4  timer.o(.data)
    TIM5CH1_CAPTURE_STA                      0x20000678   Data           1  sonic.o(.data)
    TIM5CH1_CAPTURE_VAL                      0x2000067c   Data           4  sonic.o(.data)
    TIM5CH2_CAPTURE_STA                      0x20000680   Data           1  sonic.o(.data)
    TIM5CH2_CAPTURE_VAL                      0x20000684   Data           4  sonic.o(.data)
    TIM5CH3_CAPTURE_STA                      0x20000688   Data           1  sonic.o(.data)
    TIM5CH3_CAPTURE_VAL                      0x2000068c   Data           4  sonic.o(.data)
    TIM5CH4_CAPTURE_STA                      0x20000690   Data           1  sonic.o(.data)
    TIM5CH4_CAPTURE_VAL                      0x20000694   Data           4  sonic.o(.data)
    tempF                                    0x20000698   Data           8  sonic.o(.data)
    tempB                                    0x200006a0   Data           8  sonic.o(.data)
    tempL_1                                  0x200006a8   Data           8  sonic.o(.data)
    tempL_2                                  0x200006b0   Data           8  sonic.o(.data)
    tempR_1                                  0x200006b8   Data           8  sonic.o(.data)
    tempR_2                                  0x200006c0   Data           8  sonic.o(.data)
    TEMPA_1                                  0x200006c8   Data           4  sonic.o(.data)
    TEMPA_2                                  0x200006cc   Data           4  sonic.o(.data)
    TEMPA_3                                  0x200006d0   Data           4  sonic.o(.data)
    TEMPA_4                                  0x200006d4   Data           4  sonic.o(.data)
    TEMPA_5                                  0x200006d8   Data           4  sonic.o(.data)
    TEMPA_6                                  0x200006dc   Data           4  sonic.o(.data)
    Front_cishu                              0x200006e8   Data           4  exti.o(.data)
    Left_cishu                               0x200006ec   Data           4  exti.o(.data)
    First_count                              0x200006f0   Data           4  exti.o(.data)
    Second_count                             0x200006f4   Data           4  exti.o(.data)
    First_count2                             0x200006f8   Data           4  exti.o(.data)
    Second_count2                            0x200006fc   Data           4  exti.o(.data)
    First_count3                             0x20000700   Data           4  exti.o(.data)
    Second_count3                            0x20000704   Data           4  exti.o(.data)
    First_count4                             0x20000708   Data           4  exti.o(.data)
    Second_count4                            0x2000070c   Data           4  exti.o(.data)
    First_count5                             0x20000710   Data           4  exti.o(.data)
    Second_count5                            0x20000714   Data           4  exti.o(.data)
    First_count6                             0x20000718   Data           4  exti.o(.data)
    Second_count6                            0x2000071c   Data           4  exti.o(.data)
    First_count7                             0x20000720   Data           4  exti.o(.data)
    First_count8                             0x20000724   Data           4  exti.o(.data)
    First_count9                             0x20000728   Data           4  exti.o(.data)
    First_count10                            0x2000072c   Data           4  exti.o(.data)
    First_count11                            0x20000730   Data           4  exti.o(.data)
    First_count12                            0x20000734   Data           4  exti.o(.data)
    First_count13                            0x20000738   Data           4  exti.o(.data)
    First_count14                            0x2000073c   Data           4  exti.o(.data)
    First_count15                            0x20000740   Data           4  exti.o(.data)
    First_count16                            0x20000744   Data           4  exti.o(.data)
    First_count17                            0x20000748   Data           4  exti.o(.data)
    First_count18                            0x2000074c   Data           4  exti.o(.data)
    First_count19                            0x20000750   Data           4  exti.o(.data)
    First_count20                            0x20000754   Data           4  exti.o(.data)
    First_count21                            0x20000758   Data           4  exti.o(.data)
    First_count22                            0x2000075c   Data           4  exti.o(.data)
    First_count23                            0x20000760   Data           4  exti.o(.data)
    First_count24                            0x20000764   Data           4  exti.o(.data)
    First_count25                            0x20000768   Data           4  exti.o(.data)
    First_count26                            0x2000076c   Data           4  exti.o(.data)
    First_count27                            0x20000770   Data           4  exti.o(.data)
    First_count28                            0x20000774   Data           4  exti.o(.data)
    First_count29                            0x20000778   Data           4  exti.o(.data)
    First_count30                            0x2000077c   Data           4  exti.o(.data)
    First_count31                            0x20000780   Data           4  exti.o(.data)
    First_count32                            0x20000784   Data           4  exti.o(.data)
    First_count33                            0x20000788   Data           4  exti.o(.data)
    First_count34                            0x2000078c   Data           4  exti.o(.data)
    First_count35                            0x20000790   Data           4  exti.o(.data)
    First_count36                            0x20000794   Data           4  exti.o(.data)
    First_count37                            0x20000798   Data           4  exti.o(.data)
    First_count38                            0x2000079c   Data           4  exti.o(.data)
    First_count39                            0x200007a0   Data           4  exti.o(.data)
    First_count40                            0x200007a4   Data           4  exti.o(.data)
    Second_count7                            0x200007a8   Data           4  exti.o(.data)
    SPULA                                    0x200007c8   Data           4  bujin.o(.data)
    SPULB                                    0x200007cc   Data           4  bujin.o(.data)
    SPULC                                    0x200007d0   Data           4  bujin.o(.data)
    SPULD                                    0x200007d4   Data           4  bujin.o(.data)
    flagA                                    0x200007d8   Data           4  bujin.o(.data)
    flagB                                    0x200007dc   Data           4  bujin.o(.data)
    flagC                                    0x200007e0   Data           4  bujin.o(.data)
    flagD                                    0x200007e4   Data           4  bujin.o(.data)
    SpeedA                                   0x200007e8   Data           4  bujin.o(.data)
    SpeedB                                   0x200007ec   Data           4  bujin.o(.data)
    SpeedC                                   0x200007f0   Data           4  bujin.o(.data)
    SpeedD                                   0x200007f4   Data           4  bujin.o(.data)
    countA                                   0x200007f8   Data           4  bujin.o(.data)
    countB                                   0x200007fc   Data           4  bujin.o(.data)
    countC                                   0x20000800   Data           4  bujin.o(.data)
    countD                                   0x20000804   Data           4  bujin.o(.data)
    ReceiveData                              0x2000081a   Data           1  usart2dma.o(.data)
    Res                                      0x2000081c   Data           2  usart2dma.o(.data)
    Res_2                                    0x2000081e   Data           2  usart2dma.o(.data)
    Receive_ok                               0x20000824   Data           1  usart4dma.o(.data)
    Res_4                                    0x20000826   Data           2  usart4dma.o(.data)
    Num                                      0x20000828   Data           1  usart4dma.o(.data)
    a222                                     0x2000082c   Data           4  usart4dma.o(.data)
    t                                        0x20000834   Data           1  nrf24l01.o(.data)
    NRF_Flag                                 0x20000835   Data           1  nrf24l01.o(.data)
    Rece_Data                                0x20000838   Data           4  nrf24l01.o(.data)
    __stdout                                 0x20000840   Data           4  usart.o(.data)
    sss                                      0x20000844   Data           4  usart.o(.data)
    openmv_site                              0x20000848   Data           4  usart.o(.data)
    color_flag                               0x2000084c   Data           4  usart.o(.data)
    SendData                                 0x20000850   Data           8  usart.o(.data)
    SendData1                                0x20000858   Data           8  usart.o(.data)
    SendData2                                0x20000860   Data           8  usart.o(.data)
    flag                                     0x20000868   Data           1  usart.o(.data)
    flag2                                    0x20000869   Data           1  usart.o(.data)
    he1                                      0x2000086a   Data           2  usart.o(.data)
    he2                                      0x2000086c   Data           2  usart.o(.data)
    he3                                      0x2000086e   Data           2  usart.o(.data)
    he4                                      0x20000870   Data           2  usart.o(.data)
    guocheng                                 0x20000874   Data           4  usart.o(.data)
    color_site                               0x20000878   Data           4  usart.o(.data)
    USART_RX_STA                             0x2000087c   Data           2  usart.o(.data)
    mpl_key                                  0x20000890   Data           4  inv_mpu.o(.data)
    compass_low_pass_filter_coeff            0x200008e0   Data          20  hal_outputs.o(.data)
    __microlib_freelist                      0x20000908   Data           4  mvars.o(.data)
    __microlib_freelist_initialised          0x2000090c   Data           4  mvars.o(.data)
    OLED_GRAM                                0x20000914   Data        1024  oled.o(.bss)
    Encoder                                  0x20000d14   Data          16  encoder.o(.bss)
    PID_Inner                                0x20000d24   Data          56  pid.o(.bss)
    PID_Inner2                               0x20000d5c   Data          56  pid.o(.bss)
    PID_velocity                             0x20000d94   Data          56  pid.o(.bss)
    PID_xunji                                0x20000dcc   Data          56  pid.o(.bss)
    PID_xunji2                               0x20000e04   Data          56  pid.o(.bss)
    PID_xunji3                               0x20000e3c   Data          56  pid.o(.bss)
    PID_weizhi                               0x20000e74   Data          56  pid.o(.bss)
    PID_weizhi2                              0x20000eac   Data          56  pid.o(.bss)
    Sonic_Dis                                0x20000ee4   Data          36  sonic.o(.bss)
    SonicA1_Filter                           0x20000f08   Data          72  sonic.o(.bss)
    SonicA2_Filter                           0x20000f50   Data          72  sonic.o(.bss)
    SonicA3_Filter                           0x20000f98   Data          72  sonic.o(.bss)
    SonicA4_Filter                           0x20000fe0   Data          72  sonic.o(.bss)
    SonicA5_Filter                           0x20001028   Data          72  sonic.o(.bss)
    SonicA6_Filter                           0x20001070   Data          72  sonic.o(.bss)
    rec_data_u1                              0x200010b8   Data          20  usartdma.o(.bss)
    send_data_u1                             0x200010cc   Data          20  usartdma.o(.bss)
    rec_data_u2                              0x200010f4   Data          42  usart2dma.o(.bss)
    send_data_u2                             0x2000111e   Data          42  usart2dma.o(.bss)
    num                                      0x20001148   Data          16  usart2dma.o(.bss)
    DataScope_OutPut_Buffer                  0x20001158   Data          42  usart4dma.o(.bss)
    rec_data_u4                              0x20001182   Data          60  usart4dma.o(.bss)
    send_data_u4                             0x200011be   Data          60  usart4dma.o(.bss)
    num_4                                    0x200011fc   Data          20  usart4dma.o(.bss)
    tmp_buf                                  0x20001210   Data          33  nrf24l01.o(.bss)
    cb                                       0x20001880   Data         232  compass_vec_cal.o(.bss)
    cb_test                                  0x20001968   Data         232  compass_vec_cal.o(.bss)
    cb_sim                                   0x20001a50   Data         232  compass_vec_cal.o(.bss)
    vc                                       0x20001b38   Data         424  compass_vec_cal.o(.bss)
    fnm                                      0x20001ce0   Data         608  fast_no_motion.o(.bss)
    s9axis                                   0x20001f80   Data         312  fusion_9axis.o(.bss)
    mag_disturb                              0x2000227c   Data         184  mag_disturb.o(.bss)
    __heap_base                              0x20002858   Data           0  startup_stm32f40_41xxx.o(HEAP)
    __heap_limit                             0x20002a58   Data           0  startup_stm32f40_41xxx.o(HEAP)
    __initial_sp                             0x20002e58   Data           0  startup_stm32f40_41xxx.o(STACK)



==============================================================================

Memory Map of the image

  Image Entry point : 0x08000189

  Load Region LR_IROM1 (Base: 0x08000000, Size: 0x00020934, Max: 0x00100000, ABSOLUTE, COMPRESSED[0x00020364])

    Execution Region ER_IROM1 (Base: 0x08000000, Size: 0x00020020, Max: 0x00100000, ABSOLUTE)

    Base Addr    Size         Type   Attr      Idx    E Section Name        Object

    0x08000000   0x00000188   Data   RO         1001    RESET               startup_stm32f40_41xxx.o
    0x08000188   0x00000000   Code   RO         2015  * .ARM.Collect$$$$00000000  mc_w.l(entry.o)
    0x08000188   0x00000004   Code   RO         2421    .ARM.Collect$$$$00000001  mc_w.l(entry2.o)
    0x0800018c   0x00000004   Code   RO         2424    .ARM.Collect$$$$00000004  mc_w.l(entry5.o)
    0x08000190   0x00000000   Code   RO         2426    .ARM.Collect$$$$00000008  mc_w.l(entry7b.o)
    0x08000190   0x00000000   Code   RO         2428    .ARM.Collect$$$$0000000A  mc_w.l(entry8b.o)
    0x08000190   0x00000008   Code   RO         2429    .ARM.Collect$$$$0000000B  mc_w.l(entry9a.o)
    0x08000198   0x00000000   Code   RO         2431    .ARM.Collect$$$$0000000D  mc_w.l(entry10a.o)
    0x08000198   0x00000000   Code   RO         2433    .ARM.Collect$$$$0000000F  mc_w.l(entry11a.o)
    0x08000198   0x00000004   Code   RO         2422    .ARM.Collect$$$$00002712  mc_w.l(entry2.o)
    0x0800019c   0x00000bac   Code   RO            3    .text               main.o
    0x08000d48   0x0000001a   Code   RO          241    .text               stm32f4xx_it.o
    0x08000d62   0x00000002   PAD
    0x08000d64   0x00000210   Code   RO          290    .text               system_stm32f4xx.o
    0x08000f74   0x000000fc   Code   RO          316    .text               led.o
    0x08001070   0x00000684   Code   RO          336    .text               key.o
    0x080016f4   0x00000430   Code   RO          363    .text               mpu9250.o
    0x08001b24   0x00000264   Code   RO          386    .text               mpuiic.o
    0x08001d88   0x00001908   Code   RO          406    .text               oled.o
    0x08003690   0x00001288   Code   RO          435    .text               control.o
    0x08004918   0x000004dc   Code   RO          466    .text               encoder.o
    0x08004df4   0x00000094   Code   RO          490    .text               xunji.o
    0x08004e88   0x00001dda   Code   RO          510    .text               motor.o
    0x08006c62   0x00000002   PAD
    0x08006c64   0x00000348   Code   RO          534    .text               pid.o
    0x08006fac   0x00000574   Code   RO          562    .text               pwm.o
    0x08007520   0x0000005c   Code   RO          582    .text               timer.o
    0x0800757c   0x00000794   Code   RO          605    .text               sonic.o
    0x08007d10   0x000003f0   Code   RO          635    .text               filter.o
    0x08008100   0x00000a28   Code   RO          650    .text               exti.o
    0x08008b28   0x00000320   Code   RO          697    .text               bujin.o
    0x08008e48   0x000003b0   Code   RO          734    .text               usartdma.o
    0x080091f8   0x0000043c   Code   RO          762    .text               usart2dma.o
    0x08009634   0x000001c0   Code   RO          793    .text               usart3dma.o
    0x080097f4   0x000006f8   Code   RO          822    .text               usart4dma.o
    0x08009eec   0x00000708   Code   RO          879    .text               nrf24l01.o
    0x0800a5f4   0x00000110   Code   RO          908    .text               spi.o
    0x0800a704   0x00000104   Code   RO          928    .text               delay.o
    0x0800a808   0x000000d0   Code   RO          968    .text               usart.o
    0x0800a8d8   0x00000024   Code   RO         1002    .text               startup_stm32f40_41xxx.o
    0x0800a8fc   0x000000e0   Code   RO         1008    .text               misc.o
    0x0800a9dc   0x00000294   Code   RO         1051    .text               stm32f4xx_gpio.o
    0x0800ac70   0x0000065c   Code   RO         1071    .text               stm32f4xx_rcc.o
    0x0800b2cc   0x00000094   Code   RO         1093    .text               stm32f4xx_syscfg.o
    0x0800b360   0x00000454   Code   RO         1113    .text               stm32f4xx_usart.o
    0x0800b7b4   0x00000ca2   Code   RO         1133    .text               stm32f4xx_tim.o
    0x0800c456   0x00000002   PAD
    0x0800c458   0x00000110   Code   RO         1153    .text               stm32f4xx_exti.o
    0x0800c568   0x000003a8   Code   RO         1173    .text               stm32f4xx_dma.o
    0x0800c910   0x00000480   Code   RO         1213    .text               stm32f4xx_spi.o
    0x0800cd90   0x00003cd4   Code   RO         1233    .text               inv_mpu.o
    0x08010a64   0x00000d90   Code   RO         1361    .text               inv_mpu_dmp_motion_driver.o
    0x080117f4   0x0000031c   Code   RO         1390    .text               log_stm32.o
    0x08011b10   0x0000050c   Code   RO         1408    .text               empl_outputs.o
    0x0801201c   0x00000c8c   Code   RO         1428    .text               data_builder.o
    0x08012ca8   0x00000740   Code   RO         1452    .text               hal_outputs.o
    0x080133e8   0x0000002c   Code   RO         1468    .text               message_layer.o
    0x08013414   0x00001034   Code   RO         1482    .text               ml_math_func.o
    0x08014448   0x000000f0   Code   RO         1512    .text               mpl.o
    0x08014538   0x00000408   Code   RO         1533    .text               results_holder.o
    0x08014940   0x000000b8   Code   RO         1547    .text               start_manager.o
    0x080149f8   0x00000224   Code   RO         1561    .text               storage_manager.o
    0x08014c1c   0x00001e5c   Code   RO         1575    .text               libmpllib.lib(compass_vec_cal.o)
    0x08016a78   0x000009f4   Code   RO         1665    .text               libmpllib.lib(fast_no_motion.o)
    0x0801746c   0x0000065c   Code   RO         1698    .text               libmpllib.lib(fusion_9axis.o)
    0x08017ac8   0x000004bc   Code   RO         1720    .text               libmpllib.lib(gyro_tc.o)
    0x08017f84   0x00000550   Code   RO         1738    .text               libmpllib.lib(mag_disturb.o)
    0x080184d4   0x00000940   Code   RO         1760    .text               libmpllib.lib(quaternion_supervisor.o)
    0x08018e14   0x00000aec   Code   RO         1778    .text               libmpllib.lib(accel_auto_cal.o)
    0x08019900   0x00000062   Code   RO         2018    .text               mc_w.l(ldiv.o)
    0x08019962   0x0000001e   Code   RO         2020    .text               mc_w.l(llshl.o)
    0x08019980   0x00000024   Code   RO         2022    .text               mc_w.l(llsshr.o)
    0x080199a4   0x00000040   Code   RO         2026    .text               mc_w.l(memmovea.o)
    0x080199e4   0x00000024   Code   RO         2028    .text               mc_w.l(memseta.o)
    0x08019a08   0x0000001a   Code   RO         2030    .text               mc_w.l(memcmp.o)
    0x08019a22   0x000000b0   Code   RO         2325    .text               mf_w.l(fadd.o)
    0x08019ad2   0x00000064   Code   RO         2327    .text               mf_w.l(fmul.o)
    0x08019b36   0x0000007c   Code   RO         2329    .text               mf_w.l(fdiv.o)
    0x08019bb2   0x00000018   Code   RO         2331    .text               mf_w.l(fscalb.o)
    0x08019bca   0x0000014e   Code   RO         2333    .text               mf_w.l(dadd.o)
    0x08019d18   0x000000e4   Code   RO         2335    .text               mf_w.l(dmul.o)
    0x08019dfc   0x000000de   Code   RO         2337    .text               mf_w.l(ddiv.o)
    0x08019eda   0x0000002e   Code   RO         2339    .text               mf_w.l(dscalb.o)
    0x08019f08   0x00000012   Code   RO         2341    .text               mf_w.l(fflti.o)
    0x08019f1a   0x0000000a   Code   RO         2343    .text               mf_w.l(ffltui.o)
    0x08019f24   0x0000002c   Code   RO         2345    .text               mf_w.l(ffltl.o)
    0x08019f50   0x00000022   Code   RO         2347    .text               mf_w.l(dflti.o)
    0x08019f72   0x0000001a   Code   RO         2349    .text               mf_w.l(dfltui.o)
    0x08019f8c   0x00000032   Code   RO         2351    .text               mf_w.l(ffixi.o)
    0x08019fbe   0x00000042   Code   RO         2353    .text               mf_w.l(ffixl.o)
    0x0801a000   0x0000003e   Code   RO         2355    .text               mf_w.l(dfixi.o)
    0x0801a03e   0x00000026   Code   RO         2357    .text               mf_w.l(f2d.o)
    0x0801a064   0x00000030   Code   RO         2359    .text               mf_w.l(cdcmple.o)
    0x0801a094   0x00000030   Code   RO         2361    .text               mf_w.l(cdrcmple.o)
    0x0801a0c4   0x00000038   Code   RO         2363    .text               mf_w.l(d2f.o)
    0x0801a0fc   0x00000014   Code   RO         2365    .text               mf_w.l(cfcmple.o)
    0x0801a110   0x00000014   Code   RO         2367    .text               mf_w.l(cfrcmple.o)
    0x0801a124   0x0000002c   Code   RO         2435    .text               mc_w.l(uidiv.o)
    0x0801a150   0x00000062   Code   RO         2437    .text               mc_w.l(uldiv.o)
    0x0801a1b2   0x00000020   Code   RO         2439    .text               mc_w.l(llushr.o)
    0x0801a1d2   0x00000000   Code   RO         2450    .text               mc_w.l(iusefp.o)
    0x0801a1d2   0x0000006e   Code   RO         2451    .text               mf_w.l(fepilogue.o)
    0x0801a240   0x000000ba   Code   RO         2453    .text               mf_w.l(depilogue.o)
    0x0801a2fa   0x000000a2   Code   RO         2457    .text               mf_w.l(dsqrt.o)
    0x0801a39c   0x00000030   Code   RO         2459    .text               mf_w.l(dfixul.o)
    0x0801a3cc   0x00000024   Code   RO         2461    .text               mc_w.l(init.o)
    0x0801a3f0   0x00000056   Code   RO         2471    .text               mc_w.l(__dczerorl2.o)
    0x0801a446   0x00000002   PAD
    0x0801a448   0x00000020   Code   RO         2269    i.__0printf         mc_w.l(printfa.o)
    0x0801a468   0x00000024   Code   RO         2275    i.__0vsprintf       mc_w.l(printfa.o)
    0x0801a48c   0x00000030   Code   RO         2386    i.__ARM_fpclassify  m_wm.l(fpclassify.o)
    0x0801a4bc   0x00000026   Code   RO         2388    i.__ARM_fpclassifyf  m_wm.l(fpclassifyf.o)
    0x0801a4e2   0x00000006   PAD
    0x0801a4e8   0x00000358   Code   RO         1807    i.__hardfp_acos     m_wm.l(acos.o)
    0x0801a840   0x00000118   Code   RO         1821    i.__hardfp_acosf    m_wm.l(acosf.o)
    0x0801a958   0x00000360   Code   RO         1833    i.__hardfp_asin     m_wm.l(asin.o)
    0x0801acb8   0x0000012c   Code   RO         1847    i.__hardfp_asinf    m_wm.l(asinf.o)
    0x0801ade4   0x00000004   PAD
    0x0801ade8   0x000002d8   Code   RO         1859    i.__hardfp_atan     m_wm.l(atan.o)
    0x0801b0c0   0x000001f0   Code   RO         1873    i.__hardfp_atan2    m_wm.l(atan2.o)
    0x0801b2b0   0x00000250   Code   RO         1885    i.__hardfp_atan2f   m_wm.l(atan2f.o)
    0x0801b500   0x000000c8   Code   RO         1903    i.__hardfp_cos      m_wm.l(cos.o)
    0x0801b5c8   0x00000150   Code   RO         1915    i.__hardfp_cosf     m_wm.l(cosf.o)
    0x0801b718   0x00000014   Code   RO         1927    i.__hardfp_fabs     m_wm.l(fabs.o)
    0x0801b72c   0x00000004   PAD
    0x0801b730   0x000003c4   Code   RO         1939    i.__hardfp_log      m_wm.l(log.o)
    0x0801baf4   0x00000004   PAD
    0x0801baf8   0x000000c8   Code   RO         1967    i.__hardfp_sin      m_wm.l(sin.o)
    0x0801bbc0   0x00000190   Code   RO         1979    i.__hardfp_sinf     m_wm.l(sinf.o)
    0x0801bd50   0x0000007a   Code   RO         1991    i.__hardfp_sqrt     m_wm.l(sqrt.o)
    0x0801bdca   0x0000003a   Code   RO         2003    i.__hardfp_sqrtf    m_wm.l(sqrtf.o)
    0x0801be04   0x00000004   PAD
    0x0801be08   0x00000438   Code   RO         2407    i.__ieee754_rem_pio2  m_wm.l(rred.o)
    0x0801c240   0x00000170   Code   RO         2369    i.__kernel_cos      m_wm.l(cos_i.o)
    0x0801c3b0   0x000000f8   Code   RO         2404    i.__kernel_poly     m_wm.l(poly.o)
    0x0801c4a8   0x00000130   Code   RO         2415    i.__kernel_sin      m_wm.l(sin_i.o)
    0x0801c5d8   0x00000030   Code   RO         2372    i.__mathlib_dbl_divzero  m_wm.l(dunder.o)
    0x0801c608   0x00000014   Code   RO         2373    i.__mathlib_dbl_infnan  m_wm.l(dunder.o)
    0x0801c61c   0x00000014   Code   RO         2374    i.__mathlib_dbl_infnan2  m_wm.l(dunder.o)
    0x0801c630   0x00000020   Code   RO         2375    i.__mathlib_dbl_invalid  m_wm.l(dunder.o)
    0x0801c650   0x00000020   Code   RO         2378    i.__mathlib_dbl_underflow  m_wm.l(dunder.o)
    0x0801c670   0x00000006   Code   RO         2391    i.__mathlib_flt_infnan  m_wm.l(funder.o)
    0x0801c676   0x00000006   Code   RO         2392    i.__mathlib_flt_infnan2  m_wm.l(funder.o)
    0x0801c67c   0x00000010   Code   RO         2393    i.__mathlib_flt_invalid  m_wm.l(funder.o)
    0x0801c68c   0x00000010   Code   RO         2396    i.__mathlib_flt_underflow  m_wm.l(funder.o)
    0x0801c69c   0x00000154   Code   RO         2412    i.__mathlib_rredf2  m_wm.l(rredf.o)
    0x0801c7f0   0x0000000e   Code   RO         2465    i.__scatterload_copy  mc_w.l(handlers.o)
    0x0801c7fe   0x00000002   Code   RO         2466    i.__scatterload_null  mc_w.l(handlers.o)
    0x0801c800   0x0000000e   Code   RO         2467    i.__scatterload_zeroinit  mc_w.l(handlers.o)
    0x0801c80e   0x00000002   PAD
    0x0801c810   0x0000000c   Code   RO         2445    i.__set_errno       mc_w.l(errno.o)
    0x0801c81c   0x00000164   Code   RO         2276    i._fp_digits        mc_w.l(printfa.o)
    0x0801c980   0x000006dc   Code   RO         2277    i._printf_core      mc_w.l(printfa.o)
    0x0801d05c   0x00000024   Code   RO         2278    i._printf_post_padding  mc_w.l(printfa.o)
    0x0801d080   0x0000002e   Code   RO         2279    i._printf_pre_padding  mc_w.l(printfa.o)
    0x0801d0ae   0x0000000a   Code   RO         2281    i._sputc            mc_w.l(printfa.o)
    0x0801d0b8   0x00000010   Code   RO         1823    i.acosf             m_wm.l(acosf.o)
    0x0801d0c8   0x00000010   Code   RO         1861    i.atan              m_wm.l(atan.o)
    0x0801d0d8   0x00000010   Code   RO         1905    i.cos               m_wm.l(cos.o)
    0x0801d0e8   0x00000010   Code   RO         1917    i.cosf              m_wm.l(cosf.o)
    0x0801d0f8   0x00000018   Code   RO         1929    i.fabs              m_wm.l(fabs.o)
    0x0801d110   0x00000050   Code   RO         2297    i.free              mc_w.l(malloc.o)
    0x0801d160   0x00000010   Code   RO         1941    i.log               m_wm.l(log.o)
    0x0801d170   0x0000006c   Code   RO         2298    i.malloc            mc_w.l(malloc.o)
    0x0801d1dc   0x00000010   Code   RO         1981    i.sinf              m_wm.l(sinf.o)
    0x0801d1ec   0x0000006e   Code   RO         1993    i.sqrt              m_wm.l(sqrt.o)
    0x0801d25a   0x0000003e   Code   RO         2005    i.sqrtf             m_wm.l(sqrtf.o)
    0x0801d298   0x000017c0   Data   RO          408    .constdata          oled.o
    0x0801ea58   0x00000010   Data   RO          881    .constdata          nrf24l01.o
    0x0801ea68   0x00000268   Data   RO         1234    .constdata          inv_mpu.o
    0x0801ecd0   0x00000bf6   Data   RO         1363    .constdata          inv_mpu_dmp_motion_driver.o
    0x0801f8c6   0x00000002   PAD
    0x0801f8c8   0x00000400   Data   RO         1483    .constdata          ml_math_func.o
    0x0801fcc8   0x0000002f   Data   RO         1513    .constdata          mpl.o
    0x0801fcf7   0x00000001   PAD
    0x0801fcf8   0x00000050   Data   RO         1810    .constdata          m_wm.l(acos.o)
    0x0801fd48   0x00000050   Data   RO         1836    .constdata          m_wm.l(asin.o)
    0x0801fd98   0x00000098   Data   RO         1862    .constdata          m_wm.l(atan.o)
    0x0801fe30   0x00000038   Data   RO         1942    .constdata          m_wm.l(log.o)
    0x0801fe68   0x00000030   Data   RO         2370    .constdata          m_wm.l(cos_i.o)
    0x0801fe98   0x00000008   Data   RO         2406    .constdata          m_wm.l(qnan.o)
    0x0801fea0   0x000000c8   Data   RO         2409    .constdata          m_wm.l(rred.o)
    0x0801ff68   0x00000020   Data   RO         2413    .constdata          m_wm.l(rredf.o)
    0x0801ff88   0x00000028   Data   RO         2416    .constdata          m_wm.l(sin_i.o)
    0x0801ffb0   0x00000009   Data   RO         1235    .conststring        inv_mpu.o
    0x0801ffb9   0x00000003   PAD
    0x0801ffbc   0x00000044   Data   RO         1430    .conststring        data_builder.o
    0x08020000   0x00000020   Data   RO         2463    Region$$Table       anon$$obj.o


    Execution Region RW_IRAM1 (Base: 0x20000000, Size: 0x00002e58, Max: 0x00020000, ABSOLUTE, COMPRESSED[0x00000344])

    Base Addr    Size         Type   Attr      Idx    E Section Name        Object

    0x20000000   0x000000a4   Data   RW            5    .data               main.o
    0x200000a4   0x00000014   Data   RW          291    .data               system_stm32f4xx.o
    0x200000b8   0x00000005   Data   RW          337    .data               key.o
    0x200000bd   0x00000003   PAD
    0x200000c0   0x00000404   Data   RW          409    .data               oled.o
    0x200004c4   0x0000015c   Data   RW          436    .data               control.o
    0x20000620   0x00000030   Data   RW          468    .data               encoder.o
    0x20000650   0x00000008   Data   RW          511    .data               motor.o
    0x20000658   0x00000020   Data   RW          583    .data               timer.o
    0x20000678   0x00000068   Data   RW          607    .data               sonic.o
    0x200006e0   0x00000008   Data   RW          636    .data               filter.o
    0x200006e8   0x000000e0   Data   RW          651    .data               exti.o
    0x200007c8   0x00000050   Data   RW          698    .data               bujin.o
    0x20000818   0x00000001   Data   RW          736    .data               usartdma.o
    0x20000819   0x00000001   PAD
    0x2000081a   0x00000009   Data   RW          764    .data               usart2dma.o
    0x20000823   0x00000001   PAD
    0x20000824   0x0000000e   Data   RW          824    .data               usart4dma.o
    0x20000832   0x00000002   PAD
    0x20000834   0x00000008   Data   RW          882    .data               nrf24l01.o
    0x2000083c   0x00000004   Data   RW          929    .data               delay.o
    0x20000840   0x0000003e   Data   RW          970    .data               usart.o
    0x2000087e   0x00000010   Data   RW         1072    .data               stm32f4xx_rcc.o
    0x2000088e   0x00000002   PAD
    0x20000890   0x0000004e   Data   RW         1236    .data               inv_mpu.o
    0x200008de   0x00000002   PAD
    0x200008e0   0x00000014   Data   RW         1454    .data               hal_outputs.o
    0x200008f4   0x00000004   Data   RW         1469    .data               message_layer.o
    0x200008f8   0x00000010   Data   RW         1577    .data               libmpllib.lib(compass_vec_cal.o)
    0x20000908   0x00000004   Data   RW         2441    .data               mc_w.l(mvars.o)
    0x2000090c   0x00000004   Data   RW         2442    .data               mc_w.l(mvars.o)
    0x20000910   0x00000004   Data   RW         2446    .data               mc_w.l(errno.o)
    0x20000914   0x00000400   Zero   RW          407    .bss                oled.o
    0x20000d14   0x00000010   Zero   RW          467    .bss                encoder.o
    0x20000d24   0x000001c0   Zero   RW          535    .bss                pid.o
    0x20000ee4   0x000001d4   Zero   RW          606    .bss                sonic.o
    0x200010b8   0x0000003a   Zero   RW          735    .bss                usartdma.o
    0x200010f2   0x00000002   PAD
    0x200010f4   0x00000064   Zero   RW          763    .bss                usart2dma.o
    0x20001158   0x000000b8   Zero   RW          823    .bss                usart4dma.o
    0x20001210   0x00000021   Zero   RW          880    .bss                nrf24l01.o
    0x20001231   0x00000003   PAD
    0x20001234   0x00000010   Zero   RW         1362    .bss                inv_mpu_dmp_motion_driver.o
    0x20001244   0x00000028   Zero   RW         1409    .bss                empl_outputs.o
    0x2000126c   0x000002d8   Zero   RW         1429    .bss                data_builder.o
    0x20001544   0x000000c4   Zero   RW         1453    .bss                hal_outputs.o
    0x20001608   0x00000088   Zero   RW         1534    .bss                results_holder.o
    0x20001690   0x00000054   Zero   RW         1548    .bss                start_manager.o
    0x200016e4   0x00000198   Zero   RW         1562    .bss                storage_manager.o
    0x2000187c   0x00000004   PAD
    0x20001880   0x00000460   Zero   RW         1576    .bss                libmpllib.lib(compass_vec_cal.o)
    0x20001ce0   0x000002a0   Zero   RW         1666    .bss                libmpllib.lib(fast_no_motion.o)
    0x20001f80   0x00000138   Zero   RW         1699    .bss                libmpllib.lib(fusion_9axis.o)
    0x200020b8   0x000001c4   Zero   RW         1721    .bss                libmpllib.lib(gyro_tc.o)
    0x2000227c   0x000000b8   Zero   RW         1739    .bss                libmpllib.lib(mag_disturb.o)
    0x20002334   0x0000006c   Zero   RW         1761    .bss                libmpllib.lib(quaternion_supervisor.o)
    0x200023a0   0x000004b8   Zero   RW         1779    .bss                libmpllib.lib(accel_auto_cal.o)
    0x20002858   0x00000200   Zero   RW         1000    HEAP                startup_stm32f40_41xxx.o
    0x20002a58   0x00000400   Zero   RW          999    STACK               startup_stm32f40_41xxx.o


==============================================================================

Image component sizes


      Code (inc. data)   RO Data    RW Data    ZI Data      Debug   Object Name

       800         88          0         80          0       2788   bujin.o
      4744        474          0        348          0       5815   control.o
      3212         82         68          0        728      19130   data_builder.o
       260          8          0          4          0       1517   delay.o
      1292         46          0          0         40       8349   empl_outputs.o
      1244         82          0         48         16       4206   encoder.o
      2600        172          0        224          0       6946   exti.o
      1008         20          0          8          0       3753   filter.o
      1856         40          0         20        196       7027   hal_outputs.o
     15572       1296        625         78          0      38883   inv_mpu.o
      3472        142       3062          0         16      15523   inv_mpu_dmp_motion_driver.o
      1668         42          0          5          0       2083   key.o
       252         26          0          0          0       1005   led.o
       796         18          0          0          0       2184   log_stm32.o
      2988        120          0        164          0     313204   main.o
        44          4          0          4          0       1426   message_layer.o
       224         20          0          0          0       1853   misc.o
      4148        114       1024          0          0      16933   ml_math_func.o
      7642        408          0          8          0      10627   motor.o
       240         58         47          0          0       2170   mpl.o
      1072         20          0          0          0       4972   mpu9250.o
       612         14          0          0          0       1932   mpuiic.o
      1800        208         16          8         33       5629   nrf24l01.o
      6408        106       6080       1028       1024      10343   oled.o
       840         48          0          0        448       3595   pid.o
      1396         46          0          0          0       3209   pwm.o
      1032         18          0          0        136       9733   results_holder.o
      1940        106          0        104        468       5434   sonic.o
       272          8          0          0          0       1121   spi.o
       184          6          0          0         84       2282   start_manager.o
        36          8        392          0       1536        836   startup_stm32f40_41xxx.o
       936         32          0          0          0       6429   stm32f4xx_dma.o
       272         10          0          0          0       2319   stm32f4xx_exti.o
       660         44          0          0          0       4193   stm32f4xx_gpio.o
        26          0          0          0          0       1238   stm32f4xx_it.o
      1628         52          0         16          0      13088   stm32f4xx_rcc.o
      1152         36          0          0          0       6941   stm32f4xx_spi.o
       148         12          0          0          0       1861   stm32f4xx_syscfg.o
      3234         60          0          0          0      23048   stm32f4xx_tim.o
      1108         34          0          0          0       7916   stm32f4xx_usart.o
       548          6          0          0        408       3726   storage_manager.o
       528         46          0         20          0       1831   system_stm32f4xx.o
        92          4          0         32          0       1105   timer.o
       208         14          0         62          0       3916   usart.o
      1084         48          0          9        100       3504   usart2dma.o
       448         20          0          0          0       2767   usart3dma.o
      1784        108          0         14        184       5956   usart4dma.o
       944         36          0          1         58       2639   usartdma.o
       148         10          0          0          0        758   xunji.o

    ----------------------------------------------------------------------
     84608       4420      11352       2296       5484     607743   Object Totals
         0          0         32          0          0          0   (incl. Generated)
         6          0          6         11          9          0   (incl. Padding)

    ----------------------------------------------------------------------

      Code (inc. data)   RO Data    RW Data    ZI Data      Debug   Library Member Name

      2796        150          0          0       1208       9108   accel_auto_cal.o
      7772        154          0         16       1120      19264   compass_vec_cal.o
      2548         42          0          0        672      13408   fast_no_motion.o
      1628         54          0          0        312       5308   fusion_9axis.o
      1212         30          0          0        452       5515   gyro_tc.o
      1360         46          0          0        184       7270   mag_disturb.o
      2368        102          0          0        108       5409   quaternion_supervisor.o
       856        118         80          0          0        288   acos.o
       296         46          0          0          0        300   acosf.o
       864         94         80          0          0        280   asin.o
       300         42          0          0          0        176   asinf.o
       744        106        152          0          0        352   atan.o
       496         64          0          0          0        192   atan2.o
       592         90          0          0          0        184   atan2f.o
       216         20          0          0          0        288   cos.o
       368         46         48          0          0        200   cos_i.o
       352         56          0          0          0        260   cosf.o
       152         36          0          0          0        620   dunder.o
        44          0          0          0          0        248   fabs.o
        48          0          0          0          0        124   fpclassify.o
        38          0          0          0          0        116   fpclassifyf.o
        44         12          0          0          0        464   funder.o
       980         92         56          0          0        440   log.o
       248          0          0          0          0        152   poly.o
         0          0          8          0          0          0   qnan.o
      1080        142        200          0          0        188   rred.o
       340         24         32          0          0        160   rredf.o
       200         20          0          0          0        164   sin.o
       304         24         40          0          0        208   sin_i.o
       416         56          0          0          0        336   sinf.o
       232          0          0          0          0        296   sqrt.o
       120          0          0          0          0        272   sqrtf.o
        86          0          0          0          0          0   __dczerorl2.o
         0          0          0          0          0          0   entry.o
         0          0          0          0          0          0   entry10a.o
         0          0          0          0          0          0   entry11a.o
         8          4          0          0          0          0   entry2.o
         4          0          0          0          0          0   entry5.o
         0          0          0          0          0          0   entry7b.o
         0          0          0          0          0          0   entry8b.o
         8          4          0          0          0          0   entry9a.o
        12          6          0          4          0         68   errno.o
        30          0          0          0          0          0   handlers.o
        36          8          0          0          0         68   init.o
         0          0          0          0          0          0   iusefp.o
        98          0          0          0          0         84   ldiv.o
        30          0          0          0          0         68   llshl.o
        36          0          0          0          0         68   llsshr.o
        32          0          0          0          0         68   llushr.o
       188         20          0          0          0        160   malloc.o
        26          0          0          0          0         80   memcmp.o
        64          0          0          0          0         76   memmovea.o
        36          0          0          0          0        108   memseta.o
         0          0          0          8          0          0   mvars.o
      2272         96          0          0          0        592   printfa.o
        44          0          0          0          0         80   uidiv.o
        98          0          0          0          0         92   uldiv.o
        48          0          0          0          0         68   cdcmple.o
        48          0          0          0          0         68   cdrcmple.o
        20          0          0          0          0         68   cfcmple.o
        20          0          0          0          0         68   cfrcmple.o
        56          0          0          0          0         88   d2f.o
       334          0          0          0          0        148   dadd.o
       222          0          0          0          0        100   ddiv.o
       186          0          0          0          0        176   depilogue.o
        62          0          0          0          0         80   dfixi.o
        48          0          0          0          0         68   dfixul.o
        34          0          0          0          0         76   dflti.o
        26          0          0          0          0         76   dfltui.o
       228          0          0          0          0         96   dmul.o
        46          0          0          0          0         80   dscalb.o
       162          0          0          0          0        100   dsqrt.o
        38          0          0          0          0         68   f2d.o
       176          0          0          0          0        140   fadd.o
       124          0          0          0          0         88   fdiv.o
       110          0          0          0          0        168   fepilogue.o
        50          0          0          0          0         68   ffixi.o
        66          0          0          0          0         76   ffixl.o
        18          0          0          0          0         68   fflti.o
        44          0          0          0          0         92   ffltl.o
        10          0          0          0          0         68   ffltui.o
       100          0          0          0          0         76   fmul.o
        24          0          0          0          0         68   fscalb.o

    ----------------------------------------------------------------------
     34448       1812        696         28       4056      75542   Library Totals
        26          8          0          0          0          0   (incl. Padding)

    ----------------------------------------------------------------------

      Code (inc. data)   RO Data    RW Data    ZI Data      Debug   Library Name

     19684        578          0         16       4056      65282   libmpllib.lib
      9330       1088        696          0          0       6308   m_wm.l
      3108        138          0         12          0       1612   mc_w.l
      2300          0          0          0          0       2340   mf_w.l

    ----------------------------------------------------------------------
     34448       1812        696         28       4056      75542   Library Totals

    ----------------------------------------------------------------------

==============================================================================


      Code (inc. data)   RO Data    RW Data    ZI Data      Debug   

    119056       6232      12048       2324       9540     666241   Grand Totals
    119056       6232      12048        836       9540     666241   ELF Image Totals (compressed)
    119056       6232      12048        836          0          0   ROM Totals

==============================================================================

    Total RO  Size (Code + RO Data)               131104 ( 128.03kB)
    Total RW  Size (RW Data + ZI Data)             11864 (  11.59kB)
    Total ROM Size (Code + RO Data + RW Data)     131940 ( 128.85kB)

==============================================================================

