<html>
<body>
<pre>
<h1>礦ision Build Log</h1>
<h2>Tool Versions:</h2>
IDE-Version: μVision V5.18.0.0
Copyright (C) 2016 ARM Ltd and ARM Germany GmbH. All rights reserved.
License Information: jj 化魔, ss, LIC=Q7GX7-EV611-06BQU-SXPAF-NB0KI-5ZE5W
 
Tool Versions:
Toolchain:       MDK-ARM Professional  Version: 5.18
Toolchain Path:  D:\keil5\ARM\ARMCC\Bin
C Compiler:      Armcc.exe V5.06 update 1 (build 61)
Assembler:       Armasm.exe V5.06 update 1 (build 61)
Linker/Locator:  ArmLink.exe V5.06 update 1 (build 61)
Library Manager: ArmAr.exe V5.06 update 1 (build 61)
Hex Converter:   FromElf.exe V5.06 update 1 (build 61)
CPU DLL:         SARMCM3.DLL V5.18
Dialog DLL:      DCM.DLL V1.13.6.0
Target DLL:      CMSIS_AGDI.dll V1.25.7.0
Dialog DLL:      TCM.DLL V1.14.8.0
 
<h2>Project:</h2>
C:\Users\huamo\Desktop\可用代码GYM\电赛\代码\主车\USER\MPU9250.uvprojx
Project File Date:  11/07/2021

<h2>Output:</h2>
*** Using Compiler 'V5.06 update 1 (build 61)', folder: 'D:\keil5\ARM\ARMCC\Bin'
Build target 'MPU9250'
compiling mpuiic.c...
compiling stm32f4xx_it.c...
compiling key.c...
..\HARDWARE\KEY\key.c(504): warning:  #1-D: last line of file ends without a newline
  //		}
..\HARDWARE\KEY\key.c: 1 warning, 0 errors
compiling mpu9250.c...
compiling led.c...
compiling system_stm32f4xx.c...
compiling main.c...
compiling oled.c...
compiling encoder.c...
..\HARDWARE\ENCODER\encoder.c(292): warning:  #1-D: last line of file ends without a newline
  }
..\HARDWARE\ENCODER\encoder.c: 1 warning, 0 errors
compiling pid.c...
..\HARDWARE\PID\pid.c(72): warning:  #177-D: variable "Proportion_L" was declared but never referenced
  	static double   Proportion_L=8;                               //?????? Proportional Const
..\HARDWARE\PID\pid.c(73): warning:  #177-D: variable "Integral_L" was declared but never referenced
  	static double   Integral_L=0.2;                                 //?殖??? Integral Const
..\HARDWARE\PID\pid.c(74): warning:  #177-D: variable "Derivative_L" was declared but never referenced
  	static double   Derivative_L=0;  
..\HARDWARE\PID\pid.c: 3 warnings, 0 errors
compiling xunji.c...
compiling control.c...
compiling motor.c...
..\HARDWARE\MOTOR\motor.c(1338): warning:  #1-D: last line of file ends without a newline
  }
..\HARDWARE\MOTOR\motor.c: 1 warning, 0 errors
compiling filter.c...
compiling pwm.c...
..\HARDWARE\PWM\pwm.c(292): warning:  #177-D: variable "NVIC_InitStructure" was declared but never referenced
  	NVIC_InitTypeDef NVIC_InitStructure;
..\HARDWARE\PWM\pwm.c: 1 warning, 0 errors
compiling exti.c...
..\HARDWARE\EXTI\exti.c(183): warning:  #177-D: variable "FLAG1" was declared but never referenced
  	static int FLAG1=0;
..\HARDWARE\EXTI\exti.c(709): warning:  #177-D: variable "GPIO_InitStructure" was declared but never referenced
  	GPIO_InitTypeDef  GPIO_InitStructure;
..\HARDWARE\EXTI\exti.c(753): warning:  #177-D: variable "GPIO_InitStructure" was declared but never referenced
  	GPIO_InitTypeDef  GPIO_InitStructure;
..\HARDWARE\EXTI\exti.c(818): warning:  #177-D: variable "GPIO_InitStructure" was declared but never referenced
  	GPIO_InitTypeDef  GPIO_InitStructure;
..\HARDWARE\EXTI\exti.c(860): warning:  #177-D: variable "GPIO_InitStructure" was declared but never referenced
  	GPIO_InitTypeDef  GPIO_InitStructure;
..\HARDWARE\EXTI\exti.c(902): warning:  #177-D: variable "GPIO_InitStructure" was declared but never referenced
  	GPIO_InitTypeDef  GPIO_InitStructure;
..\HARDWARE\EXTI\exti.c(944): warning:  #177-D: variable "GPIO_InitStructure" was declared but never referenced
  	GPIO_InitTypeDef  GPIO_InitStructure;
..\HARDWARE\EXTI\exti.c: 7 warnings, 0 errors
compiling sonic.c...
compiling duoji.c...
compiling dongzuo.c...
compiling bujin.c...
..\HARDWARE\bujin\bujin.c(214): warning:  #177-D: variable "MS8" was declared but never referenced
  	static unsigned int MS6=0,MS7=0,MS8=0,MS9=0;
..\HARDWARE\bujin\bujin.c(214): warning:  #177-D: variable "MS9" was declared but never referenced
  	static unsigned int MS6=0,MS7=0,MS8=0,MS9=0;
..\HARDWARE\bujin\bujin.c: 2 warnings, 0 errors
compiling timer.c...
compiling usartdma.c...
..\HARDWARE\USART1.DMA\usartdma.c(192): warning:  #550-D: variable "UART1_Rec_Len" was set but never used
  	static uint8_t UART1_Rec_Len = 0;
..\HARDWARE\USART1.DMA\usartdma.c(194): warning:  #550-D: variable "t" was set but never used
  	int t;
..\HARDWARE\USART1.DMA\usartdma.c: 2 warnings, 0 errors
compiling usart2dma.c...
..\HARDWARE\USART2.DMA\usart2dma.c(212): warning:  #550-D: variable "Uart2_Rec_Len" was set but never used
  	static uint8_t Uart2_Rec_Len = 0;
..\HARDWARE\USART2.DMA\usart2dma.c(213): warning:  #177-D: variable "bit_number" was declared but never referenced
  	static u8 bit_number=0;
..\HARDWARE\USART2.DMA\usart2dma.c(214): warning:  #177-D: variable "state" was declared but never referenced
  	static u8 state = 0;
..\HARDWARE\USART2.DMA\usart2dma.c(215): warning:  #177-D: variable "res" was declared but never referenced
  	char res[10];
..\HARDWARE\USART2.DMA\usart2dma.c(216): warning:  #177-D: variable "t" was declared but never referenced
  	int t;
..\HARDWARE\USART2.DMA\usart2dma.c(217): warning:  #177-D: variable "i" was declared but never referenced
  	u8 i;
..\HARDWARE\USART2.DMA\usart2dma.c: 6 warnings, 0 errors
compiling spi.c...
compiling nrf24l01.c...
..\HARDWARE\NRF24L01\nrf24l01.c(551): warning:  #1-D: last line of file ends without a newline
  }
..\HARDWARE\NRF24L01\nrf24l01.c: 1 warning, 0 errors
compiling usart3DMA.c...
..\HARDWARE\USART3.DMA\usart3DMA.c(272): warning:  #550-D: variable "Res" was set but never used
  	int16_t Res;
..\HARDWARE\USART3.DMA\usart3DMA.c(273): warning:  #177-D: variable "state" was declared but never referenced
  	static u8 state = 0;	
..\HARDWARE\USART3.DMA\usart3DMA.c(274): warning:  #177-D: variable "bit_number" was declared but never referenced
  	static u8 bit_number=0;
..\HARDWARE\USART3.DMA\usart3DMA.c(275): warning:  #177-D: variable "i" was declared but never referenced
    u8 i;	
..\HARDWARE\USART3.DMA\usart3DMA.c(276): warning:  #177-D: variable "openmv" was declared but never referenced
  	static u16 openmv[9];	//??取??
..\HARDWARE\USART3.DMA\usart3DMA.c: 5 warnings, 0 errors
compiling adc.c...
compiling usart4dma.c...
..\HARDWARE\USART4.DMA\usart4dma.c(269): warning:  #177-D: variable "distance" was declared but never referenced
  		uint16_t distance=0;
..\HARDWARE\USART4.DMA\usart4dma.c(261): warning:  #550-D: variable "Uart4_Rec_Len" was set but never used
  	static uint8_t Uart4_Rec_Len = 0;
..\HARDWARE\USART4.DMA\usart4dma.c(262): warning:  #177-D: variable "t" was declared but never referenced
  	int t;
..\HARDWARE\USART4.DMA\usart4dma.c(263): warning:  #177-D: variable "i" was declared but never referenced
  	static uint8_t i=0;
..\HARDWARE\USART4.DMA\usart4dma.c(264): warning:  #177-D: variable "sum" was declared but never referenced
  	uint8_t sum=0;
..\HARDWARE\USART4.DMA\usart4dma.c(365): warning:  #177-D: variable "y" was declared but never referenced
  	unsigned char y=0;
..\HARDWARE\USART4.DMA\usart4dma.c: 6 warnings, 0 errors
compiling delay.c...
assembling startup_stm32f40_41xxx.s...
compiling usart.c...
compiling misc.c...
compiling sys.c...
compiling stm32f4xx_gpio.c...
compiling stm32f4xx_fsmc.c...
compiling stm32f4xx_rcc.c...
compiling stm32f4xx_syscfg.c...
compiling stm32f4xx_usart.c...
compiling stm32f4xx_exti.c...
compiling stm32f4xx_tim.c...
compiling stm32f4xx_dma.c...
compiling stm32f4xx_spi.c...
compiling stm32f4xx_adc.c...
compiling eMPL_outputs.c...
compiling data_builder.c...
compiling message_layer.c...
compiling hal_outputs.c...
compiling ml_math_func.c...
compiling inv_mpu.c...
compiling mlmath.c...
compiling results_holder.c...
compiling mpl.c...
compiling log_stm32.c...
compiling inv_mpu_dmp_motion_driver.c...
compiling start_manager.c...
compiling storage_manager.c...
linking...
Program Size: Code=119056 RO-data=12048 RW-data=2324 ZI-data=9540  
FromELF: creating hex file...
"..\OBJ\MPU6050.axf" - 0 Error(s), 36 Warning(s).

<h2>Collection of Component include folders:</h2>
  C:\Users\huamo\Desktop\可用代码GYM\电赛\代码\主车\USER\RTE
  D:\keil5\ARM\PACK\Keil\STM32F4xx_DFP\2.15.0\Drivers\CMSIS\Device\ST\STM32F4xx\Include

<h2>Collection of Component Files used:</h2>
Build Time Elapsed:  00:00:30
</pre>
</body>
</html>
